Archive member included to satisfy reference by file (symbol)

C:/devkitPro/libctru/lib\libcitro2d.a(base.o)
                              main.o (C2D_Init)
C:/devkitPro/libctru/lib\libcitro2d.a(spritesheet.o)
                              main.o (C2D_SpriteSheetLoad)
C:/devkitPro/libctru/lib\libcitro2d.a(render2d.shbin.o)
                              C:/devkitPro/libctru/lib\libcitro2d.a(base.o) (render2d_shbin)
C:/devkitPro/libctru/lib\libcitro3d.a(base.o)
                              main.o (C3D_Init)
C:/devkitPro/libctru/lib\libcitro3d.a(renderqueue.o)
                              C:/devkitPro/libctru/lib\libcitro3d.a(base.o) (C3Di_RenderQueueEnableVBlank)
C:/devkitPro/libctru/lib\libcitro3d.a(texture.o)
                              C:/devkitPro/libctru/lib\libcitro2d.a(base.o) (C3D_TexBind)
C:/devkitPro/libctru/lib\libcitro3d.a(tex3ds.o)
                              C:/devkitPro/libctru/lib\libcitro2d.a(spritesheet.o) (Tex3DS_TextureImport)
C:/devkitPro/libctru/lib\libcitro3d.a(framebuffer.o)
                              C:/devkitPro/libctru/lib\libcitro3d.a(renderqueue.o) (C3D_CalcColorBufSize)
C:/devkitPro/libctru/lib\libcitro3d.a(texenv.o)
                              C:/devkitPro/libctru/lib\libcitro2d.a(base.o) (C3D_GetTexEnv)
C:/devkitPro/libctru/lib\libcitro3d.a(drawElements.o)
                              C:/devkitPro/libctru/lib\libcitro2d.a(base.o) (C3D_DrawElements)
C:/devkitPro/libctru/lib\libcitro3d.a(proctex.o)
                              C:/devkitPro/libctru/lib\libcitro2d.a(base.o) (C3D_ProcTexInit)
C:/devkitPro/libctru/lib\libcitro3d.a(buffers.o)
                              C:/devkitPro/libctru/lib\libcitro2d.a(base.o) (BufInfo_Init)
C:/devkitPro/libctru/lib\libcitro3d.a(effect.o)
                              C:/devkitPro/libctru/lib\libcitro3d.a(base.o) (C3D_DepthMap)
C:/devkitPro/libctru/lib\libcitro3d.a(attribs.o)
                              C:/devkitPro/libctru/lib\libcitro2d.a(base.o) (AttrInfo_Init)
C:/devkitPro/libctru/lib\libcitro3d.a(immediate.o)
                              C:/devkitPro/libctru/lib\libcitro3d.a(base.o) (C3D_ImmSendAttrib)
C:/devkitPro/libctru/lib\libcitro3d.a(uniforms.o)
                              C:/devkitPro/libctru/lib\libcitro3d.a(base.o) (C3D_UpdateUniforms)
C:/devkitPro/libctru/lib\libcitro3d.a(mtx_ortho.o)
                              C:/devkitPro/libctru/lib\libcitro2d.a(base.o) (Mtx_Ortho)
C:/devkitPro/libctru/lib\libcitro3d.a(mtx_scale.o)
                              C:/devkitPro/libctru/lib\libcitro2d.a(base.o) (Mtx_Scale)
C:/devkitPro/libctru/lib\libcitro3d.a(mtx_multiply.o)
                              C:/devkitPro/libctru/lib\libcitro2d.a(base.o) (Mtx_Multiply)
C:/devkitPro/libctru/lib\libcitro3d.a(mtx_orthotilt.o)
                              C:/devkitPro/libctru/lib\libcitro2d.a(base.o) (Mtx_OrthoTilt)
C:/devkitPro/libctru/lib\libcitro3d.a(mtx_translate.o)
                              C:/devkitPro/libctru/lib\libcitro2d.a(base.o) (Mtx_Translate)
C:/devkitPro/libctru/lib\libcitro3d.a(mtx_rotatez.o)
                              C:/devkitPro/libctru/lib\libcitro2d.a(base.o) (Mtx_RotateZ)
C:/devkitPro/libctru/lib\libctru.a(vram.o)
                              C:/devkitPro/libctru/lib\libcitro3d.a(renderqueue.o) (vramAlloc)
C:/devkitPro/libctru/lib\libctru.a(linear.o)
                              C:/devkitPro/libctru/lib\libcitro2d.a(base.o) (linearAlloc)
C:/devkitPro/libctru/lib\libctru.a(mem_pool.o)
                              C:/devkitPro/libctru/lib\libctru.a(vram.o) (MemPool::Allocate(MemChunk&, unsigned long, int))
C:/devkitPro/libctru/lib\libctru.a(romfs_dev.o)
                              main.o (romfsMountSelf)
C:/devkitPro/libctru/lib\libctru.a(os.o)
                              C:/devkitPro/libctru/lib\libcitro3d.a(texture.o) (osConvertVirtToPhys)
C:/devkitPro/libctru/lib\libctru.a(console.o)
                              main.o (consoleInit)
C:/devkitPro/libctru/lib\libctru.a(path_buf.o)
                              C:/devkitPro/libctru/lib\libctru.a(romfs_dev.o) (__ctru_dev_utf16_buf)
C:/devkitPro/libctru/lib\libctru.a(gfx.o)
                              C:/devkitPro/libctru/lib\libcitro2d.a(base.o) (gfxIsWide)
C:/devkitPro/libctru/lib\libctru.a(shaderProgram.o)
                              C:/devkitPro/libctru/lib\libcitro2d.a(base.o) (shaderInstanceGetUniformLocation)
C:/devkitPro/libctru/lib\libctru.a(shbin.o)
                              C:/devkitPro/libctru/lib\libcitro2d.a(base.o) (DVLB_ParseFile)
C:/devkitPro/libctru/lib\libctru.a(gx.o)
                              C:/devkitPro/libctru/lib\libcitro3d.a(renderqueue.o) (GX_BindQueue)
C:/devkitPro/libctru/lib\libctru.a(gxqueue.o)
                              C:/devkitPro/libctru/lib\libcitro3d.a(renderqueue.o) (gxCmdQueueClear)
C:/devkitPro/libctru/lib\libctru.a(gpu.o)
                              C:/devkitPro/libctru/lib\libcitro3d.a(base.o) (gpuCmdBufOffset)
[...]
Memory Configuration

Name             Origin             Length             Attributes
*default*        0x0000000000000000 0xffffffffffffffff

Linker script and memory map

                0x0000000000100000                PROVIDE (__start__ = 0x100000)
                0x0000000000100000                . = __start__

.text           0x0000000000100000    0x29c68
 *(.crt0)
 .crt0          0x0000000000100000       0x94 c:/devkitpro/devkitarm/bin/../lib/gcc/arm-none-eabi/12.1.0/../../../../arm-none-eabi/lib/armv6k/fpu/3dsx_crt0.o
                0x0000000000100000                _start
                0x0000000000100008                __service_ptr
                0x000000000010000c                __apt_appid
                0x0000000000100010                __heap_size
                0x0000000000100014                __linear_heap_size
                0x0000000000100018                __system_arglist
                0x000000000010001c                __system_runflags
 *(.init)
 .init          0x0000000000100094        0xc c:/devkitpro/devkitarm/bin/../lib/gcc/arm-none-eabi/12.1.0/armv6k/fpu/crti.o
                0x0000000000100094                _init
 .init          0x00000000001000a0        0xc c:/devkitpro/devkitarm/bin/../lib/gcc/arm-none-eabi/12.1.0/armv6k/fpu/crtn.o
                0x00000000001000ac                . = ALIGN (0x4)
 *(.text)
 .text          0x00000000001000ac      0x20c c:/devkitpro/devkitarm/bin/../lib/gcc/arm-none-eabi/12.1.0/armv6k/fpu\libgcc.a(_udivsi3.o)
                0x00000000001000ac                __aeabi_uidiv
                0x00000000001000ac                __udivsi3
                0x0000000000100298                __aeabi_uidivmod
 .text          0x00000000001002b8      0x240 c:/devkitpro/devkitarm/bin/../lib/gcc/arm-none-eabi/12.1.0/armv6k/fpu\libgcc.a(_divsi3.o)
                0x00000000001002b8                __divsi3
                0x00000000001002b8                __aeabi_idiv
                0x00000000001004d8                __aeabi_idivmod
 .text          0x00000000001004f8        0x4 c:/devkitpro/devkitarm/bin/../lib/gcc/arm-none-eabi/12.1.0/armv6k/fpu\libgcc.a(_dvmd_tls.o)
                0x00000000001004f8                __aeabi_idiv0
                0x00000000001004f8                __aeabi_ldiv0
 .text          0x00000000001004fc      0x3c0 c:/devkitpro/devkitarm/bin/../lib/gcc/arm-none-eabi/12.1.0/armv6k/fpu\libgcc.a(_arm_addsubdf3.o)
                0x00000000001004fc                __aeabi_drsub
                0x0000000000100504                __aeabi_dsub
                0x0000000000100504                __subdf3
                0x0000000000100508                __aeabi_dadd
                0x0000000000100508                __adddf3
                0x00000000001007b4                __floatunsidf
                0x00000000001007b4                __aeabi_ui2d
                0x00000000001007d8                __floatsidf
                0x00000000001007d8                __aeabi_i2d
                0x0000000000100800                __aeabi_f2d
                0x0000000000100800                __extendsfdf2
                0x0000000000100848                __floatundidf
                0x0000000000100848                __aeabi_ul2d
                0x000000000010085c                __floatdidf
                0x000000000010085c                __aeabi_l2d
 .text          0x00000000001008bc       0xd4 c:/devkitpro/devkitarm/bin/../lib/gcc/arm-none-eabi/12.1.0/armv6k/fpu\libgcc.a(_aeabi_ldivmod.o)
                0x00000000001008bc                __aeabi_ldivmod
 .text          0x0000000000100990       0x3c c:/devkitpro/devkitarm/bin/../lib/gcc/arm-none-eabi/12.1.0/armv6k/fpu\libgcc.a(_aeabi_uldivmod.o)
                0x0000000000100990                __aeabi_uldivmod
 *fill*         0x00000000001009cc       0x14 
 .text          0x00000000001009e0      0x390 c:/devkitpro/devkitarm/bin/../lib/gcc/arm-none-eabi/12.1.0/../../../../arm-none-eabi/lib/armv6k/fpu\libg.a(lib_a-strcmp.o)
                0x00000000001009e8                strcmp
 *(.text.*)
 .text.__do_global_dtors_aux
                0x0000000000100d70       0x40 c:/devkitpro/devkitarm/bin/../lib/gcc/arm-none-eabi/12.1.0/armv6k/fpu/crtbegin.o
 .text.frame_dummy
                0x0000000000100db0       0x2c c:/devkitpro/devkitarm/bin/../lib/gcc/arm-none-eabi/12.1.0/armv6k/fpu/crtbegin.o
 .text.startup.main
                0x0000000000100ddc      0x210 main.o
                0x0000000000100ddc                main
 .text.C2Di_FrameEndHook
                0x0000000000100fec       0x44 C:/devkitPro/libctru/lib\libcitro2d.a(base.o)
 .text.C2D_Init
                0x0000000000101030      0x36c C:/devkitPro/libctru/lib\libcitro2d.a(base.o)
                0x0000000000101030                C2D_Init
 .text.C2D_Fini
                0x000000000010139c       0x4c C:/devkitPro/libctru/lib\libcitro2d.a(base.o)
                0x000000000010139c                C2D_Fini
 .text.C2D_Prepare
                0x00000000001013e8       0xb8 C:/devkitPro/libctru/lib\libcitro2d.a(base.o)
                0x00000000001013e8                C2D_Prepare
 .text.C2D_Flush
                0x00000000001014a0       0x48 C:/devkitPro/libctru/lib\libcitro2d.a(base.o)
                0x00000000001014a0                C2D_Flush
 .text.C2D_SceneSize
                0x00000000001014e8      0x104 C:/devkitPro/libctru/lib\libcitro2d.a(base.o)
                0x00000000001014e8                C2D_SceneSize
 .text.C2D_CreateScreenTarget
                0x00000000001015ec       0x58 C:/devkitPro/libctru/lib\libcitro2d.a(base.o)
                0x00000000001015ec                C2D_CreateScreenTarget
 .text.C2D_TargetClear
                0x0000000000101644       0x64 C:/devkitPro/libctru/lib\libcitro2d.a(base.o)
                0x0000000000101644                C2D_TargetClear
 .text.C2D_SpriteSheetLoadFromHandle
                0x00000000001016a8       0x6c C:/devkitPro/libctru/lib\libcitro2d.a(spritesheet.o)
                0x00000000001016a8                C2D_SpriteSheetLoadFromHandle
 .text.C2D_SpriteSheetLoad
                0x0000000000101714       0x48 C:/devkitPro/libctru/lib\libcitro2d.a(spritesheet.o)
                0x0000000000101714                C2D_SpriteSheetLoad
 .text.C2D_SpriteSheetFree
                0x000000000010175c       0x28 C:/devkitPro/libctru/lib\libcitro2d.a(spritesheet.o)
                0x000000000010175c                C2D_SpriteSheetFree
 .text.C2D_SpriteSheetGetImage
                0x0000000000101784       0x2c C:/devkitPro/libctru/lib\libcitro2d.a(spritesheet.o)
                0x0000000000101784                C2D_SpriteSheetGetImage
 .text.C3Di_LightEnvUpdate
                0x00000000001017b0        0x4 C:/devkitPro/libctru/lib\libcitro3d.a(base.o)
                0x00000000001017b0                C3Di_LightEnvUpdate
 .text.C3Di_LightEnvDirty
                0x00000000001017b4        0x4 C:/devkitPro/libctru/lib\libcitro3d.a(base.o)
                0x00000000001017b4                C3Di_LightEnvDirty
 .text.C3Di_AptEventHook
                0x00000000001017b8       0xb4 C:/devkitPro/libctru/lib\libcitro3d.a(base.o)
 .text.C3Di_GasUpdate
                0x000000000010186c        0x4 C:/devkitPro/libctru/lib\libcitro3d.a(base.o)
                0x000000000010186c                C3Di_GasUpdate
 .text.C3D_Init
                0x0000000000101870      0x1e0 C:/devkitPro/libctru/lib\libcitro3d.a(base.o)
                0x0000000000101870                C3D_Init
 .text.C3D_SetViewport
                0x0000000000101a50       0x98 C:/devkitPro/libctru/lib\libcitro3d.a(base.o)
                0x0000000000101a50                C3D_SetViewport
 .text.C3Di_UpdateContext
                0x0000000000101ae8      0x4e8 C:/devkitPro/libctru/lib\libcitro3d.a(base.o)
                0x0000000000101ae8                C3Di_UpdateContext
 .text.C3Di_SplitFrame
                0x0000000000101fd0       0xe0 C:/devkitPro/libctru/lib\libcitro3d.a(base.o)
                0x0000000000101fd0                C3Di_SplitFrame
 .text.C3D_GetCmdBufUsage
                0x00000000001020b0       0x10 C:/devkitPro/libctru/lib\libcitro3d.a(base.o)
                0x00000000001020b0                C3D_GetCmdBufUsage
 .text.C3D_Fini
                0x00000000001020c0       0x44 C:/devkitPro/libctru/lib\libcitro3d.a(base.o)
                0x00000000001020c0                C3D_Fini
 .text.C3D_BindProgram
                0x0000000000102104      0x114 C:/devkitPro/libctru/lib\libcitro3d.a(base.o)
                0x0000000000102104                C3D_BindProgram
 .text.onVBlank0
                0x0000000000102218       0x4c C:/devkitPro/libctru/lib\libcitro3d.a(renderqueue.o)
 .text.onVBlank1
                0x0000000000102264       0x4c C:/devkitPro/libctru/lib\libcitro3d.a(renderqueue.o)
 .text.C3Di_RenderTargetDestroy
                0x00000000001022b0       0x80 C:/devkitPro/libctru/lib\libcitro3d.a(renderqueue.o)
 .text.onQueueFinish
                0x0000000000102330       0xf4 C:/devkitPro/libctru/lib\libcitro3d.a(renderqueue.o)
 .text.C3Di_RenderQueueEnableVBlank
                0x0000000000102424       0x38 C:/devkitPro/libctru/lib\libcitro3d.a(renderqueue.o)
                0x0000000000102424                C3Di_RenderQueueEnableVBlank
 .text.C3Di_RenderQueueDisableVBlank
                0x000000000010245c       0x30 C:/devkitPro/libctru/lib\libcitro3d.a(renderqueue.o)
                0x000000000010245c                C3Di_RenderQueueDisableVBlank
 .text.C3Di_RenderQueueInit
                0x000000000010248c       0x60 C:/devkitPro/libctru/lib\libcitro3d.a(renderqueue.o)
                0x000000000010248c                C3Di_RenderQueueInit
 .text.C3Di_RenderQueueExit
                0x00000000001024ec       0xb0 C:/devkitPro/libctru/lib\libcitro3d.a(renderqueue.o)
                0x00000000001024ec                C3Di_RenderQueueExit
 .text.C3Di_RenderQueueWaitDone
                0x000000000010259c       0x34 C:/devkitPro/libctru/lib\libcitro3d.a(renderqueue.o)
                0x000000000010259c                C3Di_RenderQueueWaitDone
 .text.C3D_FrameBegin
                0x00000000001025d0       0xe4 C:/devkitPro/libctru/lib\libcitro3d.a(renderqueue.o)
                0x00000000001025d0                C3D_FrameBegin
 .text.C3D_FrameDrawOn
                0x00000000001026b4       0x48 C:/devkitPro/libctru/lib\libcitro3d.a(renderqueue.o)
                0x00000000001026b4                C3D_FrameDrawOn
 .text.C3D_FrameSplit
                0x00000000001026fc       0x58 C:/devkitPro/libctru/lib\libcitro3d.a(renderqueue.o)
                0x00000000001026fc                C3D_FrameSplit
 .text.C3D_FrameEnd
                0x0000000000102754      0x1d8 C:/devkitPro/libctru/lib\libcitro3d.a(renderqueue.o)
                0x0000000000102754                C3D_FrameEnd
 .text.C3D_FrameEndHook
                0x000000000010292c       0x1c C:/devkitPro/libctru/lib\libcitro3d.a(renderqueue.o)
                0x000000000010292c                C3D_FrameEndHook
 .text.C3D_GetDrawingTime
                0x0000000000102948       0x18 C:/devkitPro/libctru/lib\libcitro3d.a(renderqueue.o)
                0x0000000000102948                C3D_GetDrawingTime
 .text.C3D_GetProcessingTime
                0x0000000000102960       0x18 C:/devkitPro/libctru/lib\libcitro3d.a(renderqueue.o)
                0x0000000000102960                C3D_GetProcessingTime
 .text.C3D_RenderTargetCreate
                0x0000000000102978      0x184 C:/devkitPro/libctru/lib\libcitro3d.a(renderqueue.o)
                0x0000000000102978                C3D_RenderTargetCreate
 .text.C3D_RenderTargetSetOutput
                0x0000000000102afc       0xa8 C:/devkitPro/libctru/lib\libcitro3d.a(renderqueue.o)
                0x0000000000102afc                C3D_RenderTargetSetOutput
 .text.C3D_SyncTextureCopy
                0x0000000000102ba4       0xfc C:/devkitPro/libctru/lib\libcitro3d.a(renderqueue.o)
                0x0000000000102ba4                C3D_SyncTextureCopy
 .text.C3D_TexInitWithParams
                0x0000000000102ca0      0x294 C:/devkitPro/libctru/lib\libcitro3d.a(texture.o)
                0x0000000000102ca0                C3D_TexInitWithParams
 .text.C3D_TexLoadImage
                0x0000000000102f34       0xc8 C:/devkitPro/libctru/lib\libcitro3d.a(texture.o)
                0x0000000000102f34                C3D_TexLoadImage
 .text.C3D_TexDelete
                0x0000000000102ffc       0x74 C:/devkitPro/libctru/lib\libcitro3d.a(texture.o)
                0x0000000000102ffc                C3D_TexDelete
 .text.C3Di_SetTex
                0x0000000000103070      0x16c C:/devkitPro/libctru/lib\libcitro3d.a(texture.o)
                0x0000000000103070                C3Di_SetTex
 .text.Tex3DSi_ImportCommon
                0x00000000001031dc      0x3f4 C:/devkitPro/libctru/lib\libcitro3d.a(tex3ds.o)
 .text.Tex3DS_TextureImportStdio
                0x00000000001035d0       0x38 C:/devkitPro/libctru/lib\libcitro3d.a(tex3ds.o)
                0x00000000001035d0                Tex3DS_TextureImportStdio
 .text.Tex3DS_GetSubTexture
                0x0000000000103608       0x1c C:/devkitPro/libctru/lib\libcitro3d.a(tex3ds.o)
                0x0000000000103608                Tex3DS_GetSubTexture
 .text.Tex3DS_TextureFree
                0x0000000000103624        0x4 C:/devkitPro/libctru/lib\libcitro3d.a(tex3ds.o)
                0x0000000000103624                Tex3DS_TextureFree
 .text.C3D_CalcColorBufSize
                0x0000000000103628       0x1c C:/devkitPro/libctru/lib\libcitro3d.a(framebuffer.o)
                0x0000000000103628                C3D_CalcColorBufSize
 .text.C3D_CalcDepthBufSize
                0x0000000000103644       0x1c C:/devkitPro/libctru/lib\libcitro3d.a(framebuffer.o)
                0x0000000000103644                C3D_CalcDepthBufSize
 .text.C3D_SetFrameBuf
                0x0000000000103660       0x44 C:/devkitPro/libctru/lib\libcitro3d.a(framebuffer.o)
                0x0000000000103660                C3D_SetFrameBuf
 .text.C3Di_FrameBufBind
                0x00000000001036a4      0x16c C:/devkitPro/libctru/lib\libcitro3d.a(framebuffer.o)
                0x00000000001036a4                C3Di_FrameBufBind
 .text.C3D_FrameBufClear
                0x0000000000103810       0xc8 C:/devkitPro/libctru/lib\libcitro3d.a(framebuffer.o)
                0x0000000000103810                C3D_FrameBufClear
 .text.C3D_FrameBufTransfer
                0x00000000001038d8       0x44 C:/devkitPro/libctru/lib\libcitro3d.a(framebuffer.o)
                0x00000000001038d8                C3D_FrameBufTransfer
 .text.C3D_GetTexEnv
                0x000000000010391c       0x34 C:/devkitPro/libctru/lib\libcitro3d.a(texenv.o)
                0x000000000010391c                C3D_GetTexEnv
 .text.C3Di_TexEnvBind
                0x0000000000103950       0x24 C:/devkitPro/libctru/lib\libcitro3d.a(texenv.o)
                0x0000000000103950                C3Di_TexEnvBind
 .text.C3D_DrawElements
                0x0000000000103974      0x218 C:/devkitPro/libctru/lib\libcitro3d.a(drawElements.o)
                0x0000000000103974                C3D_DrawElements
 .text.C3D_ProcTexInit
                0x0000000000103b8c       0x70 C:/devkitPro/libctru/lib\libcitro3d.a(proctex.o)
                0x0000000000103b8c                C3D_ProcTexInit
 .text.ProcTexLut_FromArray
                0x0000000000103bfc       0xa4 C:/devkitPro/libctru/lib\libcitro3d.a(proctex.o)
                0x0000000000103bfc                ProcTexLut_FromArray
 .text.C3Di_ProcTexUpdate
                0x0000000000103ca0      0x17c C:/devkitPro/libctru/lib\libcitro3d.a(proctex.o)
                0x0000000000103ca0                C3Di_ProcTexUpdate
 .text.C3Di_ProcTexDirty
                0x0000000000103e1c       0x68 C:/devkitPro/libctru/lib\libcitro3d.a(proctex.o)
                0x0000000000103e1c                C3Di_ProcTexDirty
 .text.BufInfo_Init
                0x0000000000103e84       0x24 C:/devkitPro/libctru/lib\libcitro3d.a(buffers.o)
                0x0000000000103e84                BufInfo_Init
 .text.BufInfo_Add
                0x0000000000103ea8       0x80 C:/devkitPro/libctru/lib\libcitro3d.a(buffers.o)
                0x0000000000103ea8                BufInfo_Add
 .text.C3D_SetBufInfo
                0x0000000000103f28       0x40 C:/devkitPro/libctru/lib\libcitro3d.a(buffers.o)
                0x0000000000103f28                C3D_SetBufInfo
 .text.C3Di_BufInfoBind
                0x0000000000103f68       0x48 C:/devkitPro/libctru/lib\libcitro3d.a(buffers.o)
                0x0000000000103f68                C3Di_BufInfoBind
 .text.C3D_DepthMap
                0x0000000000103fb0       0x40 C:/devkitPro/libctru/lib\libcitro3d.a(effect.o)
                0x0000000000103fb0                C3D_DepthMap
 .text.C3D_CullFace
                0x0000000000103ff0       0x1c C:/devkitPro/libctru/lib\libcitro3d.a(effect.o)
                0x0000000000103ff0                C3D_CullFace
 .text.C3D_StencilTest
                0x000000000010400c       0x40 C:/devkitPro/libctru/lib\libcitro3d.a(effect.o)
                0x000000000010400c                C3D_StencilTest
 .text.C3D_StencilOp
                0x000000000010404c       0x24 C:/devkitPro/libctru/lib\libcitro3d.a(effect.o)
                0x000000000010404c                C3D_StencilOp
 .text.C3D_BlendingColor
                0x0000000000104070       0x1c C:/devkitPro/libctru/lib\libcitro3d.a(effect.o)
                0x0000000000104070                C3D_BlendingColor
 .text.C3D_EarlyDepthTest
                0x000000000010408c       0x24 C:/devkitPro/libctru/lib\libcitro3d.a(effect.o)
                0x000000000010408c                C3D_EarlyDepthTest
 .text.C3D_DepthTest
                0x00000000001040b0       0x2c C:/devkitPro/libctru/lib\libcitro3d.a(effect.o)
                0x00000000001040b0                C3D_DepthTest
 .text.C3D_AlphaTest
                0x00000000001040dc       0x2c C:/devkitPro/libctru/lib\libcitro3d.a(effect.o)
                0x00000000001040dc                C3D_AlphaTest
 .text.C3D_AlphaBlend
                0x0000000000104108       0x50 C:/devkitPro/libctru/lib\libcitro3d.a(effect.o)
                0x0000000000104108                C3D_AlphaBlend
 .text.C3D_FragOpMode
                0x0000000000104158       0x30 C:/devkitPro/libctru/lib\libcitro3d.a(effect.o)
                0x0000000000104158                C3D_FragOpMode
 .text.C3D_FragOpShadow
                0x0000000000104188       0x44 C:/devkitPro/libctru/lib\libcitro3d.a(effect.o)
                0x0000000000104188                C3D_FragOpShadow
 .text.C3Di_EffectBind
                0x00000000001041cc      0x1ac C:/devkitPro/libctru/lib\libcitro3d.a(effect.o)
                0x00000000001041cc                C3Di_EffectBind
 .text.AttrInfo_Init
                0x0000000000104378       0x28 C:/devkitPro/libctru/lib\libcitro3d.a(attribs.o)
                0x0000000000104378                AttrInfo_Init
 .text.AttrInfo_AddLoader
                0x00000000001043a0       0x94 C:/devkitPro/libctru/lib\libcitro3d.a(attribs.o)
                0x00000000001043a0                AttrInfo_AddLoader
 .text.C3D_SetAttrInfo
                0x0000000000104434       0x54 C:/devkitPro/libctru/lib\libcitro3d.a(attribs.o)
                0x0000000000104434                C3D_SetAttrInfo
 .text.C3Di_AttrInfoBind
                0x0000000000104488       0x80 C:/devkitPro/libctru/lib\libcitro3d.a(attribs.o)
                0x0000000000104488                C3Di_AttrInfoBind
 .text.C3D_ImmSendAttrib
                0x0000000000104508       0xa8 C:/devkitPro/libctru/lib\libcitro3d.a(immediate.o)
                0x0000000000104508                C3D_ImmSendAttrib
 .text.C3D_UpdateUniforms
                0x00000000001045b0      0x280 C:/devkitPro/libctru/lib\libcitro3d.a(uniforms.o)
                0x00000000001045b0                C3D_UpdateUniforms
 .text.C3Di_DirtyUniforms
                0x0000000000104830       0xc0 C:/devkitPro/libctru/lib\libcitro3d.a(uniforms.o)
                0x0000000000104830                C3Di_DirtyUniforms
 .text.C3Di_LoadShaderUniforms
                0x00000000001048f0       0xd8 C:/devkitPro/libctru/lib\libcitro3d.a(uniforms.o)
                0x00000000001048f0                C3Di_LoadShaderUniforms
 .text.C3Di_ClearShaderUniforms
                0x00000000001049c8       0x28 C:/devkitPro/libctru/lib\libcitro3d.a(uniforms.o)
                0x00000000001049c8                C3Di_ClearShaderUniforms
 .text.Mtx_Ortho
                0x00000000001049f0       0xcc C:/devkitPro/libctru/lib\libcitro3d.a(mtx_ortho.o)
                0x00000000001049f0                Mtx_Ortho
 .text.Mtx_OrthoTilt
                0x0000000000104abc       0xcc C:/devkitPro/libctru/lib\libcitro3d.a(mtx_orthotilt.o)
                0x0000000000104abc                Mtx_OrthoTilt
 .text._ZL21addrMapNodeComparatorPK11rbtree_nodeS1_
                0x0000000000104b88       0x24 C:/devkitPro/libctru/lib\libctru.a(vram.o)
 .text._ZL21addrMapNodeDestructorP11rbtree_node
                0x0000000000104bac        0x4 C:/devkitPro/libctru/lib\libctru.a(vram.o)
 .text.vramMemAlignAt
                0x0000000000104bb0      0x250 C:/devkitPro/libctru/lib\libctru.a(vram.o)
                0x0000000000104bb0                vramMemAlignAt
 .text.vramAlloc
                0x0000000000104e00        0xc C:/devkitPro/libctru/lib\libctru.a(vram.o)
                0x0000000000104e00                vramAlloc
 .text.vramAllocAt
                0x0000000000104e0c        0xc C:/devkitPro/libctru/lib\libctru.a(vram.o)
                0x0000000000104e0c                vramAllocAt
 .text.vramFree
                0x0000000000104e18       0x90 C:/devkitPro/libctru/lib\libctru.a(vram.o)
                0x0000000000104e18                vramFree
 .text._ZL21addrMapNodeComparatorPK11rbtree_nodeS1_
                0x0000000000104ea8       0x24 C:/devkitPro/libctru/lib\libctru.a(linear.o)
 .text._ZL21addrMapNodeDestructorP11rbtree_node
                0x0000000000104ecc        0x4 C:/devkitPro/libctru/lib\libctru.a(linear.o)
 .text.linearMemAlign
                0x0000000000104ed0      0x120 C:/devkitPro/libctru/lib\libctru.a(linear.o)
                0x0000000000104ed0                linearMemAlign
 .text.linearAlloc
                0x0000000000104ff0        0x8 C:/devkitPro/libctru/lib\libctru.a(linear.o)
                0x0000000000104ff0                linearAlloc
 .text.linearFree
                0x0000000000104ff8       0x5c C:/devkitPro/libctru/lib\libctru.a(linear.o)
                0x0000000000104ff8                linearFree
 .text._ZN7MemPool13CoalesceRightEP8MemBlock
                0x0000000000105054       0x80 C:/devkitPro/libctru/lib\libctru.a(mem_pool.o)
                0x0000000000105054                MemPool::CoalesceRight(MemBlock*)
 .text._ZN7MemPool8AllocateER8MemChunkmi
                0x00000000001050d4      0x16c C:/devkitPro/libctru/lib\libctru.a(mem_pool.o)
                0x00000000001050d4                MemPool::Allocate(MemChunk&, unsigned long, int)
 .text._ZN7MemPool10DeallocateERK8MemChunk
                0x0000000000105240       0xfc C:/devkitPro/libctru/lib\libctru.a(mem_pool.o)
                0x0000000000105240                MemPool::Deallocate(MemChunk const&)
 .text._ZN7MemPool12GetFreeSpaceEv
                0x000000000010533c       0x30 C:/devkitPro/libctru/lib\libctru.a(mem_pool.o)
                0x000000000010533c                MemPool::GetFreeSpace()
 .text.romfs_close
                0x000000000010536c        0x8 C:/devkitPro/libctru/lib\libctru.a(romfs_dev.o)
 .text.romfs_seek
                0x0000000000105374       0xc0 C:/devkitPro/libctru/lib\libctru.a(romfs_dev.o)
 .text.romfs_dirreset
                0x0000000000105434       0x24 C:/devkitPro/libctru/lib\libctru.a(romfs_dev.o)
 .text.fill_dir
                0x0000000000105458       0xc8 C:/devkitPro/libctru/lib\libctru.a(romfs_dev.o)
 .text.romfs_dirnext
                0x0000000000105520      0x28c C:/devkitPro/libctru/lib\libctru.a(romfs_dev.o)
 .text.romfs_free
                0x00000000001057ac       0x84 C:/devkitPro/libctru/lib\libctru.a(romfs_dev.o)
 .text.searchForFile.constprop.0
                0x0000000000105830       0xd4 C:/devkitPro/libctru/lib\libctru.a(romfs_dev.o)
 .text.searchForDir.constprop.0
                0x0000000000105904       0xd8 C:/devkitPro/libctru/lib\libctru.a(romfs_dev.o)
 .text.navigateToDir.constprop.0
                0x00000000001059dc      0x1c0 C:/devkitPro/libctru/lib\libctru.a(romfs_dev.o)
 .text.romfs_open
                0x0000000000105b9c      0x10c C:/devkitPro/libctru/lib\libctru.a(romfs_dev.o)
 .text.romfs_chdir
                0x0000000000105ca8       0x4c C:/devkitPro/libctru/lib\libctru.a(romfs_dev.o)
 .text.romfs_diropen
                0x0000000000105cf4       0x70 C:/devkitPro/libctru/lib\libctru.a(romfs_dev.o)
 .text.romfs_stat
                0x0000000000105d64      0x174 C:/devkitPro/libctru/lib\libctru.a(romfs_dev.o)
 .text.romfs_dirclose
                0x0000000000105ed8        0x8 C:/devkitPro/libctru/lib\libctru.a(romfs_dev.o)
 .text.romfs_fstat
                0x0000000000105ee0       0x84 C:/devkitPro/libctru/lib\libctru.a(romfs_dev.o)
 .text.romfs_read
                0x0000000000105f64       0xd0 C:/devkitPro/libctru/lib\libctru.a(romfs_dev.o)
 .text.romfsMountFromFile
                0x0000000000106034      0x28c C:/devkitPro/libctru/lib\libctru.a(romfs_dev.o)
                0x0000000000106034                romfsMountFromFile
 .text.romfsMountFromCurrentProcess
                0x00000000001062c0       0x98 C:/devkitPro/libctru/lib\libctru.a(romfs_dev.o)
                0x00000000001062c0                romfsMountFromCurrentProcess
 .text.romfsMountSelf
                0x0000000000106358      0x260 C:/devkitPro/libctru/lib\libctru.a(romfs_dev.o)
                0x0000000000106358                romfsMountSelf
 .text.romfsUnmount
                0x00000000001065b8       0xa0 C:/devkitPro/libctru/lib\libctru.a(romfs_dev.o)
                0x00000000001065b8                romfsUnmount
 .text.osConvertVirtToPhys
                0x0000000000106658       0x74 C:/devkitPro/libctru/lib\libctru.a(os.o)
                0x0000000000106658                osConvertVirtToPhys
 .text.osGetTimeRef
                0x00000000001066cc       0x54 C:/devkitPro/libctru/lib\libctru.a(os.o)
                0x00000000001066cc                osGetTimeRef
 .text.osGetTime
                0x0000000000106720       0xec C:/devkitPro/libctru/lib\libctru.a(os.o)
                0x0000000000106720                osGetTime
 *fill*         0x000000000010680c        0x4 
 .text.osTickCounterRead
                0x0000000000106810       0x38 C:/devkitPro/libctru/lib\libctru.a(os.o)
                0x0000000000106810                osTickCounterRead
 .text.__ctru_speedup_config
                0x0000000000106848       0x34 C:/devkitPro/libctru/lib\libctru.a(os.o)
                0x0000000000106848                __ctru_speedup_config
 .text.parseColor
                0x000000000010687c      0x1e8 C:/devkitPro/libctru/lib\libctru.a(console.o)
 .text.consoleDrawChar
                0x0000000000106a64      0x1ac C:/devkitPro/libctru/lib\libctru.a(console.o)
                0x0000000000106a64                consoleDrawChar
 .text.consolePrintChar
                0x0000000000106c10      0x124 C:/devkitPro/libctru/lib\libctru.a(console.o)
                0x0000000000106c10                consolePrintChar
 .text.con_write
                0x0000000000106d34      0xb94 C:/devkitPro/libctru/lib\libctru.a(console.o)
                0x0000000000106d34                con_write
 .text.newRow   0x00000000001078c8       0xfc C:/devkitPro/libctru/lib\libctru.a(console.o)
 .text.consoleInit
                0x00000000001079c4      0x168 C:/devkitPro/libctru/lib\libctru.a(console.o)
                0x00000000001079c4                consoleInit
 .text.gfxPresentFramebuffer
                0x0000000000107b2c       0xd0 C:/devkitPro/libctru/lib\libctru.a(gfx.o)
 .text.gfxIsWide
                0x0000000000107bfc       0x1c C:/devkitPro/libctru/lib\libctru.a(gfx.o)
                0x0000000000107bfc                gfxIsWide
 .text.gfxSetScreenFormat
                0x0000000000107c18       0xec C:/devkitPro/libctru/lib\libctru.a(gfx.o)
                0x0000000000107c18                gfxSetScreenFormat
 .text.gfxSetDoubleBuffering
                0x0000000000107d04       0x10 C:/devkitPro/libctru/lib\libctru.a(gfx.o)
                0x0000000000107d04                gfxSetDoubleBuffering
 .text.gfxInit  0x0000000000107d14       0xe0 C:/devkitPro/libctru/lib\libctru.a(gfx.o)
                0x0000000000107d14                gfxInit
 .text.gfxInitDefault
                0x0000000000107df4       0x10 C:/devkitPro/libctru/lib\libctru.a(gfx.o)
                0x0000000000107df4                gfxInitDefault
 .text.gfxExit  0x0000000000107e04       0xb4 C:/devkitPro/libctru/lib\libctru.a(gfx.o)
                0x0000000000107e04                gfxExit
 .text.gfxGetFramebuffer
                0x0000000000107eb8       0xa0 C:/devkitPro/libctru/lib\libctru.a(gfx.o)
                0x0000000000107eb8                gfxGetFramebuffer
 .text.gfxFlushBuffers
                0x0000000000107f58      0x104 C:/devkitPro/libctru/lib\libctru.a(gfx.o)
                0x0000000000107f58                gfxFlushBuffers
 .text.gfxScreenSwapBuffers
                0x000000000010805c       0x30 C:/devkitPro/libctru/lib\libctru.a(gfx.o)
                0x000000000010805c                gfxScreenSwapBuffers
 .text.gfxSwapBuffersGpu
                0x000000000010808c       0x50 C:/devkitPro/libctru/lib\libctru.a(gfx.o)
                0x000000000010808c                gfxSwapBuffersGpu
 .text.shaderInstanceInit
                0x00000000001080dc      0x1d4 C:/devkitPro/libctru/lib\libctru.a(shaderProgram.o)
                0x00000000001080dc                shaderInstanceInit
 .text.shaderInstanceGetUniformLocation
                0x00000000001082b0       0x18 C:/devkitPro/libctru/lib\libctru.a(shaderProgram.o)
                0x00000000001082b0                shaderInstanceGetUniformLocation
 .text.shaderProgramInit
                0x00000000001082c8       0x1c C:/devkitPro/libctru/lib\libctru.a(shaderProgram.o)
                0x00000000001082c8                shaderProgramInit
 .text.shaderProgramFree
                0x00000000001082e4       0x64 C:/devkitPro/libctru/lib\libctru.a(shaderProgram.o)
                0x00000000001082e4                shaderProgramFree
 .text.shaderProgramSetVsh
                0x0000000000108348       0x80 C:/devkitPro/libctru/lib\libctru.a(shaderProgram.o)
                0x0000000000108348                shaderProgramSetVsh
 .text.shaderProgramConfigure
                0x00000000001083c8      0x8e0 C:/devkitPro/libctru/lib\libctru.a(shaderProgram.o)
                0x00000000001083c8                shaderProgramConfigure
 .text.DVLE_GenerateOutmap.part.0
                0x0000000000108ca8      0x1cc C:/devkitPro/libctru/lib\libctru.a(shbin.o)
 .text.DVLB_ParseFile
                0x0000000000108e74      0x1b4 C:/devkitPro/libctru/lib\libctru.a(shbin.o)
                0x0000000000108e74                DVLB_ParseFile
 .text.DVLB_Free
                0x0000000000109028       0x38 C:/devkitPro/libctru/lib\libctru.a(shbin.o)
                0x0000000000109028                DVLB_Free
 .text.DVLE_GetUniformRegister
                0x0000000000109060       0x74 C:/devkitPro/libctru/lib\libctru.a(shbin.o)
                0x0000000000109060                DVLE_GetUniformRegister
 .text.GX_BindQueue
                0x00000000001090d4       0x10 C:/devkitPro/libctru/lib\libctru.a(gx.o)
                0x00000000001090d4                GX_BindQueue
 .text.GX_ProcessCommandList
                0x00000000001090e4       0x78 C:/devkitPro/libctru/lib\libctru.a(gx.o)
                0x00000000001090e4                GX_ProcessCommandList
 .text.GX_MemoryFill
                0x000000000010915c       0x74 C:/devkitPro/libctru/lib\libctru.a(gx.o)
                0x000000000010915c                GX_MemoryFill
 .text.GX_DisplayTransfer
                0x00000000001091d0       0x70 C:/devkitPro/libctru/lib\libctru.a(gx.o)
                0x00000000001091d0                GX_DisplayTransfer
 .text.GX_TextureCopy
                0x0000000000109240       0x74 C:/devkitPro/libctru/lib\libctru.a(gx.o)
                0x0000000000109240                GX_TextureCopy
 .text.gxCmdQueueDoCommands.part.0
                0x00000000001092b4       0x68 C:/devkitPro/libctru/lib\libctru.a(gxqueue.o)
 .text.gxCmdQueueInterrupt
                0x000000000010931c       0xc8 C:/devkitPro/libctru/lib\libctru.a(gxqueue.o)
                0x000000000010931c                gxCmdQueueInterrupt
 .text.gxCmdQueueClear
                0x00000000001093e4       0x4c C:/devkitPro/libctru/lib\libctru.a(gxqueue.o)
                0x00000000001093e4                gxCmdQueueClear
 .text.gxCmdQueueAdd
                0x0000000000109430       0xf8 C:/devkitPro/libctru/lib\libctru.a(gxqueue.o)
                0x0000000000109430                gxCmdQueueAdd
 .text.gxCmdQueueRun
                0x0000000000109528       0x80 C:/devkitPro/libctru/lib\libctru.a(gxqueue.o)
                0x0000000000109528                gxCmdQueueRun
 .text.gxCmdQueueStop
                0x00000000001095a8       0x60 C:/devkitPro/libctru/lib\libctru.a(gxqueue.o)
                0x00000000001095a8                gxCmdQueueStop
 .text.gxCmdQueueWait
                0x0000000000109608       0x74 C:/devkitPro/libctru/lib\libctru.a(gxqueue.o)
                0x0000000000109608                gxCmdQueueWait
 .text.GPUCMD_Add
                0x000000000010967c      0x13c C:/devkitPro/libctru/lib\libctru.a(gpu.o)
                0x000000000010967c                GPUCMD_Add
 .text.GPUCMD_Split
                0x00000000001097b8       0xb0 C:/devkitPro/libctru/lib\libctru.a(gpu.o)
                0x00000000001097b8                GPUCMD_Split
 .text.f32tof16
                0x0000000000109868       0x34 C:/devkitPro/libctru/lib\libctru.a(gpu.o)
                0x0000000000109868                f32tof16
 .text.f32tof24
                0x000000000010989c       0x34 C:/devkitPro/libctru/lib\libctru.a(gpu.o)
                0x000000000010989c                f32tof24
 .text.f32tof31
                0x00000000001098d0       0x38 C:/devkitPro/libctru/lib\libctru.a(gpu.o)
                0x00000000001098d0                f32tof31
 .text.gspHardwareInit
                0x0000000000109908      0xc58 C:/devkitPro/libctru/lib\libctru.a(gspgpu.o)
 .text.gspInit  0x000000000010a560      0x248 C:/devkitPro/libctru/lib\libctru.a(gspgpu.o)
                0x000000000010a560                gspInit
 .text.gspExit  0x000000000010a7a8       0xf0 C:/devkitPro/libctru/lib\libctru.a(gspgpu.o)
                0x000000000010a7a8                gspExit
 .text.gspHasGpuRight
                0x000000000010a898       0x10 C:/devkitPro/libctru/lib\libctru.a(gspgpu.o)
                0x000000000010a898                gspHasGpuRight
 .text.gspPresentBuffer
                0x000000000010a8a8       0xa0 C:/devkitPro/libctru/lib\libctru.a(gspgpu.o)
                0x000000000010a8a8                gspPresentBuffer
 .text.gspSetEventCallback
                0x000000000010a948       0x30 C:/devkitPro/libctru/lib\libctru.a(gspgpu.o)
                0x000000000010a948                gspSetEventCallback
 .text.gspWaitForEvent
                0x000000000010a978       0x44 C:/devkitPro/libctru/lib\libctru.a(gspgpu.o)
                0x000000000010a978                gspWaitForEvent
 .text.gspWaitForAnyEvent
                0x000000000010a9bc       0x4c C:/devkitPro/libctru/lib\libctru.a(gspgpu.o)
                0x000000000010a9bc                gspWaitForAnyEvent
 .text.gspEventThreadMain
                0x000000000010aa08      0x158 C:/devkitPro/libctru/lib\libctru.a(gspgpu.o)
 .text.gspSubmitGxCommand
                0x000000000010ab60      0x130 C:/devkitPro/libctru/lib\libctru.a(gspgpu.o)
                0x000000000010ab60                gspSubmitGxCommand
 .text.GSPGPU_FlushDataCache
                0x000000000010ac90       0x50 C:/devkitPro/libctru/lib\libctru.a(gspgpu.o)
                0x000000000010ac90                GSPGPU_FlushDataCache
 .text.GSPGPU_SetLcdForceBlack
                0x000000000010ace0       0x34 C:/devkitPro/libctru/lib\libctru.a(gspgpu.o)
                0x000000000010ace0                GSPGPU_SetLcdForceBlack
 .text.GSPGPU_AcquireRight
                0x000000000010ad14       0x68 C:/devkitPro/libctru/lib\libctru.a(gspgpu.o)
                0x000000000010ad14                GSPGPU_AcquireRight
 .text.GSPGPU_ReleaseRight
                0x000000000010ad7c       0x48 C:/devkitPro/libctru/lib\libctru.a(gspgpu.o)
                0x000000000010ad7c                GSPGPU_ReleaseRight
 .text.GSPGPU_ImportDisplayCaptureInfo
                0x000000000010adc4       0x7c C:/devkitPro/libctru/lib\libctru.a(gspgpu.o)
                0x000000000010adc4                GSPGPU_ImportDisplayCaptureInfo
 .text.GSPGPU_SaveVramSysArea
                0x000000000010ae40       0x2c C:/devkitPro/libctru/lib\libctru.a(gspgpu.o)
                0x000000000010ae40                GSPGPU_SaveVramSysArea
 .text.GSPGPU_RestoreVramSysArea
                0x000000000010ae6c       0x2c C:/devkitPro/libctru/lib\libctru.a(gspgpu.o)
                0x000000000010ae6c                GSPGPU_RestoreVramSysArea
 .text.aptConvertScreenForCapture
                0x000000000010ae98      0x1a4 C:/devkitPro/libctru/lib\libctru.a(apt.o)
 .text.aptDspSleep
                0x000000000010b03c        0x8 C:/devkitPro/libctru/lib\libctru.a(apt.o)
                0x000000000010b03c                aptDspSleep
 .text.aptDspWakeup
                0x000000000010b044        0x4 C:/devkitPro/libctru/lib\libctru.a(apt.o)
                0x000000000010b044                aptDspWakeup
 .text.aptDspCancel
                0x000000000010b048        0x4 C:/devkitPro/libctru/lib\libctru.a(apt.o)
                0x000000000010b048                aptDspCancel
 .text.aptSendCommand
                0x000000000010b04c      0x158 C:/devkitPro/libctru/lib\libctru.a(apt.o)
                0x000000000010b04c                aptSendCommand
 *fill*         0x000000000010b1a4        0x4 
 .text.aptExitProcess
                0x000000000010b1a8       0x44 C:/devkitPro/libctru/lib\libctru.a(apt.o)
 .text.aptExit  0x000000000010b1ec      0x2f4 C:/devkitPro/libctru/lib\libctru.a(apt.o)
                0x000000000010b1ec                aptExit
 .text.aptHandleSleep
                0x000000000010b4e0       0xe0 C:/devkitPro/libctru/lib\libctru.a(apt.o)
                0x000000000010b4e0                aptHandleSleep
 .text.aptHook  0x000000000010b5c0       0x30 C:/devkitPro/libctru/lib\libctru.a(apt.o)
                0x000000000010b5c0                aptHook
 .text.aptUnhook
                0x000000000010b5f0       0x30 C:/devkitPro/libctru/lib\libctru.a(apt.o)
                0x000000000010b5f0                aptUnhook
 .text.APT_SleepIfShellClosed
                0x000000000010b620       0x84 C:/devkitPro/libctru/lib\libctru.a(apt.o)
                0x000000000010b620                APT_SleepIfShellClosed
 .text.aptSetSleepAllowed
                0x000000000010b6a4       0x84 C:/devkitPro/libctru/lib\libctru.a(apt.o)
                0x000000000010b6a4                aptSetSleepAllowed
 .text.APT_UnlockTransition
                0x000000000010b728       0x84 C:/devkitPro/libctru/lib\libctru.a(apt.o)
                0x000000000010b728                APT_UnlockTransition
 *fill*         0x000000000010b7ac        0x4 
 .text.aptEventHandler
                0x000000000010b7b0      0x4a4 C:/devkitPro/libctru/lib\libctru.a(apt.o)
 .text.APT_ReceiveParameter
                0x000000000010bc54       0xb0 C:/devkitPro/libctru/lib\libctru.a(apt.o)
                0x000000000010bc54                APT_ReceiveParameter
 .text.aptReceiveParameter.constprop.0
                0x000000000010bd04       0xb0 C:/devkitPro/libctru/lib\libctru.a(apt.o)
 *fill*         0x000000000010bdb4        0x4 
 .text.aptScreenTransfer
                0x000000000010bdb8      0x2ac C:/devkitPro/libctru/lib\libctru.a(apt.o)
 .text.aptWaitForWakeUp.isra.0
                0x000000000010c064      0x344 C:/devkitPro/libctru/lib\libctru.a(apt.o)
 .text.aptJumpToHomeMenu
                0x000000000010c3a8      0x100 C:/devkitPro/libctru/lib\libctru.a(apt.o)
                0x000000000010c3a8                aptJumpToHomeMenu
 .text.aptMainLoop
                0x000000000010c4a8       0x48 C:/devkitPro/libctru/lib\libctru.a(apt.o)
                0x000000000010c4a8                aptMainLoop
 .text.aptInit  0x000000000010c4f0      0x22c C:/devkitPro/libctru/lib\libctru.a(apt.o)
                0x000000000010c4f0                aptInit
 .text.APT_CheckNew3DS
                0x000000000010c71c       0x7c C:/devkitPro/libctru/lib\libctru.a(apt.o)
                0x000000000010c71c                APT_CheckNew3DS
 .text.hidShouldUseIrrst
                0x000000000010c798       0x24 C:/devkitPro/libctru/lib\libctru.a(hid.o)
                0x000000000010c798                hidShouldUseIrrst
 .text.hidInit  0x000000000010c7bc      0x18c C:/devkitPro/libctru/lib\libctru.a(hid.o)
                0x000000000010c7bc                hidInit
 .text.hidExit  0x000000000010c948       0xe8 C:/devkitPro/libctru/lib\libctru.a(hid.o)
                0x000000000010c948                hidExit
 .text.hidScanInput
                0x000000000010ca30      0x2a4 C:/devkitPro/libctru/lib\libctru.a(hid.o)
                0x000000000010ca30                hidScanInput
 .text.hidKeysHeld
                0x000000000010ccd4       0x10 C:/devkitPro/libctru/lib\libctru.a(hid.o)
                0x000000000010ccd4                hidKeysHeld
 .text.hidKeysDown
                0x000000000010cce4       0x10 C:/devkitPro/libctru/lib\libctru.a(hid.o)
                0x000000000010cce4                hidKeysDown
 .text.ptmSysmInit
                0x000000000010ccf4       0x74 C:/devkitPro/libctru/lib\libctru.a(ptmsysm.o)
                0x000000000010ccf4                ptmSysmInit
 .text.ptmSysmExit
                0x000000000010cd68       0x3c C:/devkitPro/libctru/lib\libctru.a(ptmsysm.o)
                0x000000000010cd68                ptmSysmExit
 .text.PTMSYSM_ConfigureNew3DSCPU
                0x000000000010cda4       0x34 C:/devkitPro/libctru/lib\libctru.a(ptmsysm.o)
                0x000000000010cda4                PTMSYSM_ConfigureNew3DSCPU
 .text.fsInit   0x000000000010cdd8       0xcc C:/devkitPro/libctru/lib\libctru.a(fs.o)
                0x000000000010cdd8                fsInit
 .text.fsExit   0x000000000010cea4       0x3c C:/devkitPro/libctru/lib\libctru.a(fs.o)
                0x000000000010cea4                fsExit
 .text.fsExemptFromSession
                0x000000000010cee0       0x60 C:/devkitPro/libctru/lib\libctru.a(fs.o)
                0x000000000010cee0                fsExemptFromSession
 .text.fsUnexemptFromSession
                0x000000000010cf40       0x50 C:/devkitPro/libctru/lib\libctru.a(fs.o)
                0x000000000010cf40                fsUnexemptFromSession
 .text.FSUSER_OpenFile
                0x000000000010cf90       0xcc C:/devkitPro/libctru/lib\libctru.a(fs.o)
                0x000000000010cf90                FSUSER_OpenFile
 .text.FSUSER_OpenFileDirectly
                0x000000000010d05c       0xd4 C:/devkitPro/libctru/lib\libctru.a(fs.o)
                0x000000000010d05c                FSUSER_OpenFileDirectly
 .text.FSUSER_DeleteFile
                0x000000000010d130       0xbc C:/devkitPro/libctru/lib\libctru.a(fs.o)
                0x000000000010d130                FSUSER_DeleteFile
 .text.FSUSER_RenameFile
                0x000000000010d1ec       0xf8 C:/devkitPro/libctru/lib\libctru.a(fs.o)
                0x000000000010d1ec                FSUSER_RenameFile
 .text.FSUSER_DeleteDirectory
                0x000000000010d2e4       0xbc C:/devkitPro/libctru/lib\libctru.a(fs.o)
                0x000000000010d2e4                FSUSER_DeleteDirectory
 .text.FSUSER_CreateFile
                0x000000000010d3a0       0xd4 C:/devkitPro/libctru/lib\libctru.a(fs.o)
                0x000000000010d3a0                FSUSER_CreateFile
 .text.FSUSER_CreateDirectory
                0x000000000010d474       0xc4 C:/devkitPro/libctru/lib\libctru.a(fs.o)
                0x000000000010d474                FSUSER_CreateDirectory
 .text.FSUSER_RenameDirectory
                0x000000000010d538       0xf8 C:/devkitPro/libctru/lib\libctru.a(fs.o)
                0x000000000010d538                FSUSER_RenameDirectory
 .text.FSUSER_OpenDirectory
                0x000000000010d630       0xb4 C:/devkitPro/libctru/lib\libctru.a(fs.o)
                0x000000000010d630                FSUSER_OpenDirectory
 .text.FSUSER_OpenArchive
                0x000000000010d6e4       0x98 C:/devkitPro/libctru/lib\libctru.a(fs.o)
                0x000000000010d6e4                FSUSER_OpenArchive
 .text.FSUSER_CloseArchive
                0x000000000010d77c       0x8c C:/devkitPro/libctru/lib\libctru.a(fs.o)
                0x000000000010d77c                FSUSER_CloseArchive
 .text.FSUSER_GetSdmcArchiveResource
                0x000000000010d808       0x74 C:/devkitPro/libctru/lib\libctru.a(fs.o)
                0x000000000010d808                FSUSER_GetSdmcArchiveResource
 .text.FSUSER_IsSdmcWritable
                0x000000000010d87c       0x64 C:/devkitPro/libctru/lib\libctru.a(fs.o)
                0x000000000010d87c                FSUSER_IsSdmcWritable
 .text.FSFILE_Read
                0x000000000010d8e0       0x58 C:/devkitPro/libctru/lib\libctru.a(fs.o)
                0x000000000010d8e0                FSFILE_Read
 .text.FSFILE_Write
                0x000000000010d938       0x60 C:/devkitPro/libctru/lib\libctru.a(fs.o)
                0x000000000010d938                FSFILE_Write
 .text.FSFILE_GetSize
                0x000000000010d998       0x3c C:/devkitPro/libctru/lib\libctru.a(fs.o)
                0x000000000010d998                FSFILE_GetSize
 .text.FSFILE_SetSize
                0x000000000010d9d4       0x28 C:/devkitPro/libctru/lib\libctru.a(fs.o)
                0x000000000010d9d4                FSFILE_SetSize
 .text.FSFILE_Close
                0x000000000010d9fc       0x3c C:/devkitPro/libctru/lib\libctru.a(fs.o)
                0x000000000010d9fc                FSFILE_Close
 .text.FSFILE_Flush
                0x000000000010da38       0x24 C:/devkitPro/libctru/lib\libctru.a(fs.o)
                0x000000000010da38                FSFILE_Flush
 .text.FSDIR_Read
                0x000000000010da5c       0x50 C:/devkitPro/libctru/lib\libctru.a(fs.o)
                0x000000000010da5c                FSDIR_Read
 .text.FSDIR_Close
                0x000000000010daac       0x3c C:/devkitPro/libctru/lib\libctru.a(fs.o)
                0x000000000010daac                FSDIR_Close
 .text.buffer_read
                0x000000000010dae8       0xc4 C:/devkitPro/libctru/lib\libctru.a(decompress.o)
 .text.iov_read
                0x000000000010dbac       0xd0 C:/devkitPro/libctru/lib\libctru.a(decompress.o)
 .text.iov_memmove
                0x000000000010dc7c      0x138 C:/devkitPro/libctru/lib\libctru.a(decompress.o)
 .text.decompress_rle
                0x000000000010ddb4      0x1dc C:/devkitPro/libctru/lib\libctru.a(decompress.o)
 .text.decompress_lzss
                0x000000000010df90      0x244 C:/devkitPro/libctru/lib\libctru.a(decompress.o)
 .text.decompress_lz11
                0x000000000010e1d4      0x424 C:/devkitPro/libctru/lib\libctru.a(decompress.o)
 .text.decompress_huff
                0x000000000010e5f8      0x2d8 C:/devkitPro/libctru/lib\libctru.a(decompress.o)
 .text.decompressCallback_Stdio
                0x000000000010e8d0       0x10 C:/devkitPro/libctru/lib\libctru.a(decompress.o)
                0x000000000010e8d0                decompressCallback_Stdio
 .text.decompressHeader
                0x000000000010e8e0       0xdc C:/devkitPro/libctru/lib\libctru.a(decompress.o)
                0x000000000010e8e0                decompressHeader
 .text.decompressV
                0x000000000010e9bc      0x240 C:/devkitPro/libctru/lib\libctru.a(decompress.o)
                0x000000000010e9bc                decompressV
 .text.rbtree_init
                0x000000000010ebfc       0x10 C:/devkitPro/libctru/lib\libctru.a(rbtree_init.o)
                0x000000000010ebfc                rbtree_init
 .text.do_insert
                0x000000000010ec0c      0x1b4 C:/devkitPro/libctru/lib\libctru.a(rbtree_insert.o)
 .text.rbtree_insert
                0x000000000010edc0        0x8 C:/devkitPro/libctru/lib\libctru.a(rbtree_insert.o)
                0x000000000010edc0                rbtree_insert
 .text.rbtree_rotate
                0x000000000010edc8       0x90 C:/devkitPro/libctru/lib\libctru.a(rbtree_rotate.o)
                0x000000000010edc8                rbtree_rotate
 .text.rbtree_remove
                0x000000000010ee58      0x318 C:/devkitPro/libctru/lib\libctru.a(rbtree_remove.o)
                0x000000000010ee58                rbtree_remove
 .text.rbtree_find
                0x000000000010f170       0x74 C:/devkitPro/libctru/lib\libctru.a(rbtree_find.o)
                0x000000000010f170                rbtree_find
 .text.utf16_to_utf8
                0x000000000010f1e4       0xe8 C:/devkitPro/libctru/lib\libctru.a(utf16_to_utf8.o)
                0x000000000010f1e4                utf16_to_utf8
 .text.decode_utf16
                0x000000000010f2cc       0x64 C:/devkitPro/libctru/lib\libctru.a(decode_utf16.o)
                0x000000000010f2cc                decode_utf16
 .text.utf8_to_utf16
                0x000000000010f330       0xc0 C:/devkitPro/libctru/lib\libctru.a(utf8_to_utf16.o)
                0x000000000010f330                utf8_to_utf16
 .text.__system_allocateHeaps
                0x000000000010f3f0      0x1e0 C:/devkitPro/libctru/lib\libctru.a(allocateHeaps.o)
                0x000000000010f3f0                __system_allocateHeaps
 .text.__libctru_init
                0x000000000010f5d0       0x38 C:/devkitPro/libctru/lib\libctru.a(ctru_init.o)
                0x000000000010f5d0                __libctru_init
 .text.__system_initArgv
                0x000000000010f608      0x170 C:/devkitPro/libctru/lib\libctru.a(initArgv.o)
                0x000000000010f608                __system_initArgv
 .text.svcControlMemory
                0x000000000010f778       0x20 C:/devkitPro/libctru/lib\libctru.a(svc.o)
                0x000000000010f778                svcControlMemory
 .text.svcQueryMemory
                0x000000000010f798       0x30 C:/devkitPro/libctru/lib\libctru.a(svc.o)
                0x000000000010f798                svcQueryMemory
 .text.svcExitProcess
                0x000000000010f7c8        0x8 C:/devkitPro/libctru/lib\libctru.a(svc.o)
                0x000000000010f7c8                svcExitProcess
 .text.svcCreateThread
                0x000000000010f7d0       0x20 C:/devkitPro/libctru/lib\libctru.a(svc.o)
                0x000000000010f7d0                svcCreateThread
 .text.svcExitThread
                0x000000000010f7f0        0x8 C:/devkitPro/libctru/lib\libctru.a(svc.o)
                0x000000000010f7f0                svcExitThread
 .text.svcSleepThread
                0x000000000010f7f8        0x8 C:/devkitPro/libctru/lib\libctru.a(svc.o)
                0x000000000010f7f8                svcSleepThread
 .text.svcReleaseMutex
                0x000000000010f800        0x8 C:/devkitPro/libctru/lib\libctru.a(svc.o)
                0x000000000010f800                svcReleaseMutex
 .text.svcCreateEvent
                0x000000000010f808       0x14 C:/devkitPro/libctru/lib\libctru.a(svc.o)
                0x000000000010f808                svcCreateEvent
 .text.svcSignalEvent
                0x000000000010f81c        0x8 C:/devkitPro/libctru/lib\libctru.a(svc.o)
                0x000000000010f81c                svcSignalEvent
 .text.svcClearEvent
                0x000000000010f824        0x8 C:/devkitPro/libctru/lib\libctru.a(svc.o)
                0x000000000010f824                svcClearEvent
 .text.svcMapMemoryBlock
                0x000000000010f82c        0x8 C:/devkitPro/libctru/lib\libctru.a(svc.o)
                0x000000000010f82c                svcMapMemoryBlock
 .text.svcUnmapMemoryBlock
                0x000000000010f834        0x8 C:/devkitPro/libctru/lib\libctru.a(svc.o)
                0x000000000010f834                svcUnmapMemoryBlock
 .text.svcCreateAddressArbiter
                0x000000000010f83c       0x14 C:/devkitPro/libctru/lib\libctru.a(svc.o)
                0x000000000010f83c                svcCreateAddressArbiter
 .text.svcArbitrateAddressNoTimeout
                0x000000000010f850        0x8 C:/devkitPro/libctru/lib\libctru.a(svc.o)
                0x000000000010f850                svcArbitrateAddressNoTimeout
 .text.svcCloseHandle
                0x000000000010f858        0x8 C:/devkitPro/libctru/lib\libctru.a(svc.o)
                0x000000000010f858                svcCloseHandle
 .text.svcWaitSynchronization
                0x000000000010f860        0x8 C:/devkitPro/libctru/lib\libctru.a(svc.o)
                0x000000000010f860                svcWaitSynchronization
 .text.svcWaitSynchronizationN
                0x000000000010f868       0x28 C:/devkitPro/libctru/lib\libctru.a(svc.o)
                0x000000000010f868                svcWaitSynchronizationN
 .text.svcDuplicateHandle
                0x000000000010f890       0x14 C:/devkitPro/libctru/lib\libctru.a(svc.o)
                0x000000000010f890                svcDuplicateHandle
 .text.svcGetSystemTick
                0x000000000010f8a4        0x8 C:/devkitPro/libctru/lib\libctru.a(svc.o)
                0x000000000010f8a4                svcGetSystemTick
 .text.svcConnectToPort
                0x000000000010f8ac       0x14 C:/devkitPro/libctru/lib\libctru.a(svc.o)
                0x000000000010f8ac                svcConnectToPort
 .text.svcSendSyncRequest
                0x000000000010f8c0        0x8 C:/devkitPro/libctru/lib\libctru.a(svc.o)
                0x000000000010f8c0                svcSendSyncRequest
 .text.svcGetResourceLimit
                0x000000000010f8c8       0x14 C:/devkitPro/libctru/lib\libctru.a(svc.o)
                0x000000000010f8c8                svcGetResourceLimit
 .text.svcGetResourceLimitLimitValues
                0x000000000010f8dc        0x8 C:/devkitPro/libctru/lib\libctru.a(svc.o)
                0x000000000010f8dc                svcGetResourceLimitLimitValues
 .text.svcGetResourceLimitCurrentValues
                0x000000000010f8e4        0x8 C:/devkitPro/libctru/lib\libctru.a(svc.o)
                0x000000000010f8e4                svcGetResourceLimitCurrentValues
 .text.svcBreak
                0x000000000010f8ec        0x8 C:/devkitPro/libctru/lib\libctru.a(svc.o)
                0x000000000010f8ec                svcBreak
 .text.initSystem
                0x000000000010f8f4       0x50 C:/devkitPro/libctru/lib\libctru.a(stack_adjust.o)
                0x000000000010f8f4                initSystem
 .text.__ctru_exit
                0x000000000010f944       0x18 C:/devkitPro/libctru/lib\libctru.a(stack_adjust.o)
                0x000000000010f944                __ctru_exit
 .text.__aeabi_read_tp
                0x000000000010f95c        0xc C:/devkitPro/libctru/lib\libctru.a(readtp.o)
                0x000000000010f95c                __aeabi_read_tp
 .text.__sync_init
                0x000000000010f968        0xc C:/devkitPro/libctru/lib\libctru.a(synchronization.o)
                0x000000000010f968                __sync_init
 .text.__sync_fini
                0x000000000010f974       0x18 C:/devkitPro/libctru/lib\libctru.a(synchronization.o)
                0x000000000010f974                __sync_fini
 .text.syncArbitrateAddress
                0x000000000010f98c       0x2c C:/devkitPro/libctru/lib\libctru.a(synchronization.o)
                0x000000000010f98c                syncArbitrateAddress
 .text.LightLock_Lock
                0x000000000010f9b8       0xb0 C:/devkitPro/libctru/lib\libctru.a(synchronization.o)
                0x000000000010f9b8                LightLock_Lock
 .text.LightLock_Unlock
                0x000000000010fa68       0x40 C:/devkitPro/libctru/lib\libctru.a(synchronization.o)
                0x000000000010fa68                LightLock_Unlock
 .text.RecursiveLock_Init
                0x000000000010faa8       0x24 C:/devkitPro/libctru/lib\libctru.a(synchronization.o)
                0x000000000010faa8                RecursiveLock_Init
 .text.RecursiveLock_Lock
                0x000000000010facc       0x30 C:/devkitPro/libctru/lib\libctru.a(synchronization.o)
                0x000000000010facc                RecursiveLock_Lock
 .text.RecursiveLock_Unlock
                0x000000000010fafc       0x54 C:/devkitPro/libctru/lib\libctru.a(synchronization.o)
                0x000000000010fafc                RecursiveLock_Unlock
 .text.LightEvent_Init
                0x000000000010fb50       0x40 C:/devkitPro/libctru/lib\libctru.a(synchronization.o)
                0x000000000010fb50                LightEvent_Init
 .text.LightEvent_Clear
                0x000000000010fb90       0xa4 C:/devkitPro/libctru/lib\libctru.a(synchronization.o)
                0x000000000010fb90                LightEvent_Clear
 .text.LightEvent_Signal
                0x000000000010fc34       0xc8 C:/devkitPro/libctru/lib\libctru.a(synchronization.o)
                0x000000000010fc34                LightEvent_Signal
 .text.LightEvent_TryWait
                0x000000000010fcfc       0x50 C:/devkitPro/libctru/lib\libctru.a(synchronization.o)
                0x000000000010fcfc                LightEvent_TryWait
 .text.LightEvent_Wait
                0x000000000010fd4c       0xb0 C:/devkitPro/libctru/lib\libctru.a(synchronization.o)
                0x000000000010fd4c                LightEvent_Wait
 .text.envGetHandle
                0x000000000010fdfc       0x84 C:/devkitPro/libctru/lib\libctru.a(env.o)
                0x000000000010fdfc                envGetHandle
 .text.envDestroyHandles
                0x000000000010fe80       0x50 C:/devkitPro/libctru/lib\libctru.a(env.o)
                0x000000000010fe80                envDestroyHandles
 .text.srvInit  0x000000000010fed0      0x130 C:/devkitPro/libctru/lib\libctru.a(srv.o)
                0x000000000010fed0                srvInit
 .text.srvExit  0x0000000000110000       0x58 C:/devkitPro/libctru/lib\libctru.a(srv.o)
                0x0000000000110000                srvExit
 .text.srvGetServiceHandleDirect
                0x0000000000110058       0xa0 C:/devkitPro/libctru/lib\libctru.a(srv.o)
                0x0000000000110058                srvGetServiceHandleDirect
 .text.srvGetServiceHandle
                0x00000000001100f8       0x38 C:/devkitPro/libctru/lib\libctru.a(srv.o)
                0x00000000001100f8                srvGetServiceHandle
 .text.srvPublishToSubscriber
                0x0000000000110130       0x38 C:/devkitPro/libctru/lib\libctru.a(srv.o)
                0x0000000000110130                srvPublishToSubscriber
 .text.threadCreate
                0x0000000000110168      0x178 C:/devkitPro/libctru/lib\libctru.a(thread.o)
                0x0000000000110168                threadCreate
 .text.threadFree
                0x00000000001102e0       0x2c C:/devkitPro/libctru/lib\libctru.a(thread.o)
                0x00000000001102e0                threadFree
 .text.threadJoin
                0x000000000011030c       0x24 C:/devkitPro/libctru/lib\libctru.a(thread.o)
                0x000000000011030c                threadJoin
 .text.threadGetCurrent
                0x0000000000110330       0x30 C:/devkitPro/libctru/lib\libctru.a(thread.o)
                0x0000000000110330                threadGetCurrent
 .text.threadExit
                0x0000000000110360       0x40 C:/devkitPro/libctru/lib\libctru.a(thread.o)
                0x0000000000110360                threadExit
 .text._thread_begin
                0x00000000001103a0       0x20 C:/devkitPro/libctru/lib\libctru.a(thread.o)
 .text.mappableFindAddressWithin
                0x00000000001103c0       0xb4 C:/devkitPro/libctru/lib\libctru.a(mappable.o)
 .text.mappableInit
                0x0000000000110474       0x28 C:/devkitPro/libctru/lib\libctru.a(mappable.o)
                0x0000000000110474                mappableInit
 .text.mappableAlloc
                0x000000000011049c       0x80 C:/devkitPro/libctru/lib\libctru.a(mappable.o)
                0x000000000011049c                mappableAlloc
 .text.mappableFree
                0x000000000011051c        0x4 C:/devkitPro/libctru/lib\libctru.a(mappable.o)
                0x000000000011051c                mappableFree
 .text.irrstInit
                0x0000000000110520      0x164 C:/devkitPro/libctru/lib\libctru.a(irrst.o)
                0x0000000000110520                irrstInit
 .text.irrstExit
                0x0000000000110684       0xcc C:/devkitPro/libctru/lib\libctru.a(irrst.o)
                0x0000000000110684                irrstExit
 .text.irrstScanInput
                0x0000000000110750       0xb4 C:/devkitPro/libctru/lib\libctru.a(irrst.o)
                0x0000000000110750                irrstScanInput
 .text.irrstKeysHeld
                0x0000000000110804       0x24 C:/devkitPro/libctru/lib\libctru.a(irrst.o)
                0x0000000000110804                irrstKeysHeld
 .text.srvPmGetSessionHandle
                0x0000000000110828        0xc C:/devkitPro/libctru/lib\libctru.a(srvpm.o)
                0x0000000000110828                srvPmGetSessionHandle
 .text.rbtree_node_next
                0x0000000000110834       0x5c C:/devkitPro/libctru/lib\libctru.a(rbtree_iterator.o)
                0x0000000000110834                rbtree_node_next
 .text.encode_utf16
                0x0000000000110890       0x54 C:/devkitPro/libctru/lib\libctru.a(encode_utf16.o)
                0x0000000000110890                encode_utf16
 .text.encode_utf8
                0x00000000001108e4       0xe0 C:/devkitPro/libctru/lib\libctru.a(encode_utf8.o)
                0x00000000001108e4                encode_utf8
 .text.decode_utf8
                0x00000000001109c4      0x13c C:/devkitPro/libctru/lib\libctru.a(decode_utf8.o)
                0x00000000001109c4                decode_utf8
 .text.__appInit
                0x0000000000110b00       0x30 C:/devkitPro/libctru/lib\libctru.a(appInit.o)
                0x0000000000110b00                __appInit
 .text.__syscall_getreent
                0x0000000000110b30       0x30 C:/devkitPro/libctru/lib\libctru.a(syscalls.o)
                0x0000000000110b30                __syscall_getreent
 .text.__syscall_gettod_r
                0x0000000000110b60       0x74 C:/devkitPro/libctru/lib\libctru.a(syscalls.o)
                0x0000000000110b60                __syscall_gettod_r
 .text.__syscall_lock_acquire
                0x0000000000110bd4        0x4 C:/devkitPro/libctru/lib\libctru.a(syscalls.o)
                0x0000000000110bd4                __syscall_lock_acquire
 .text.__syscall_lock_release
                0x0000000000110bd8        0x4 C:/devkitPro/libctru/lib\libctru.a(syscalls.o)
                0x0000000000110bd8                __syscall_lock_release
 .text.__syscall_lock_init_recursive
                0x0000000000110bdc        0x4 C:/devkitPro/libctru/lib\libctru.a(syscalls.o)
                0x0000000000110bdc                __syscall_lock_init_recursive
 .text.__syscall_lock_acquire_recursive
                0x0000000000110be0        0x4 C:/devkitPro/libctru/lib\libctru.a(syscalls.o)
                0x0000000000110be0                __syscall_lock_acquire_recursive
 .text.__syscall_lock_release_recursive
                0x0000000000110be4        0x4 C:/devkitPro/libctru/lib\libctru.a(syscalls.o)
                0x0000000000110be4                __syscall_lock_release_recursive
 .text.__syscall_exit
                0x0000000000110be8        0x4 C:/devkitPro/libctru/lib\libctru.a(syscalls.o)
                0x0000000000110be8                __syscall_exit
 .text.initThreadVars
                0x0000000000110bec       0x50 C:/devkitPro/libctru/lib\libctru.a(syscalls.o)
                0x0000000000110bec                initThreadVars
 .text.__system_initSyscalls
                0x0000000000110c3c       0x68 C:/devkitPro/libctru/lib\libctru.a(syscalls.o)
                0x0000000000110c3c                __system_initSyscalls
 .text.__appExit
                0x0000000000110ca4       0x30 C:/devkitPro/libctru/lib\libctru.a(appExit.o)
                0x0000000000110ca4                __appExit
 .text.__libctru_exit
                0x0000000000110cd4       0x90 C:/devkitPro/libctru/lib\libctru.a(ctru_exit.o)
                0x0000000000110cd4                __libctru_exit
 .text.archive_link
                0x0000000000110d64       0x14 C:/devkitPro/libctru/lib\libctru.a(archive_dev.o)
 .text.archive_dirreset
                0x0000000000110d78       0x14 C:/devkitPro/libctru/lib\libctru.a(archive_dev.o)
 .text.archive_chmod
                0x0000000000110d8c       0x14 C:/devkitPro/libctru/lib\libctru.a(archive_dev.o)
 .text.error_cmp
                0x0000000000110da0       0x24 C:/devkitPro/libctru/lib\libctru.a(archive_dev.o)
 .text.archive_translate_error
                0x0000000000110dc4       0x50 C:/devkitPro/libctru/lib\libctru.a(archive_dev.o)
 .text.archive_seek
                0x0000000000110e14       0xc8 C:/devkitPro/libctru/lib\libctru.a(archive_dev.o)
 .text._archiveInit.part.0
                0x0000000000110edc       0x7c C:/devkitPro/libctru/lib\libctru.a(archive_dev.o)
 .text.archiveFindDevice.part.0
                0x0000000000110f58       0xc4 C:/devkitPro/libctru/lib\libctru.a(archive_dev.o)
 .text.archive_utf16path
                0x000000000011101c      0x25c C:/devkitPro/libctru/lib\libctru.a(archive_dev.o)
 .text._archiveUnmountDeviceStruct.part.0
                0x0000000000111278       0xa0 C:/devkitPro/libctru/lib\libctru.a(archive_dev.o)
 .text.archive_fchmod
                0x0000000000111318       0x14 C:/devkitPro/libctru/lib\libctru.a(archive_dev.o)
 .text.archive_statvfs
                0x000000000011132c       0x14 C:/devkitPro/libctru/lib\libctru.a(archive_dev.o)
 .text._archiveMountDevice
                0x0000000000111340      0x164 C:/devkitPro/libctru/lib\libctru.a(archive_dev.o)
 .text.archive_diropen
                0x00000000001114a4       0xe8 C:/devkitPro/libctru/lib\libctru.a(archive_dev.o)
 .text.archive_fstat
                0x000000000011158c       0xa4 C:/devkitPro/libctru/lib\libctru.a(archive_dev.o)
 .text.archive_close
                0x0000000000111630       0x6c C:/devkitPro/libctru/lib\libctru.a(archive_dev.o)
 .text.archive_fsync
                0x000000000011169c       0x6c C:/devkitPro/libctru/lib\libctru.a(archive_dev.o)
 .text.archive_dirclose
                0x0000000000111708       0x70 C:/devkitPro/libctru/lib\libctru.a(archive_dev.o)
 .text.sdmc_statvfs
                0x0000000000111778       0xe8 C:/devkitPro/libctru/lib\libctru.a(archive_dev.o)
 .text.archive_chdir
                0x0000000000111860       0xec C:/devkitPro/libctru/lib\libctru.a(archive_dev.o)
 .text.archive_ftruncate
                0x000000000011194c       0x7c C:/devkitPro/libctru/lib\libctru.a(archive_dev.o)
 .text.archive_read
                0x00000000001119c8       0xac C:/devkitPro/libctru/lib\libctru.a(archive_dev.o)
 .text.archive_unlink
                0x0000000000111a74       0xa4 C:/devkitPro/libctru/lib\libctru.a(archive_dev.o)
 .text.archive_rmdir
                0x0000000000111b18       0xbc C:/devkitPro/libctru/lib\libctru.a(archive_dev.o)
 .text.archive_mkdir
                0x0000000000111bd4       0xdc C:/devkitPro/libctru/lib\libctru.a(archive_dev.o)
 .text.archive_stat
                0x0000000000111cb0      0x19c C:/devkitPro/libctru/lib\libctru.a(archive_dev.o)
 .text.archive_dirnext
                0x0000000000111e4c      0x15c C:/devkitPro/libctru/lib\libctru.a(archive_dev.o)
 .text.archive_write
                0x0000000000111fa8       0xec C:/devkitPro/libctru/lib\libctru.a(archive_dev.o)
 .text.archive_open
                0x0000000000112094      0x1d4 C:/devkitPro/libctru/lib\libctru.a(archive_dev.o)
 .text.archive_rename
                0x0000000000112268      0x278 C:/devkitPro/libctru/lib\libctru.a(archive_dev.o)
 .text.archiveMountSdmc
                0x00000000001124e0      0x19c C:/devkitPro/libctru/lib\libctru.a(archive_dev.o)
                0x00000000001124e0                archiveMountSdmc
 .text.archiveUnmountAll
                0x000000000011267c       0x54 C:/devkitPro/libctru/lib\libctru.a(archive_dev.o)
                0x000000000011267c                archiveUnmountAll
 .text.__udivmoddi4
                0x00000000001126d0      0x120 c:/devkitpro/devkitarm/bin/../lib/gcc/arm-none-eabi/12.1.0/armv6k/fpu\libgcc.a(_udivmoddi4.o)
                0x00000000001126d0                __udivmoddi4
 .text.bsearch  0x00000000001127f0       0x78 c:/devkitpro/devkitarm/bin/../lib/gcc/arm-none-eabi/12.1.0/../../../../arm-none-eabi/lib/armv6k/fpu\libg.a(lib_a-bsearch.o)
                0x00000000001127f0                bsearch
 .text.calloc   0x0000000000112868       0x20 c:/devkitpro/devkitarm/bin/../lib/gcc/arm-none-eabi/12.1.0/../../../../arm-none-eabi/lib/armv6k/fpu\libg.a(lib_a-calloc.o)
                0x0000000000112868                calloc
 .text._calloc_r
                0x0000000000112888       0xc0 c:/devkitpro/devkitarm/bin/../lib/gcc/arm-none-eabi/12.1.0/../../../../arm-none-eabi/lib/armv6k/fpu\libg.a(lib_a-callocr.o)
                0x0000000000112888                _calloc_r
 .text.__errno  0x0000000000112948        0xc c:/devkitpro/devkitarm/bin/../lib/gcc/arm-none-eabi/12.1.0/../../../../arm-none-eabi/lib/armv6k/fpu\libg.a(lib_a-errno.o)
                0x0000000000112948                __errno
 .text.exit     0x0000000000112954       0x34 c:/devkitpro/devkitarm/bin/../lib/gcc/arm-none-eabi/12.1.0/../../../../arm-none-eabi/lib/armv6k/fpu\libg.a(lib_a-exit.o)
                0x0000000000112954                exit
 .text._fclose_r
                0x0000000000112988      0x15c c:/devkitpro/devkitarm/bin/../lib/gcc/arm-none-eabi/12.1.0/../../../../arm-none-eabi/lib/armv6k/fpu\libg.a(lib_a-fclose.o)
                0x0000000000112988                _fclose_r
 .text.fclose   0x0000000000112ae4       0x18 c:/devkitpro/devkitarm/bin/../lib/gcc/arm-none-eabi/12.1.0/../../../../arm-none-eabi/lib/armv6k/fpu\libg.a(lib_a-fclose.o)
                0x0000000000112ae4                fclose
 .text.__sflush_r
                0x0000000000112afc      0x234 c:/devkitpro/devkitarm/bin/../lib/gcc/arm-none-eabi/12.1.0/../../../../arm-none-eabi/lib/armv6k/fpu\libg.a(lib_a-fflush.o)
                0x0000000000112afc                __sflush_r
 .text._fflush_r
                0x0000000000112d30       0x94 c:/devkitpro/devkitarm/bin/../lib/gcc/arm-none-eabi/12.1.0/../../../../arm-none-eabi/lib/armv6k/fpu\libg.a(lib_a-fflush.o)
                0x0000000000112d30                _fflush_r
 .text.fflush   0x0000000000112dc4       0x38 c:/devkitpro/devkitarm/bin/../lib/gcc/arm-none-eabi/12.1.0/../../../../arm-none-eabi/lib/armv6k/fpu\libg.a(lib_a-fflush.o)
                0x0000000000112dc4                fflush
 .text._cleanup_r
                0x0000000000112dfc        0xc c:/devkitpro/devkitarm/bin/../lib/gcc/arm-none-eabi/12.1.0/../../../../arm-none-eabi/lib/armv6k/fpu\libg.a(lib_a-findfp.o)
                0x0000000000112dfc                _cleanup_r
 .text.__sinit  0x0000000000112e08      0x184 c:/devkitpro/devkitarm/bin/../lib/gcc/arm-none-eabi/12.1.0/../../../../arm-none-eabi/lib/armv6k/fpu\libg.a(lib_a-findfp.o)
                0x0000000000112e08                __sinit
 .text.__sfp    0x0000000000112f8c      0x134 c:/devkitpro/devkitarm/bin/../lib/gcc/arm-none-eabi/12.1.0/../../../../arm-none-eabi/lib/armv6k/fpu\libg.a(lib_a-findfp.o)
                0x0000000000112f8c                __sfp
 .text.__sfp_lock_acquire
                0x00000000001130c0        0xc c:/devkitpro/devkitarm/bin/../lib/gcc/arm-none-eabi/12.1.0/../../../../arm-none-eabi/lib/armv6k/fpu\libg.a(lib_a-findfp.o)
                0x00000000001130c0                __sfp_lock_acquire
 .text.__sfp_lock_release
                0x00000000001130cc        0xc c:/devkitpro/devkitarm/bin/../lib/gcc/arm-none-eabi/12.1.0/../../../../arm-none-eabi/lib/armv6k/fpu\libg.a(lib_a-findfp.o)
                0x00000000001130cc                __sfp_lock_release
 .text.__libc_fini_array
                0x00000000001130d8       0x3c c:/devkitpro/devkitarm/bin/../lib/gcc/arm-none-eabi/12.1.0/../../../../arm-none-eabi/lib/armv6k/fpu\libg.a(lib_a-fini.o)
                0x00000000001130d8                __libc_fini_array
 .text._fopen_r
                0x0000000000113114      0x134 c:/devkitpro/devkitarm/bin/../lib/gcc/arm-none-eabi/12.1.0/../../../../arm-none-eabi/lib/armv6k/fpu\libg.a(lib_a-fopen.o)
                0x0000000000113114                _fopen_r
 .text.fopen    0x0000000000113248       0x20 c:/devkitpro/devkitarm/bin/../lib/gcc/arm-none-eabi/12.1.0/../../../../arm-none-eabi/lib/armv6k/fpu\libg.a(lib_a-fopen.o)
                0x0000000000113248                fopen
 .text._fread_r
                0x0000000000113268      0x2d0 c:/devkitpro/devkitarm/bin/../lib/gcc/arm-none-eabi/12.1.0/../../../../arm-none-eabi/lib/armv6k/fpu\libg.a(lib_a-fread.o)
                0x0000000000113268                _fread_r
 .text.fread    0x0000000000113538       0x38 c:/devkitpro/devkitarm/bin/../lib/gcc/arm-none-eabi/12.1.0/../../../../arm-none-eabi/lib/armv6k/fpu\libg.a(lib_a-fread.o)
                0x0000000000113538                fread
 .text._malloc_trim_r
                0x0000000000113570       0xf8 c:/devkitpro/devkitarm/bin/../lib/gcc/arm-none-eabi/12.1.0/../../../../arm-none-eabi/lib/armv6k/fpu\libg.a(lib_a-freer.o)
                0x0000000000113570                _malloc_trim_r
 .text._free_r  0x0000000000113668      0x2e8 c:/devkitpro/devkitarm/bin/../lib/gcc/arm-none-eabi/12.1.0/../../../../arm-none-eabi/lib/armv6k/fpu\libg.a(lib_a-freer.o)
                0x0000000000113668                _free_r
 .text._fseek_r
                0x0000000000113950       0x1c c:/devkitpro/devkitarm/bin/../lib/gcc/arm-none-eabi/12.1.0/../../../../arm-none-eabi/lib/armv6k/fpu\libg.a(lib_a-fseek.o)
                0x0000000000113950                _fseek_r
 .text._fseeko_r
                0x000000000011396c      0x590 c:/devkitpro/devkitarm/bin/../lib/gcc/arm-none-eabi/12.1.0/../../../../arm-none-eabi/lib/armv6k/fpu\libg.a(lib_a-fseeko.o)
                0x000000000011396c                _fseeko_r
 .text._fwalk   0x0000000000113efc       0x68 c:/devkitpro/devkitarm/bin/../lib/gcc/arm-none-eabi/12.1.0/../../../../arm-none-eabi/lib/armv6k/fpu\libg.a(lib_a-fwalk.o)
                0x0000000000113efc                _fwalk
 .text._fwalk_reent
                0x0000000000113f64       0x70 c:/devkitpro/devkitarm/bin/../lib/gcc/arm-none-eabi/12.1.0/../../../../arm-none-eabi/lib/armv6k/fpu\libg.a(lib_a-fwalk.o)
                0x0000000000113f64                _fwalk_reent
 .text.__libc_init_array
                0x0000000000113fd4       0x84 c:/devkitpro/devkitarm/bin/../lib/gcc/arm-none-eabi/12.1.0/../../../../arm-none-eabi/lib/armv6k/fpu\libg.a(lib_a-init.o)
                0x0000000000113fd4                __libc_init_array
 .text.__smakebuf_r
                0x0000000000114058      0x138 c:/devkitpro/devkitarm/bin/../lib/gcc/arm-none-eabi/12.1.0/../../../../arm-none-eabi/lib/armv6k/fpu\libg.a(lib_a-makebuf.o)
                0x0000000000114058                __smakebuf_r
 .text.__swhatbuf_r
                0x0000000000114190       0x8c c:/devkitpro/devkitarm/bin/../lib/gcc/arm-none-eabi/12.1.0/../../../../arm-none-eabi/lib/armv6k/fpu\libg.a(lib_a-makebuf.o)
                0x0000000000114190                __swhatbuf_r
 .text.memalign
                0x000000000011421c       0x20 c:/devkitpro/devkitarm/bin/../lib/gcc/arm-none-eabi/12.1.0/../../../../arm-none-eabi/lib/armv6k/fpu\libg.a(lib_a-malign.o)
                0x000000000011421c                memalign
 .text._memalign_r
                0x000000000011423c      0x14c c:/devkitpro/devkitarm/bin/../lib/gcc/arm-none-eabi/12.1.0/../../../../arm-none-eabi/lib/armv6k/fpu\libg.a(lib_a-malignr.o)
                0x000000000011423c                _memalign_r
 .text.malloc   0x0000000000114388       0x18 c:/devkitpro/devkitarm/bin/../lib/gcc/arm-none-eabi/12.1.0/../../../../arm-none-eabi/lib/armv6k/fpu\libg.a(lib_a-malloc.o)
                0x0000000000114388                malloc
 .text.free     0x00000000001143a0       0x18 c:/devkitpro/devkitarm/bin/../lib/gcc/arm-none-eabi/12.1.0/../../../../arm-none-eabi/lib/armv6k/fpu\libg.a(lib_a-malloc.o)
                0x00000000001143a0                free
 .text._malloc_r
                0x00000000001143b8      0x7e4 c:/devkitpro/devkitarm/bin/../lib/gcc/arm-none-eabi/12.1.0/../../../../arm-none-eabi/lib/armv6k/fpu\libg.a(lib_a-mallocr.o)
                0x00000000001143b8                _malloc_r
 .text.memchr   0x0000000000114b9c       0xe4 c:/devkitpro/devkitarm/bin/../lib/gcc/arm-none-eabi/12.1.0/../../../../arm-none-eabi/lib/armv6k/fpu\libg.a(lib_a-memchr-stub.o)
                0x0000000000114b9c                memchr
 .text.memcmp   0x0000000000114c80       0xb0 c:/devkitpro/devkitarm/bin/../lib/gcc/arm-none-eabi/12.1.0/../../../../arm-none-eabi/lib/armv6k/fpu\libg.a(lib_a-memcmp.o)
                0x0000000000114c80                memcmp
 .text.memcpy   0x0000000000114d30      0x118 c:/devkitpro/devkitarm/bin/../lib/gcc/arm-none-eabi/12.1.0/../../../../arm-none-eabi/lib/armv6k/fpu\libg.a(lib_a-memcpy-stub.o)
                0x0000000000114d30                memcpy
 .text.memset   0x0000000000114e48       0xf4 c:/devkitpro/devkitarm/bin/../lib/gcc/arm-none-eabi/12.1.0/../../../../arm-none-eabi/lib/armv6k/fpu\libg.a(lib_a-memset.o)
                0x0000000000114e48                memset
 .text.__malloc_lock
                0x0000000000114f3c        0xc c:/devkitpro/devkitarm/bin/../lib/gcc/arm-none-eabi/12.1.0/../../../../arm-none-eabi/lib/armv6k/fpu\libg.a(lib_a-mlock.o)
                0x0000000000114f3c                __malloc_lock
 .text.__malloc_unlock
                0x0000000000114f48        0xc c:/devkitpro/devkitarm/bin/../lib/gcc/arm-none-eabi/12.1.0/../../../../arm-none-eabi/lib/armv6k/fpu\libg.a(lib_a-mlock.o)
                0x0000000000114f48                __malloc_unlock
 .text.printf   0x0000000000114f54       0x34 c:/devkitpro/devkitarm/bin/../lib/gcc/arm-none-eabi/12.1.0/../../../../arm-none-eabi/lib/armv6k/fpu\libg.a(lib_a-printf.o)
                0x0000000000114f54                printf
 .text.lflush   0x0000000000114f88       0x1c c:/devkitpro/devkitarm/bin/../lib/gcc/arm-none-eabi/12.1.0/../../../../arm-none-eabi/lib/armv6k/fpu\libg.a(lib_a-refill.o)
 .text.__srefill_r
                0x0000000000114fa4      0x198 c:/devkitpro/devkitarm/bin/../lib/gcc/arm-none-eabi/12.1.0/../../../../arm-none-eabi/lib/armv6k/fpu\libg.a(lib_a-refill.o)
                0x0000000000114fa4                __srefill_r
 .text.setvbuf  0x000000000011513c      0x25c c:/devkitpro/devkitarm/bin/../lib/gcc/arm-none-eabi/12.1.0/../../../../arm-none-eabi/lib/armv6k/fpu\libg.a(lib_a-setvbuf.o)
                0x000000000011513c                setvbuf
 .text.sscanf   0x0000000000115398       0x74 c:/devkitpro/devkitarm/bin/../lib/gcc/arm-none-eabi/12.1.0/../../../../arm-none-eabi/lib/armv6k/fpu\libg.a(lib_a-sscanf.o)
                0x0000000000115398                sscanf
 .text.__sread  0x000000000011540c       0x44 c:/devkitpro/devkitarm/bin/../lib/gcc/arm-none-eabi/12.1.0/../../../../arm-none-eabi/lib/armv6k/fpu\libg.a(lib_a-stdio.o)
                0x000000000011540c                __sread
 .text.__seofread
                0x0000000000115450        0x8 c:/devkitpro/devkitarm/bin/../lib/gcc/arm-none-eabi/12.1.0/../../../../arm-none-eabi/lib/armv6k/fpu\libg.a(lib_a-stdio.o)
                0x0000000000115450                __seofread
 .text.__swrite
                0x0000000000115458       0x68 c:/devkitpro/devkitarm/bin/../lib/gcc/arm-none-eabi/12.1.0/../../../../arm-none-eabi/lib/armv6k/fpu\libg.a(lib_a-stdio.o)
                0x0000000000115458                __swrite
 .text.__sseek  0x00000000001154c0       0x44 c:/devkitpro/devkitarm/bin/../lib/gcc/arm-none-eabi/12.1.0/../../../../arm-none-eabi/lib/armv6k/fpu\libg.a(lib_a-stdio.o)
                0x00000000001154c0                __sseek
 .text.__sclose
                0x0000000000115504        0x8 c:/devkitpro/devkitarm/bin/../lib/gcc/arm-none-eabi/12.1.0/../../../../arm-none-eabi/lib/armv6k/fpu\libg.a(lib_a-stdio.o)
                0x0000000000115504                __sclose
 .text.strchr   0x000000000011550c      0x130 c:/devkitpro/devkitarm/bin/../lib/gcc/arm-none-eabi/12.1.0/../../../../arm-none-eabi/lib/armv6k/fpu\libg.a(lib_a-strchr.o)
                0x000000000011550c                strchr
 .text.strlen   0x000000000011563c       0x5c c:/devkitpro/devkitarm/bin/../lib/gcc/arm-none-eabi/12.1.0/../../../../arm-none-eabi/lib/armv6k/fpu\libg.a(lib_a-strlen-stub.o)
                0x000000000011563c                strlen
 .text.strncat  0x0000000000115698       0xe4 c:/devkitpro/devkitarm/bin/../lib/gcc/arm-none-eabi/12.1.0/../../../../arm-none-eabi/lib/armv6k/fpu\libg.a(lib_a-strncat.o)
                0x0000000000115698                strncat
 .text.strncmp  0x000000000011577c       0xe4 c:/devkitpro/devkitarm/bin/../lib/gcc/arm-none-eabi/12.1.0/../../../../arm-none-eabi/lib/armv6k/fpu\libg.a(lib_a-strncmp.o)
                0x000000000011577c                strncmp
 .text.strncpy  0x0000000000115860       0xc4 c:/devkitpro/devkitarm/bin/../lib/gcc/arm-none-eabi/12.1.0/../../../../arm-none-eabi/lib/armv6k/fpu\libg.a(lib_a-strncpy.o)
                0x0000000000115860                strncpy
 .text.strnlen  0x0000000000115924       0x48 c:/devkitpro/devkitarm/bin/../lib/gcc/arm-none-eabi/12.1.0/../../../../arm-none-eabi/lib/armv6k/fpu\libg.a(lib_a-strnlen.o)
                0x0000000000115924                strnlen
 .text._strtoul_l.constprop.0
                0x000000000011596c      0x1c4 c:/devkitpro/devkitarm/bin/../lib/gcc/arm-none-eabi/12.1.0/../../../../arm-none-eabi/lib/armv6k/fpu\libg.a(lib_a-strtoul.o)
 .text._strtoul_r
                0x0000000000115b30        0x4 c:/devkitpro/devkitarm/bin/../lib/gcc/arm-none-eabi/12.1.0/../../../../arm-none-eabi/lib/armv6k/fpu\libg.a(lib_a-strtoul.o)
                0x0000000000115b30                _strtoul_r
 .text.strtoul  0x0000000000115b34       0x28 c:/devkitpro/devkitarm/bin/../lib/gcc/arm-none-eabi/12.1.0/../../../../arm-none-eabi/lib/armv6k/fpu\libg.a(lib_a-strtoul.o)
                0x0000000000115b34                strtoul
 .text.get_arg  0x0000000000115b5c       0x50 c:/devkitpro/devkitarm/bin/../lib/gcc/arm-none-eabi/12.1.0/../../../../arm-none-eabi/lib/armv6k/fpu\libg.a(lib_a-svfscanf.o)
 .text.__ssvfscanf_r
                0x0000000000115bac     0x2c38 c:/devkitpro/devkitarm/bin/../lib/gcc/arm-none-eabi/12.1.0/../../../../arm-none-eabi/lib/armv6k/fpu\libg.a(lib_a-svfscanf.o)
                0x0000000000115bac                __ssvfscanf_r
 .text.time     0x00000000001187e4       0x3c c:/devkitpro/devkitarm/bin/../lib/gcc/arm-none-eabi/12.1.0/../../../../arm-none-eabi/lib/armv6k/fpu\libg.a(lib_a-time.o)
                0x00000000001187e4                time
 .text.get_arg  0x0000000000118820      0x66c c:/devkitpro/devkitarm/bin/../lib/gcc/arm-none-eabi/12.1.0/../../../../arm-none-eabi/lib/armv6k/fpu\libg.a(lib_a-vfprintf.o)
 *fill*         0x0000000000118e8c        0x4 
 .text._vfprintf_r
                0x0000000000118e90     0x339c c:/devkitpro/devkitarm/bin/../lib/gcc/arm-none-eabi/12.1.0/../../../../arm-none-eabi/lib/armv6k/fpu\libg.a(lib_a-vfprintf.o)
                0x0000000000118e90                _vfprintf_r
 .text.__sbprintf
                0x000000000011c22c       0xd0 c:/devkitpro/devkitarm/bin/../lib/gcc/arm-none-eabi/12.1.0/../../../../arm-none-eabi/lib/armv6k/fpu\libg.a(lib_a-vfprintf.o)
 .text._wcrtomb_r
                0x000000000011c2fc       0x54 c:/devkitpro/devkitarm/bin/../lib/gcc/arm-none-eabi/12.1.0/../../../../arm-none-eabi/lib/armv6k/fpu\libg.a(lib_a-wcrtomb.o)
                0x000000000011c2fc                _wcrtomb_r
 .text._wcsrtombs_r
                0x000000000011c350       0x28 c:/devkitpro/devkitarm/bin/../lib/gcc/arm-none-eabi/12.1.0/../../../../arm-none-eabi/lib/armv6k/fpu\libg.a(lib_a-wcsrtombs.o)
                0x000000000011c350                _wcsrtombs_r
 .text.__swsetup_r
                0x000000000011c378      0x13c c:/devkitpro/devkitarm/bin/../lib/gcc/arm-none-eabi/12.1.0/../../../../arm-none-eabi/lib/armv6k/fpu\libg.a(lib_a-wsetup.o)
                0x000000000011c378                __swsetup_r
 .text.__call_exitprocs
                0x000000000011c4b4      0x114 c:/devkitpro/devkitarm/bin/../lib/gcc/arm-none-eabi/12.1.0/../../../../arm-none-eabi/lib/armv6k/fpu\libg.a(lib_a-__call_atexit.o)
                0x000000000011c4b4                __call_exitprocs
 .text.quorem   0x000000000011c5c8      0x1b0 c:/devkitpro/devkitarm/bin/../lib/gcc/arm-none-eabi/12.1.0/../../../../arm-none-eabi/lib/armv6k/fpu\libg.a(lib_a-dtoa.o)
 .text._dtoa_r  0x000000000011c778     0x11f8 c:/devkitpro/devkitarm/bin/../lib/gcc/arm-none-eabi/12.1.0/../../../../arm-none-eabi/lib/armv6k/fpu\libg.a(lib_a-dtoa.o)
                0x000000000011c778                _dtoa_r
 .text.__sflags
                0x000000000011d970       0xc8 c:/devkitpro/devkitarm/bin/../lib/gcc/arm-none-eabi/12.1.0/../../../../arm-none-eabi/lib/armv6k/fpu\libg.a(lib_a-flags.o)
                0x000000000011d970                __sflags
 .text.iswspace
                0x000000000011da38        0x8 c:/devkitpro/devkitarm/bin/../lib/gcc/arm-none-eabi/12.1.0/../../../../arm-none-eabi/lib/armv6k/fpu\libg.a(lib_a-iswspace.o)
                0x000000000011da38                iswspace
 .text._localeconv_r
                0x000000000011da40        0xc c:/devkitpro/devkitarm/bin/../lib/gcc/arm-none-eabi/12.1.0/../../../../arm-none-eabi/lib/armv6k/fpu\libg.a(lib_a-localeconv.o)
                0x000000000011da40                _localeconv_r
 .text.__locale_mb_cur_max
                0x000000000011da4c       0x10 c:/devkitpro/devkitarm/bin/../lib/gcc/arm-none-eabi/12.1.0/../../../../arm-none-eabi/lib/armv6k/fpu\libg.a(lib_a-locale.o)
                0x000000000011da4c                __locale_mb_cur_max
 .text._mbrtowc_r
                0x000000000011da5c       0x68 c:/devkitpro/devkitarm/bin/../lib/gcc/arm-none-eabi/12.1.0/../../../../arm-none-eabi/lib/armv6k/fpu\libg.a(lib_a-mbrtowc.o)
                0x000000000011da5c                _mbrtowc_r
 .text.__utf8_mbtowc
                0x000000000011dac4      0x2f8 c:/devkitpro/devkitarm/bin/../lib/gcc/arm-none-eabi/12.1.0/../../../../arm-none-eabi/lib/armv6k/fpu\libg.a(lib_a-mbtowc_r.o)
                0x000000000011dac4                __utf8_mbtowc
 .text._Balloc  0x000000000011ddbc       0x88 c:/devkitpro/devkitarm/bin/../lib/gcc/arm-none-eabi/12.1.0/../../../../arm-none-eabi/lib/armv6k/fpu\libg.a(lib_a-mprec.o)
                0x000000000011ddbc                _Balloc
 .text._Bfree   0x000000000011de44       0x1c c:/devkitpro/devkitarm/bin/../lib/gcc/arm-none-eabi/12.1.0/../../../../arm-none-eabi/lib/armv6k/fpu\libg.a(lib_a-mprec.o)
                0x000000000011de44                _Bfree
 .text.__multadd
                0x000000000011de60       0xf4 c:/devkitpro/devkitarm/bin/../lib/gcc/arm-none-eabi/12.1.0/../../../../arm-none-eabi/lib/armv6k/fpu\libg.a(lib_a-mprec.o)
                0x000000000011de60                __multadd
 .text.__s2b    0x000000000011df54      0x110 c:/devkitpro/devkitarm/bin/../lib/gcc/arm-none-eabi/12.1.0/../../../../arm-none-eabi/lib/armv6k/fpu\libg.a(lib_a-mprec.o)
                0x000000000011df54                __s2b
 .text.__hi0bits
                0x000000000011e064       0x60 c:/devkitpro/devkitarm/bin/../lib/gcc/arm-none-eabi/12.1.0/../../../../arm-none-eabi/lib/armv6k/fpu\libg.a(lib_a-mprec.o)
                0x000000000011e064                __hi0bits
 .text.__lo0bits
                0x000000000011e0c4       0x9c c:/devkitpro/devkitarm/bin/../lib/gcc/arm-none-eabi/12.1.0/../../../../arm-none-eabi/lib/armv6k/fpu\libg.a(lib_a-mprec.o)
                0x000000000011e0c4                __lo0bits
 .text.__i2b    0x000000000011e160       0xa8 c:/devkitpro/devkitarm/bin/../lib/gcc/arm-none-eabi/12.1.0/../../../../arm-none-eabi/lib/armv6k/fpu\libg.a(lib_a-mprec.o)
                0x000000000011e160                __i2b
 .text.__multiply
                0x000000000011e208      0x204 c:/devkitpro/devkitarm/bin/../lib/gcc/arm-none-eabi/12.1.0/../../../../arm-none-eabi/lib/armv6k/fpu\libg.a(lib_a-mprec.o)
                0x000000000011e208                __multiply
 .text.__pow5mult
                0x000000000011e40c      0x124 c:/devkitpro/devkitarm/bin/../lib/gcc/arm-none-eabi/12.1.0/../../../../arm-none-eabi/lib/armv6k/fpu\libg.a(lib_a-mprec.o)
                0x000000000011e40c                __pow5mult
 .text.__lshift
                0x000000000011e530      0x140 c:/devkitpro/devkitarm/bin/../lib/gcc/arm-none-eabi/12.1.0/../../../../arm-none-eabi/lib/armv6k/fpu\libg.a(lib_a-mprec.o)
                0x000000000011e530                __lshift
 .text.__mcmp   0x000000000011e670       0x58 c:/devkitpro/devkitarm/bin/../lib/gcc/arm-none-eabi/12.1.0/../../../../arm-none-eabi/lib/armv6k/fpu\libg.a(lib_a-mprec.o)
                0x000000000011e670                __mcmp
 .text.__mdiff  0x000000000011e6c8      0x1ec c:/devkitpro/devkitarm/bin/../lib/gcc/arm-none-eabi/12.1.0/../../../../arm-none-eabi/lib/armv6k/fpu\libg.a(lib_a-mprec.o)
                0x000000000011e6c8                __mdiff
 .text.__ulp    0x000000000011e8b4       0x68 c:/devkitpro/devkitarm/bin/../lib/gcc/arm-none-eabi/12.1.0/../../../../arm-none-eabi/lib/armv6k/fpu\libg.a(lib_a-mprec.o)
                0x000000000011e8b4                __ulp
 .text.__b2d    0x000000000011e91c       0xd0 c:/devkitpro/devkitarm/bin/../lib/gcc/arm-none-eabi/12.1.0/../../../../arm-none-eabi/lib/armv6k/fpu\libg.a(lib_a-mprec.o)
                0x000000000011e91c                __b2d
 .text.__d2b    0x000000000011e9ec      0x120 c:/devkitpro/devkitarm/bin/../lib/gcc/arm-none-eabi/12.1.0/../../../../arm-none-eabi/lib/armv6k/fpu\libg.a(lib_a-mprec.o)
                0x000000000011e9ec                __d2b
 .text.__ratio  0x000000000011eb0c       0x78 c:/devkitpro/devkitarm/bin/../lib/gcc/arm-none-eabi/12.1.0/../../../../arm-none-eabi/lib/armv6k/fpu\libg.a(lib_a-mprec.o)
                0x000000000011eb0c                __ratio
 .text.__copybits
                0x000000000011eb84       0x88 c:/devkitpro/devkitarm/bin/../lib/gcc/arm-none-eabi/12.1.0/../../../../arm-none-eabi/lib/armv6k/fpu\libg.a(lib_a-mprec.o)
                0x000000000011eb84                __copybits
 .text.__any_on
                0x000000000011ec0c       0x5c c:/devkitpro/devkitarm/bin/../lib/gcc/arm-none-eabi/12.1.0/../../../../arm-none-eabi/lib/armv6k/fpu\libg.a(lib_a-mprec.o)
                0x000000000011ec0c                __any_on
 .text.realloc  0x000000000011ec68       0x20 c:/devkitpro/devkitarm/bin/../lib/gcc/arm-none-eabi/12.1.0/../../../../arm-none-eabi/lib/armv6k/fpu\libg.a(lib_a-realloc.o)
                0x000000000011ec68                realloc
 .text._realloc_r
                0x000000000011ec88      0x4a0 c:/devkitpro/devkitarm/bin/../lib/gcc/arm-none-eabi/12.1.0/../../../../arm-none-eabi/lib/armv6k/fpu\libg.a(lib_a-reallocr.o)
                0x000000000011ec88                _realloc_r
 .text.__sccl   0x000000000011f128       0xf4 c:/devkitpro/devkitarm/bin/../lib/gcc/arm-none-eabi/12.1.0/../../../../arm-none-eabi/lib/armv6k/fpu\libg.a(lib_a-sccl.o)
                0x000000000011f128                __sccl
 .text.nanf     0x000000000011f21c        0xc c:/devkitpro/devkitarm/bin/../lib/gcc/arm-none-eabi/12.1.0/../../../../arm-none-eabi/lib/armv6k/fpu\libg.a(lib_a-sf_nan.o)
                0x000000000011f21c                nanf
 .text.frexp    0x000000000011f228       0x88 c:/devkitpro/devkitarm/bin/../lib/gcc/arm-none-eabi/12.1.0/../../../../arm-none-eabi/lib/armv6k/fpu\libg.a(lib_a-s_frexp.o)
                0x000000000011f228                frexp
 .text.sprintf  0x000000000011f2b0       0x64 c:/devkitpro/devkitarm/bin/../lib/gcc/arm-none-eabi/12.1.0/../../../../arm-none-eabi/lib/armv6k/fpu\libg.a(lib_a-sprintf.o)
                0x000000000011f2b0                sprintf
 .text.stpncpy  0x000000000011f314       0xcc c:/devkitpro/devkitarm/bin/../lib/gcc/arm-none-eabi/12.1.0/../../../../arm-none-eabi/lib/armv6k/fpu\libg.a(lib_a-stpncpy.o)
                0x000000000011f314                stpncpy
 .text.sulp     0x000000000011f3e0       0x64 c:/devkitpro/devkitarm/bin/../lib/gcc/arm-none-eabi/12.1.0/../../../../arm-none-eabi/lib/armv6k/fpu\libg.a(lib_a-strtod.o)
 *fill*         0x000000000011f444        0x4 
 .text._strtod_l