Archive member included to satisfy reference by file (symbol)

/opt/devkitpro/libctru/lib/libcitro2d.a(base.o)
                              main.o (C2D_Init)
/opt/devkitpro/libctru/lib/libcitro2d.a(spritesheet.o)
                              main.o (C2D_SpriteSheetLoad)
/opt/devkitpro/libctru/lib/libcitro2d.a(render2d.shbin.o)
                              /opt/devkitpro/libctru/lib/libcitro2d.a(base.o) (render2d_shbin)
/opt/devkitpro/libctru/lib/libcitro3d.a(base.o)
                              main.o (C3D_Init)
/opt/devkitpro/libctru/lib/libcitro3d.a(renderqueue.o)
                              /opt/devkitpro/libctru/lib/libcitro3d.a(base.o) (C3Di_RenderQueueEnableVBlank)
/opt/devkitpro/libctru/lib/libcitro3d.a(texture.o)
                              /opt/devkitpro/libctru/lib/libcitro2d.a(base.o) (C3D_TexBind)
/opt/devkitpro/libctru/lib/libcitro3d.a(tex3ds.o)
                              /opt/devkitpro/libctru/lib/libcitro2d.a(spritesheet.o) (Tex3DS_TextureImport)
/opt/devkitpro/libctru/lib/libcitro3d.a(framebuffer.o)
                              /opt/devkitpro/libctru/lib/libcitro3d.a(renderqueue.o) (C3D_CalcColorBufSize)
/opt/devkitpro/libctru/lib/libcitro3d.a(texenv.o)
                              /opt/devkitpro/libctru/lib/libcitro2d.a(base.o) (C3D_GetTexEnv)
/opt/devkitpro/libctru/lib/libcitro3d.a(drawElements.o)
                              /opt/devkitpro/libctru/lib/libcitro2d.a(base.o) (C3D_DrawElements)
/opt/devkitpro/libctru/lib/libcitro3d.a(proctex.o)
                              /opt/devkitpro/libctru/lib/libcitro2d.a(base.o) (C3D_ProcTexInit)
/opt/devkitpro/libctru/lib/libcitro3d.a(buffers.o)
                              /opt/devkitpro/libctru/lib/libcitro2d.a(base.o) (BufInfo_Init)
/opt/devkitpro/libctru/lib/libcitro3d.a(effect.o)
                              /opt/devkitpro/libctru/lib/libcitro3d.a(base.o) (C3D_DepthMap)
/opt/devkitpro/libctru/lib/libcitro3d.a(attribs.o)
                              /opt/devkitpro/libctru/lib/libcitro2d.a(base.o) (AttrInfo_Init)
/opt/devkitpro/libctru/lib/libcitro3d.a(immediate.o)
                              /opt/devkitpro/libctru/lib/libcitro3d.a(base.o) (C3D_ImmSendAttrib)
/opt/devkitpro/libctru/lib/libcitro3d.a(uniforms.o)
                              /opt/devkitpro/libctru/lib/libcitro3d.a(base.o) (C3D_UpdateUniforms)
/opt/devkitpro/libctru/lib/libcitro3d.a(mtx_ortho.o)
                              /opt/devkitpro/libctru/lib/libcitro2d.a(base.o) (Mtx_Ortho)
/opt/devkitpro/libctru/lib/libcitro3d.a(mtx_scale.o)
                              /opt/devkitpro/libctru/lib/libcitro2d.a(base.o) (Mtx_Scale)
/opt/devkitpro/libctru/lib/libcitro3d.a(mtx_multiply.o)
                              /opt/devkitpro/libctru/lib/libcitro2d.a(base.o) (Mtx_Multiply)
/opt/devkitpro/libctru/lib/libcitro3d.a(mtx_orthotilt.o)
                              /opt/devkitpro/libctru/lib/libcitro2d.a(base.o) (Mtx_OrthoTilt)
/opt/devkitpro/libctru/lib/libcitro3d.a(mtx_translate.o)
                              /opt/devkitpro/libctru/lib/libcitro2d.a(base.o) (Mtx_Translate)
/opt/devkitpro/libctru/lib/libcitro3d.a(mtx_rotatez.o)
                              /opt/devkitpro/libctru/lib/libcitro2d.a(base.o) (Mtx_RotateZ)
/opt/devkitpro/libctru/lib/libctru.a(vram.o)
                              /opt/devkitpro/libctru/lib/libcitro3d.a(renderqueue.o) (vramAlloc)
/opt/devkitpro/libctru/lib/libctru.a(linear.o)
                              /opt/devkitpro/libctru/lib/libcitro2d.a(base.o) (linearAlloc)
/opt/devkitpro/libctru/lib/libctru.a(mem_pool.o)
                              /opt/devkitpro/libctru/lib/libctru.a(vram.o) (MemPool::Allocate(MemChunk&, unsigned long, int))
/opt/devkitpro/libctru/lib/libctru.a(romfs_dev.o)
                              main.o (romfsMountSelf)
/opt/devkitpro/libctru/lib/libctru.a(os.o)
                              /opt/devkitpro/libctru/lib/libcitro3d.a(texture.o) (osConvertVirtToPhys)
/opt/devkitpro/libctru/lib/libctru.a(console.o)
                              main.o (consoleInit)
/opt/devkitpro/libctru/lib/libctru.a(path_buf.o)
                              /opt/devkitpro/libctru/lib/libctru.a(romfs_dev.o) (__ctru_dev_utf16_buf)
/opt/devkitpro/libctru/lib/libctru.a(gfx.o)
                              /opt/devkitpro/libctru/lib/libcitro2d.a(base.o) (gfxIsWide)
/opt/devkitpro/libctru/lib/libctru.a(shaderProgram.o)
                              /opt/devkitpro/libctru/lib/libcitro2d.a(base.o) (shaderInstanceGetUniformLocation)
/opt/devkitpro/libctru/lib/libctru.a(shbin.o)
                              /opt/devkitpro/libctru/lib/libcitro2d.a(base.o) (DVLB_ParseFile)
/opt/devkitpro/libctru/lib/libctru.a(gx.o)
                              /opt/devkitpro/libctru/lib/libcitro3d.a(renderqueue.o) (GX_BindQueue)
/opt/devkitpro/libctru/lib/libctru.a(gxqueue.o)
                              /opt/devkitpro/libctru/lib/libcitro3d.a(renderqueue.o) (gxCmdQueueClear)
/opt/devkitpro/libctru/lib/libctru.a(gpu.o)
[...]
Memory Configuration

Name             Origin             Length             Attributes
*default*        0x0000000000000000 0xffffffffffffffff

Linker script and memory map

                0x0000000000100000                PROVIDE (__start__ = 0x100000)
                0x0000000000100000                . = __start__

.text           0x0000000000100000    0x2acd8
 *(.crt0)
 .crt0          0x0000000000100000       0x94 /opt/devkitpro/devkitARM/bin/../lib/gcc/arm-none-eabi/12.1.0/../../../../arm-none-eabi/lib/armv6k/fpu/3dsx_crt0.o
                0x0000000000100000                _start
                0x0000000000100008                __service_ptr
                0x000000000010000c                __apt_appid
                0x0000000000100010                __heap_size
                0x0000000000100014                __linear_heap_size
                0x0000000000100018                __system_arglist
                0x000000000010001c                __system_runflags
 *(.init)
 .init          0x0000000000100094        0xc /opt/devkitpro/devkitARM/bin/../lib/gcc/arm-none-eabi/12.1.0/armv6k/fpu/crti.o
                0x0000000000100094                _init
 .init          0x00000000001000a0        0xc /opt/devkitpro/devkitARM/bin/../lib/gcc/arm-none-eabi/12.1.0/armv6k/fpu/crtn.o
                0x00000000001000ac                . = ALIGN (0x4)
 *(.text)
 .text          0x00000000001000ac      0x20c /opt/devkitpro/devkitARM/bin/../lib/gcc/arm-none-eabi/12.1.0/armv6k/fpu/libgcc.a(_udivsi3.o)
                0x00000000001000ac                __udivsi3
                0x00000000001000ac                __aeabi_uidiv
                0x0000000000100298                __aeabi_uidivmod
 .text          0x00000000001002b8      0x240 /opt/devkitpro/devkitARM/bin/../lib/gcc/arm-none-eabi/12.1.0/armv6k/fpu/libgcc.a(_divsi3.o)
                0x00000000001002b8                __aeabi_idiv
                0x00000000001002b8                __divsi3
                0x00000000001004d8                __aeabi_idivmod
 .text          0x00000000001004f8        0x4 /opt/devkitpro/devkitARM/bin/../lib/gcc/arm-none-eabi/12.1.0/armv6k/fpu/libgcc.a(_dvmd_tls.o)
                0x00000000001004f8                __aeabi_ldiv0
                0x00000000001004f8                __aeabi_idiv0
 .text          0x00000000001004fc      0x3c0 /opt/devkitpro/devkitARM/bin/../lib/gcc/arm-none-eabi/12.1.0/armv6k/fpu/libgcc.a(_arm_addsubdf3.o)
                0x00000000001004fc                __aeabi_drsub
                0x0000000000100504                __aeabi_dsub
                0x0000000000100504                __subdf3
                0x0000000000100508                __adddf3
                0x0000000000100508                __aeabi_dadd
                0x00000000001007b4                __aeabi_ui2d
                0x00000000001007b4                __floatunsidf
                0x00000000001007d8                __floatsidf
                0x00000000001007d8                __aeabi_i2d
                0x0000000000100800                __extendsfdf2
                0x0000000000100800                __aeabi_f2d
                0x0000000000100848                __aeabi_ul2d
                0x0000000000100848                __floatundidf
                0x000000000010085c                __floatdidf
                0x000000000010085c                __aeabi_l2d
 .text          0x00000000001008bc       0xd4 /opt/devkitpro/devkitARM/bin/../lib/gcc/arm-none-eabi/12.1.0/armv6k/fpu/libgcc.a(_aeabi_ldivmod.o)
                0x00000000001008bc                __aeabi_ldivmod
 .text          0x0000000000100990       0x3c /opt/devkitpro/devkitARM/bin/../lib/gcc/arm-none-eabi/12.1.0/armv6k/fpu/libgcc.a(_aeabi_uldivmod.o)
                0x0000000000100990                __aeabi_uldivmod
 *fill*         0x00000000001009cc       0x14 
 .text          0x00000000001009e0      0x390 /opt/devkitpro/devkitARM/bin/../lib/gcc/arm-none-eabi/12.1.0/../../../../arm-none-eabi/lib/armv6k/fpu/libg.a(lib_a-strcmp.o)
                0x00000000001009e8                strcmp
 *(.text.*)
 .text.__do_global_dtors_aux
                0x0000000000100d70       0x40 /opt/devkitpro/devkitARM/bin/../lib/gcc/arm-none-eabi/12.1.0/armv6k/fpu/crtbegin.o
 .text.frame_dummy
                0x0000000000100db0       0x2c /opt/devkitpro/devkitARM/bin/../lib/gcc/arm-none-eabi/12.1.0/armv6k/fpu/crtbegin.o
 .text.debug    0x0000000000100ddc       0x88 main.o
                0x0000000000100ddc                debug
 .text.startup.main
                0x0000000000100e64      0x294 main.o
                0x0000000000100e64                main
 .text.C2Di_FrameEndHook
                0x00000000001010f8       0x44 /opt/devkitpro/libctru/lib/libcitro2d.a(base.o)
 *fill*         0x000000000010113c        0x4 
 .text.C2D_Init
                0x0000000000101140      0x36c /opt/devkitpro/libctru/lib/libcitro2d.a(base.o)
                0x0000000000101140                C2D_Init
 .text.C2D_Fini
                0x00000000001014ac       0x4c /opt/devkitpro/libctru/lib/libcitro2d.a(base.o)
                0x00000000001014ac                C2D_Fini
 .text.C2D_Prepare
                0x00000000001014f8       0xb8 /opt/devkitpro/libctru/lib/libcitro2d.a(base.o)
                0x00000000001014f8                C2D_Prepare
 .text.C2D_Flush
                0x00000000001015b0       0x48 /opt/devkitpro/libctru/lib/libcitro2d.a(base.o)
                0x00000000001015b0                C2D_Flush
 .text.C2D_SceneSize
                0x00000000001015f8      0x104 /opt/devkitpro/libctru/lib/libcitro2d.a(base.o)
                0x00000000001015f8                C2D_SceneSize
 .text.C2D_CreateScreenTarget
                0x00000000001016fc       0x58 /opt/devkitpro/libctru/lib/libcitro2d.a(base.o)
                0x00000000001016fc                C2D_CreateScreenTarget
 .text.C2D_TargetClear
                0x0000000000101754       0x64 /opt/devkitpro/libctru/lib/libcitro2d.a(base.o)
                0x0000000000101754                C2D_TargetClear
 .text.C2D_Fade
                0x00000000001017b8       0x20 /opt/devkitpro/libctru/lib/libcitro2d.a(base.o)
                0x00000000001017b8                C2D_Fade
 .text.C2Di_CalcQuad
                0x00000000001017d8      0x13c /opt/devkitpro/libctru/lib/libcitro2d.a(base.o)
                0x00000000001017d8                C2Di_CalcQuad
 .text.C2Di_AppendQuad
                0x0000000000101914       0x58 /opt/devkitpro/libctru/lib/libcitro2d.a(base.o)
                0x0000000000101914                C2Di_AppendQuad
 .text.C2Di_Update
                0x000000000010196c      0x550 /opt/devkitpro/libctru/lib/libcitro2d.a(base.o)
                0x000000000010196c                C2Di_Update
 .text.C2D_DrawImage
                0x0000000000101ebc      0x2b0 /opt/devkitpro/libctru/lib/libcitro2d.a(base.o)
                0x0000000000101ebc                C2D_DrawImage
 .text.C2D_SpriteSheetLoadFromHandle
                0x000000000010216c       0x6c /opt/devkitpro/libctru/lib/libcitro2d.a(spritesheet.o)
                0x000000000010216c                C2D_SpriteSheetLoadFromHandle
 .text.C2D_SpriteSheetLoad
                0x00000000001021d8       0x48 /opt/devkitpro/libctru/lib/libcitro2d.a(spritesheet.o)
                0x00000000001021d8                C2D_SpriteSheetLoad
 .text.C2D_SpriteSheetFree
                0x0000000000102220       0x28 /opt/devkitpro/libctru/lib/libcitro2d.a(spritesheet.o)
                0x0000000000102220                C2D_SpriteSheetFree
 .text.C2D_SpriteSheetGetImage
                0x0000000000102248       0x2c /opt/devkitpro/libctru/lib/libcitro2d.a(spritesheet.o)
                0x0000000000102248                C2D_SpriteSheetGetImage
 .text.C3Di_LightEnvUpdate
                0x0000000000102274        0x4 /opt/devkitpro/libctru/lib/libcitro3d.a(base.o)
                0x0000000000102274                C3Di_LightEnvUpdate
 .text.C3Di_LightEnvDirty
                0x0000000000102278        0x4 /opt/devkitpro/libctru/lib/libcitro3d.a(base.o)
                0x0000000000102278                C3Di_LightEnvDirty
 .text.C3Di_AptEventHook
                0x000000000010227c       0xb4 /opt/devkitpro/libctru/lib/libcitro3d.a(base.o)
 .text.C3Di_GasUpdate
                0x0000000000102330        0x4 /opt/devkitpro/libctru/lib/libcitro3d.a(base.o)
                0x0000000000102330                C3Di_GasUpdate
 .text.C3D_Init
                0x0000000000102334      0x1e0 /opt/devkitpro/libctru/lib/libcitro3d.a(base.o)
                0x0000000000102334                C3D_Init
 .text.C3D_SetViewport
                0x0000000000102514       0x98 /opt/devkitpro/libctru/lib/libcitro3d.a(base.o)
                0x0000000000102514                C3D_SetViewport
 .text.C3Di_UpdateContext
                0x00000000001025ac      0x4e8 /opt/devkitpro/libctru/lib/libcitro3d.a(base.o)
                0x00000000001025ac                C3Di_UpdateContext
 .text.C3Di_SplitFrame
                0x0000000000102a94       0xe0 /opt/devkitpro/libctru/lib/libcitro3d.a(base.o)
                0x0000000000102a94                C3Di_SplitFrame
 .text.C3D_GetCmdBufUsage
                0x0000000000102b74       0x10 /opt/devkitpro/libctru/lib/libcitro3d.a(base.o)
                0x0000000000102b74                C3D_GetCmdBufUsage
 .text.C3D_Fini
                0x0000000000102b84       0x44 /opt/devkitpro/libctru/lib/libcitro3d.a(base.o)
                0x0000000000102b84                C3D_Fini
 .text.C3D_BindProgram
                0x0000000000102bc8      0x114 /opt/devkitpro/libctru/lib/libcitro3d.a(base.o)
                0x0000000000102bc8                C3D_BindProgram
 .text.onVBlank0
                0x0000000000102cdc       0x4c /opt/devkitpro/libctru/lib/libcitro3d.a(renderqueue.o)
 .text.onVBlank1
                0x0000000000102d28       0x4c /opt/devkitpro/libctru/lib/libcitro3d.a(renderqueue.o)
 .text.C3Di_RenderTargetDestroy
                0x0000000000102d74       0x80 /opt/devkitpro/libctru/lib/libcitro3d.a(renderqueue.o)
 .text.onQueueFinish
                0x0000000000102df4       0xf4 /opt/devkitpro/libctru/lib/libcitro3d.a(renderqueue.o)
 .text.C3Di_RenderQueueEnableVBlank
                0x0000000000102ee8       0x38 /opt/devkitpro/libctru/lib/libcitro3d.a(renderqueue.o)
                0x0000000000102ee8                C3Di_RenderQueueEnableVBlank
 .text.C3Di_RenderQueueDisableVBlank
                0x0000000000102f20       0x30 /opt/devkitpro/libctru/lib/libcitro3d.a(renderqueue.o)
                0x0000000000102f20                C3Di_RenderQueueDisableVBlank
 .text.C3Di_RenderQueueInit
                0x0000000000102f50       0x60 /opt/devkitpro/libctru/lib/libcitro3d.a(renderqueue.o)
                0x0000000000102f50                C3Di_RenderQueueInit
 .text.C3Di_RenderQueueExit
                0x0000000000102fb0       0xb0 /opt/devkitpro/libctru/lib/libcitro3d.a(renderqueue.o)
                0x0000000000102fb0                C3Di_RenderQueueExit
 .text.C3Di_RenderQueueWaitDone
                0x0000000000103060       0x34 /opt/devkitpro/libctru/lib/libcitro3d.a(renderqueue.o)
                0x0000000000103060                C3Di_RenderQueueWaitDone
 .text.C3D_FrameBegin
                0x0000000000103094       0xe4 /opt/devkitpro/libctru/lib/libcitro3d.a(renderqueue.o)
                0x0000000000103094                C3D_FrameBegin
 .text.C3D_FrameDrawOn
                0x0000000000103178       0x48 /opt/devkitpro/libctru/lib/libcitro3d.a(renderqueue.o)
                0x0000000000103178                C3D_FrameDrawOn
 .text.C3D_FrameSplit
                0x00000000001031c0       0x58 /opt/devkitpro/libctru/lib/libcitro3d.a(renderqueue.o)
                0x00000000001031c0                C3D_FrameSplit
 .text.C3D_FrameEnd
                0x0000000000103218      0x1d8 /opt/devkitpro/libctru/lib/libcitro3d.a(renderqueue.o)
                0x0000000000103218                C3D_FrameEnd
 .text.C3D_FrameEndHook
                0x00000000001033f0       0x1c /opt/devkitpro/libctru/lib/libcitro3d.a(renderqueue.o)
                0x00000000001033f0                C3D_FrameEndHook
 .text.C3D_GetDrawingTime
                0x000000000010340c       0x18 /opt/devkitpro/libctru/lib/libcitro3d.a(renderqueue.o)
                0x000000000010340c                C3D_GetDrawingTime
 .text.C3D_GetProcessingTime
                0x0000000000103424       0x18 /opt/devkitpro/libctru/lib/libcitro3d.a(renderqueue.o)
                0x0000000000103424                C3D_GetProcessingTime
 .text.C3D_RenderTargetCreate
                0x000000000010343c      0x184 /opt/devkitpro/libctru/lib/libcitro3d.a(renderqueue.o)
                0x000000000010343c                C3D_RenderTargetCreate
 .text.C3D_RenderTargetSetOutput
                0x00000000001035c0       0xa8 /opt/devkitpro/libctru/lib/libcitro3d.a(renderqueue.o)
                0x00000000001035c0                C3D_RenderTargetSetOutput
 .text.C3D_SyncTextureCopy
                0x0000000000103668       0xfc /opt/devkitpro/libctru/lib/libcitro3d.a(renderqueue.o)
                0x0000000000103668                C3D_SyncTextureCopy
 .text.C3D_TexInitWithParams
                0x0000000000103764      0x294 /opt/devkitpro/libctru/lib/libcitro3d.a(texture.o)
                0x0000000000103764                C3D_TexInitWithParams
 .text.C3D_TexLoadImage
                0x00000000001039f8       0xc8 /opt/devkitpro/libctru/lib/libcitro3d.a(texture.o)
                0x00000000001039f8                C3D_TexLoadImage
 .text.C3D_TexBind
                0x0000000000103ac0       0x44 /opt/devkitpro/libctru/lib/libcitro3d.a(texture.o)
                0x0000000000103ac0                C3D_TexBind
 .text.C3D_TexDelete
                0x0000000000103b04       0x74 /opt/devkitpro/libctru/lib/libcitro3d.a(texture.o)
                0x0000000000103b04                C3D_TexDelete
 .text.C3Di_SetTex
                0x0000000000103b78      0x16c /opt/devkitpro/libctru/lib/libcitro3d.a(texture.o)
                0x0000000000103b78                C3Di_SetTex
 .text.Tex3DSi_ImportCommon
                0x0000000000103ce4      0x3f4 /opt/devkitpro/libctru/lib/libcitro3d.a(tex3ds.o)
 .text.Tex3DS_TextureImportStdio
                0x00000000001040d8       0x38 /opt/devkitpro/libctru/lib/libcitro3d.a(tex3ds.o)
                0x00000000001040d8                Tex3DS_TextureImportStdio
 .text.Tex3DS_GetSubTexture
                0x0000000000104110       0x1c /opt/devkitpro/libctru/lib/libcitro3d.a(tex3ds.o)
                0x0000000000104110                Tex3DS_GetSubTexture
 .text.Tex3DS_TextureFree
                0x000000000010412c        0x4 /opt/devkitpro/libctru/lib/libcitro3d.a(tex3ds.o)
                0x000000000010412c                Tex3DS_TextureFree
 .text.C3D_CalcColorBufSize
                0x0000000000104130       0x1c /opt/devkitpro/libctru/lib/libcitro3d.a(framebuffer.o)
                0x0000000000104130                C3D_CalcColorBufSize
 .text.C3D_CalcDepthBufSize
                0x000000000010414c       0x1c /opt/devkitpro/libctru/lib/libcitro3d.a(framebuffer.o)
                0x000000000010414c                C3D_CalcDepthBufSize
 .text.C3D_SetFrameBuf
                0x0000000000104168       0x44 /opt/devkitpro/libctru/lib/libcitro3d.a(framebuffer.o)
                0x0000000000104168                C3D_SetFrameBuf
 .text.C3Di_FrameBufBind
                0x00000000001041ac      0x16c /opt/devkitpro/libctru/lib/libcitro3d.a(framebuffer.o)
                0x00000000001041ac                C3Di_FrameBufBind
 .text.C3D_FrameBufClear
                0x0000000000104318       0xc8 /opt/devkitpro/libctru/lib/libcitro3d.a(framebuffer.o)
                0x0000000000104318                C3D_FrameBufClear
 .text.C3D_FrameBufTransfer
                0x00000000001043e0       0x44 /opt/devkitpro/libctru/lib/libcitro3d.a(framebuffer.o)
                0x00000000001043e0                C3D_FrameBufTransfer
 .text.C3D_GetTexEnv
                0x0000000000104424       0x34 /opt/devkitpro/libctru/lib/libcitro3d.a(texenv.o)
                0x0000000000104424                C3D_GetTexEnv
 .text.C3Di_TexEnvBind
                0x0000000000104458       0x24 /opt/devkitpro/libctru/lib/libcitro3d.a(texenv.o)
                0x0000000000104458                C3Di_TexEnvBind
 .text.C3D_DrawElements
                0x000000000010447c      0x218 /opt/devkitpro/libctru/lib/libcitro3d.a(drawElements.o)
                0x000000000010447c                C3D_DrawElements
 .text.C3D_ProcTexInit
                0x0000000000104694       0x70 /opt/devkitpro/libctru/lib/libcitro3d.a(proctex.o)
                0x0000000000104694                C3D_ProcTexInit
 .text.C3D_ProcTexBind
                0x0000000000104704       0x54 /opt/devkitpro/libctru/lib/libcitro3d.a(proctex.o)
                0x0000000000104704                C3D_ProcTexBind
 .text.C3D_ProcTexLutBind
                0x0000000000104758       0x5c /opt/devkitpro/libctru/lib/libcitro3d.a(proctex.o)
                0x0000000000104758                C3D_ProcTexLutBind
 .text.ProcTexLut_FromArray
                0x00000000001047b4       0xa4 /opt/devkitpro/libctru/lib/libcitro3d.a(proctex.o)
                0x00000000001047b4                ProcTexLut_FromArray
 .text.C3Di_ProcTexUpdate
                0x0000000000104858      0x17c /opt/devkitpro/libctru/lib/libcitro3d.a(proctex.o)
                0x0000000000104858                C3Di_ProcTexUpdate
 .text.C3Di_ProcTexDirty
                0x00000000001049d4       0x68 /opt/devkitpro/libctru/lib/libcitro3d.a(proctex.o)
                0x00000000001049d4                C3Di_ProcTexDirty
 .text.BufInfo_Init
                0x0000000000104a3c       0x24 /opt/devkitpro/libctru/lib/libcitro3d.a(buffers.o)
                0x0000000000104a3c                BufInfo_Init
 .text.BufInfo_Add
                0x0000000000104a60       0x80 /opt/devkitpro/libctru/lib/libcitro3d.a(buffers.o)
                0x0000000000104a60                BufInfo_Add
 .text.C3D_SetBufInfo
                0x0000000000104ae0       0x40 /opt/devkitpro/libctru/lib/libcitro3d.a(buffers.o)
                0x0000000000104ae0                C3D_SetBufInfo
 .text.C3Di_BufInfoBind
                0x0000000000104b20       0x48 /opt/devkitpro/libctru/lib/libcitro3d.a(buffers.o)
                0x0000000000104b20                C3Di_BufInfoBind
 .text.C3D_DepthMap
                0x0000000000104b68       0x40 /opt/devkitpro/libctru/lib/libcitro3d.a(effect.o)
                0x0000000000104b68                C3D_DepthMap
 .text.C3D_CullFace
                0x0000000000104ba8       0x1c /opt/devkitpro/libctru/lib/libcitro3d.a(effect.o)
                0x0000000000104ba8                C3D_CullFace
 .text.C3D_StencilTest
                0x0000000000104bc4       0x40 /opt/devkitpro/libctru/lib/libcitro3d.a(effect.o)
                0x0000000000104bc4                C3D_StencilTest
 .text.C3D_StencilOp
                0x0000000000104c04       0x24 /opt/devkitpro/libctru/lib/libcitro3d.a(effect.o)
                0x0000000000104c04                C3D_StencilOp
 .text.C3D_BlendingColor
                0x0000000000104c28       0x1c /opt/devkitpro/libctru/lib/libcitro3d.a(effect.o)
                0x0000000000104c28                C3D_BlendingColor
 .text.C3D_EarlyDepthTest
                0x0000000000104c44       0x24 /opt/devkitpro/libctru/lib/libcitro3d.a(effect.o)
                0x0000000000104c44                C3D_EarlyDepthTest
 .text.C3D_DepthTest
                0x0000000000104c68       0x2c /opt/devkitpro/libctru/lib/libcitro3d.a(effect.o)
                0x0000000000104c68                C3D_DepthTest
 .text.C3D_AlphaTest
                0x0000000000104c94       0x2c /opt/devkitpro/libctru/lib/libcitro3d.a(effect.o)
                0x0000000000104c94                C3D_AlphaTest
 .text.C3D_AlphaBlend
                0x0000000000104cc0       0x50 /opt/devkitpro/libctru/lib/libcitro3d.a(effect.o)
                0x0000000000104cc0                C3D_AlphaBlend
 .text.C3D_FragOpMode
                0x0000000000104d10       0x30 /opt/devkitpro/libctru/lib/libcitro3d.a(effect.o)
                0x0000000000104d10                C3D_FragOpMode
 .text.C3D_FragOpShadow
                0x0000000000104d40       0x44 /opt/devkitpro/libctru/lib/libcitro3d.a(effect.o)
                0x0000000000104d40                C3D_FragOpShadow
 .text.C3Di_EffectBind
                0x0000000000104d84      0x1ac /opt/devkitpro/libctru/lib/libcitro3d.a(effect.o)
                0x0000000000104d84                C3Di_EffectBind
 .text.AttrInfo_Init
                0x0000000000104f30       0x28 /opt/devkitpro/libctru/lib/libcitro3d.a(attribs.o)
                0x0000000000104f30                AttrInfo_Init
 .text.AttrInfo_AddLoader
                0x0000000000104f58       0x94 /opt/devkitpro/libctru/lib/libcitro3d.a(attribs.o)
                0x0000000000104f58                AttrInfo_AddLoader
 .text.C3D_SetAttrInfo
                0x0000000000104fec       0x54 /opt/devkitpro/libctru/lib/libcitro3d.a(attribs.o)
                0x0000000000104fec                C3D_SetAttrInfo
 .text.C3Di_AttrInfoBind
                0x0000000000105040       0x80 /opt/devkitpro/libctru/lib/libcitro3d.a(attribs.o)
                0x0000000000105040                C3Di_AttrInfoBind
 .text.C3D_ImmSendAttrib
                0x00000000001050c0       0xa8 /opt/devkitpro/libctru/lib/libcitro3d.a(immediate.o)
                0x00000000001050c0                C3D_ImmSendAttrib
 .text.C3D_UpdateUniforms
                0x0000000000105168      0x280 /opt/devkitpro/libctru/lib/libcitro3d.a(uniforms.o)
                0x0000000000105168                C3D_UpdateUniforms
 .text.C3Di_DirtyUniforms
                0x00000000001053e8       0xc0 /opt/devkitpro/libctru/lib/libcitro3d.a(uniforms.o)
                0x00000000001053e8                C3Di_DirtyUniforms
 .text.C3Di_LoadShaderUniforms
                0x00000000001054a8       0xd8 /opt/devkitpro/libctru/lib/libcitro3d.a(uniforms.o)
                0x00000000001054a8                C3Di_LoadShaderUniforms
 .text.C3Di_ClearShaderUniforms
                0x0000000000105580       0x28 /opt/devkitpro/libctru/lib/libcitro3d.a(uniforms.o)
                0x0000000000105580                C3Di_ClearShaderUniforms
 .text.Mtx_Ortho
                0x00000000001055a8       0xcc /opt/devkitpro/libctru/lib/libcitro3d.a(mtx_ortho.o)
                0x00000000001055a8                Mtx_Ortho
 .text.Mtx_OrthoTilt
                0x0000000000105674       0xcc /opt/devkitpro/libctru/lib/libcitro3d.a(mtx_orthotilt.o)
                0x0000000000105674                Mtx_OrthoTilt
 .text._ZL21addrMapNodeComparatorPK11rbtree_nodeS1_
                0x0000000000105740       0x24 /opt/devkitpro/libctru/lib/libctru.a(vram.o)
 .text._ZL21addrMapNodeDestructorP11rbtree_node
                0x0000000000105764        0x4 /opt/devkitpro/libctru/lib/libctru.a(vram.o)
 .text.vramMemAlignAt
                0x0000000000105768      0x250 /opt/devkitpro/libctru/lib/libctru.a(vram.o)
                0x0000000000105768                vramMemAlignAt
 .text.vramAlloc
                0x00000000001059b8        0xc /opt/devkitpro/libctru/lib/libctru.a(vram.o)
                0x00000000001059b8                vramAlloc
 .text.vramAllocAt
                0x00000000001059c4        0xc /opt/devkitpro/libctru/lib/libctru.a(vram.o)
                0x00000000001059c4                vramAllocAt
 .text.vramFree
                0x00000000001059d0       0x90 /opt/devkitpro/libctru/lib/libctru.a(vram.o)
                0x00000000001059d0                vramFree
 .text._ZL21addrMapNodeComparatorPK11rbtree_nodeS1_
                0x0000000000105a60       0x24 /opt/devkitpro/libctru/lib/libctru.a(linear.o)
 .text._ZL21addrMapNodeDestructorP11rbtree_node
                0x0000000000105a84        0x4 /opt/devkitpro/libctru/lib/libctru.a(linear.o)
 .text.linearMemAlign
                0x0000000000105a88      0x120 /opt/devkitpro/libctru/lib/libctru.a(linear.o)
                0x0000000000105a88                linearMemAlign
 .text.linearAlloc
                0x0000000000105ba8        0x8 /opt/devkitpro/libctru/lib/libctru.a(linear.o)
                0x0000000000105ba8                linearAlloc
 .text.linearFree
                0x0000000000105bb0       0x5c /opt/devkitpro/libctru/lib/libctru.a(linear.o)
                0x0000000000105bb0                linearFree
 .text._ZN7MemPool13CoalesceRightEP8MemBlock
                0x0000000000105c0c       0x80 /opt/devkitpro/libctru/lib/libctru.a(mem_pool.o)
                0x0000000000105c0c                MemPool::CoalesceRight(MemBlock*)
 .text._ZN7MemPool8AllocateER8MemChunkmi
                0x0000000000105c8c      0x16c /opt/devkitpro/libctru/lib/libctru.a(mem_pool.o)
                0x0000000000105c8c                MemPool::Allocate(MemChunk&, unsigned long, int)
 .text._ZN7MemPool10DeallocateERK8MemChunk
                0x0000000000105df8       0xfc /opt/devkitpro/libctru/lib/libctru.a(mem_pool.o)
                0x0000000000105df8                MemPool::Deallocate(MemChunk const&)
 .text._ZN7MemPool12GetFreeSpaceEv
                0x0000000000105ef4       0x30 /opt/devkitpro/libctru/lib/libctru.a(mem_pool.o)
                0x0000000000105ef4                MemPool::GetFreeSpace()
 .text.romfs_close
                0x0000000000105f24        0x8 /opt/devkitpro/libctru/lib/libctru.a(romfs_dev.o)
 .text.romfs_seek
                0x0000000000105f2c       0xc0 /opt/devkitpro/libctru/lib/libctru.a(romfs_dev.o)
 .text.romfs_dirreset
                0x0000000000105fec       0x24 /opt/devkitpro/libctru/lib/libctru.a(romfs_dev.o)
 .text.fill_dir
                0x0000000000106010       0xc8 /opt/devkitpro/libctru/lib/libctru.a(romfs_dev.o)
 .text.romfs_dirnext
                0x00000000001060d8      0x28c /opt/devkitpro/libctru/lib/libctru.a(romfs_dev.o)
 .text.romfs_free
                0x0000000000106364       0x84 /opt/devkitpro/libctru/lib/libctru.a(romfs_dev.o)
 .text.searchForFile.constprop.0
                0x00000000001063e8       0xd4 /opt/devkitpro/libctru/lib/libctru.a(romfs_dev.o)
 .text.searchForDir.constprop.0
                0x00000000001064bc       0xd8 /opt/devkitpro/libctru/lib/libctru.a(romfs_dev.o)
 .text.navigateToDir.constprop.0
                0x0000000000106594      0x1c0 /opt/devkitpro/libctru/lib/libctru.a(romfs_dev.o)
 .text.romfs_open
                0x0000000000106754      0x10c /opt/devkitpro/libctru/lib/libctru.a(romfs_dev.o)
 .text.romfs_chdir
                0x0000000000106860       0x4c /opt/devkitpro/libctru/lib/libctru.a(romfs_dev.o)
 .text.romfs_diropen
                0x00000000001068ac       0x70 /opt/devkitpro/libctru/lib/libctru.a(romfs_dev.o)
 .text.romfs_stat
                0x000000000010691c      0x174 /opt/devkitpro/libctru/lib/libctru.a(romfs_dev.o)
 .text.romfs_dirclose
                0x0000000000106a90        0x8 /opt/devkitpro/libctru/lib/libctru.a(romfs_dev.o)
 .text.romfs_fstat
                0x0000000000106a98       0x84 /opt/devkitpro/libctru/lib/libctru.a(romfs_dev.o)
 .text.romfs_read
                0x0000000000106b1c       0xd0 /opt/devkitpro/libctru/lib/libctru.a(romfs_dev.o)
 .text.romfsMountFromFile
                0x0000000000106bec      0x28c /opt/devkitpro/libctru/lib/libctru.a(romfs_dev.o)
                0x0000000000106bec                romfsMountFromFile
 .text.romfsMountFromCurrentProcess
                0x0000000000106e78       0x98 /opt/devkitpro/libctru/lib/libctru.a(romfs_dev.o)
                0x0000000000106e78                romfsMountFromCurrentProcess
 .text.romfsMountSelf
                0x0000000000106f10      0x260 /opt/devkitpro/libctru/lib/libctru.a(romfs_dev.o)
                0x0000000000106f10                romfsMountSelf
 .text.romfsUnmount
                0x0000000000107170       0xa0 /opt/devkitpro/libctru/lib/libctru.a(romfs_dev.o)
                0x0000000000107170                romfsUnmount
 .text.osConvertVirtToPhys
                0x0000000000107210       0x74 /opt/devkitpro/libctru/lib/libctru.a(os.o)
                0x0000000000107210                osConvertVirtToPhys
 .text.osGetTimeRef
                0x0000000000107284       0x54 /opt/devkitpro/libctru/lib/libctru.a(os.o)
                0x0000000000107284                osGetTimeRef
 .text.osGetTime
                0x00000000001072d8       0xec /opt/devkitpro/libctru/lib/libctru.a(os.o)
                0x00000000001072d8                osGetTime
 *fill*         0x00000000001073c4        0x4 
 .text.osTickCounterRead
                0x00000000001073c8       0x38 /opt/devkitpro/libctru/lib/libctru.a(os.o)
                0x00000000001073c8                osTickCounterRead
 .text.__ctru_speedup_config
                0x0000000000107400       0x34 /opt/devkitpro/libctru/lib/libctru.a(os.o)
                0x0000000000107400                __ctru_speedup_config
 .text.parseColor
                0x0000000000107434      0x1e8 /opt/devkitpro/libctru/lib/libctru.a(console.o)
 .text.consoleDrawChar
                0x000000000010761c      0x1ac /opt/devkitpro/libctru/lib/libctru.a(console.o)
                0x000000000010761c                consoleDrawChar
 .text.consolePrintChar
                0x00000000001077c8      0x124 /opt/devkitpro/libctru/lib/libctru.a(console.o)
                0x00000000001077c8                consolePrintChar
 .text.con_write
                0x00000000001078ec      0xb94 /opt/devkitpro/libctru/lib/libctru.a(console.o)
                0x00000000001078ec                con_write
 .text.newRow   0x0000000000108480       0xfc /opt/devkitpro/libctru/lib/libctru.a(console.o)
 .text.consoleInit
                0x000000000010857c      0x168 /opt/devkitpro/libctru/lib/libctru.a(console.o)
                0x000000000010857c                consoleInit
 .text.gfxPresentFramebuffer
                0x00000000001086e4       0xd0 /opt/devkitpro/libctru/lib/libctru.a(gfx.o)
 .text.gfxIsWide
                0x00000000001087b4       0x1c /opt/devkitpro/libctru/lib/libctru.a(gfx.o)
                0x00000000001087b4                gfxIsWide
 .text.gfxSetScreenFormat
                0x00000000001087d0       0xec /opt/devkitpro/libctru/lib/libctru.a(gfx.o)
                0x00000000001087d0                gfxSetScreenFormat
 .text.gfxSetDoubleBuffering
                0x00000000001088bc       0x10 /opt/devkitpro/libctru/lib/libctru.a(gfx.o)
                0x00000000001088bc                gfxSetDoubleBuffering
 .text.gfxInit  0x00000000001088cc       0xe0 /opt/devkitpro/libctru/lib/libctru.a(gfx.o)
                0x00000000001088cc                gfxInit
 .text.gfxInitDefault
                0x00000000001089ac       0x10 /opt/devkitpro/libctru/lib/libctru.a(gfx.o)
                0x00000000001089ac                gfxInitDefault
 .text.gfxExit  0x00000000001089bc       0xb4 /opt/devkitpro/libctru/lib/libctru.a(gfx.o)
                0x00000000001089bc                gfxExit
 .text.gfxGetFramebuffer
                0x0000000000108a70       0xa0 /opt/devkitpro/libctru/lib/libctru.a(gfx.o)
                0x0000000000108a70                gfxGetFramebuffer
 .text.gfxFlushBuffers
                0x0000000000108b10      0x104 /opt/devkitpro/libctru/lib/libctru.a(gfx.o)
                0x0000000000108b10                gfxFlushBuffers
 .text.gfxScreenSwapBuffers
                0x0000000000108c14       0x30 /opt/devkitpro/libctru/lib/libctru.a(gfx.o)
                0x0000000000108c14                gfxScreenSwapBuffers
 .text.gfxSwapBuffersGpu
                0x0000000000108c44       0x50 /opt/devkitpro/libctru/lib/libctru.a(gfx.o)
                0x0000000000108c44                gfxSwapBuffersGpu
 .text.shaderInstanceInit
                0x0000000000108c94      0x1d4 /opt/devkitpro/libctru/lib/libctru.a(shaderProgram.o)
                0x0000000000108c94                shaderInstanceInit
 .text.shaderInstanceGetUniformLocation
                0x0000000000108e68       0x18 /opt/devkitpro/libctru/lib/libctru.a(shaderProgram.o)
                0x0000000000108e68                shaderInstanceGetUniformLocation
 .text.shaderProgramInit
                0x0000000000108e80       0x1c /opt/devkitpro/libctru/lib/libctru.a(shaderProgram.o)
                0x0000000000108e80                shaderProgramInit
 .text.shaderProgramFree
                0x0000000000108e9c       0x64 /opt/devkitpro/libctru/lib/libctru.a(shaderProgram.o)
                0x0000000000108e9c                shaderProgramFree
 .text.shaderProgramSetVsh
                0x0000000000108f00       0x80 /opt/devkitpro/libctru/lib/libctru.a(shaderProgram.o)
                0x0000000000108f00                shaderProgramSetVsh
 .text.shaderProgramConfigure
                0x0000000000108f80      0x8e0 /opt/devkitpro/libctru/lib/libctru.a(shaderProgram.o)
                0x0000000000108f80                shaderProgramConfigure
 .text.DVLE_GenerateOutmap.part.0
                0x0000000000109860      0x1cc /opt/devkitpro/libctru/lib/libctru.a(shbin.o)
 .text.DVLB_ParseFile
                0x0000000000109a2c      0x1b4 /opt/devkitpro/libctru/lib/libctru.a(shbin.o)
                0x0000000000109a2c                DVLB_ParseFile
 .text.DVLB_Free
                0x0000000000109be0       0x38 /opt/devkitpro/libctru/lib/libctru.a(shbin.o)
                0x0000000000109be0                DVLB_Free
 .text.DVLE_GetUniformRegister
                0x0000000000109c18       0x74 /opt/devkitpro/libctru/lib/libctru.a(shbin.o)
                0x0000000000109c18                DVLE_GetUniformRegister
 .text.GX_BindQueue
                0x0000000000109c8c       0x10 /opt/devkitpro/libctru/lib/libctru.a(gx.o)
                0x0000000000109c8c                GX_BindQueue
 .text.GX_ProcessCommandList
                0x0000000000109c9c       0x78 /opt/devkitpro/libctru/lib/libctru.a(gx.o)
                0x0000000000109c9c                GX_ProcessCommandList
 .text.GX_MemoryFill
                0x0000000000109d14       0x74 /opt/devkitpro/libctru/lib/libctru.a(gx.o)
                0x0000000000109d14                GX_MemoryFill
 .text.GX_DisplayTransfer
                0x0000000000109d88       0x70 /opt/devkitpro/libctru/lib/libctru.a(gx.o)
                0x0000000000109d88                GX_DisplayTransfer
 .text.GX_TextureCopy
                0x0000000000109df8       0x74 /opt/devkitpro/libctru/lib/libctru.a(gx.o)
                0x0000000000109df8                GX_TextureCopy
 .text.gxCmdQueueDoCommands.part.0
                0x0000000000109e6c       0x68 /opt/devkitpro/libctru/lib/libctru.a(gxqueue.o)
 .text.gxCmdQueueInterrupt
                0x0000000000109ed4       0xc8 /opt/devkitpro/libctru/lib/libctru.a(gxqueue.o)
                0x0000000000109ed4                gxCmdQueueInterrupt
 .text.gxCmdQueueClear
                0x0000000000109f9c       0x4c /opt/devkitpro/libctru/lib/libctru.a(gxqueue.o)
                0x0000000000109f9c                gxCmdQueueClear
 .text.gxCmdQueueAdd
                0x0000000000109fe8       0xf8 /opt/devkitpro/libctru/lib/libctru.a(gxqueue.o)
                0x0000000000109fe8                gxCmdQueueAdd
 .text.gxCmdQueueRun
                0x000000000010a0e0       0x80 /opt/devkitpro/libctru/lib/libctru.a(gxqueue.o)
                0x000000000010a0e0                gxCmdQueueRun
 .text.gxCmdQueueStop
                0x000000000010a160       0x60 /opt/devkitpro/libctru/lib/libctru.a(gxqueue.o)
                0x000000000010a160                gxCmdQueueStop
 .text.gxCmdQueueWait
                0x000000000010a1c0       0x74 /opt/devkitpro/libctru/lib/libctru.a(gxqueue.o)
                0x000000000010a1c0                gxCmdQueueWait
 .text.GPUCMD_Add
                0x000000000010a234      0x13c /opt/devkitpro/libctru/lib/libctru.a(gpu.o)
                0x000000000010a234                GPUCMD_Add
 .text.GPUCMD_Split
                0x000000000010a370       0xb0 /opt/devkitpro/libctru/lib/libctru.a(gpu.o)
                0x000000000010a370                GPUCMD_Split
 .text.f32tof16
                0x000000000010a420       0x34 /opt/devkitpro/libctru/lib/libctru.a(gpu.o)
                0x000000000010a420                f32tof16
 .text.f32tof24
                0x000000000010a454       0x34 /opt/devkitpro/libctru/lib/libctru.a(gpu.o)
                0x000000000010a454                f32tof24
 .text.f32tof31
                0x000000000010a488       0x38 /opt/devkitpro/libctru/lib/libctru.a(gpu.o)
                0x000000000010a488                f32tof31
 .text.gspHardwareInit
                0x000000000010a4c0      0xc58 /opt/devkitpro/libctru/lib/libctru.a(gspgpu.o)
 .text.gspInit  0x000000000010b118      0x248 /opt/devkitpro/libctru/lib/libctru.a(gspgpu.o)
                0x000000000010b118                gspInit
 .text.gspExit  0x000000000010b360       0xf0 /opt/devkitpro/libctru/lib/libctru.a(gspgpu.o)
                0x000000000010b360                gspExit
 .text.gspHasGpuRight
                0x000000000010b450       0x10 /opt/devkitpro/libctru/lib/libctru.a(gspgpu.o)
                0x000000000010b450                gspHasGpuRight
 .text.gspPresentBuffer
                0x000000000010b460       0xa0 /opt/devkitpro/libctru/lib/libctru.a(gspgpu.o)
                0x000000000010b460                gspPresentBuffer
 .text.gspSetEventCallback
                0x000000000010b500       0x30 /opt/devkitpro/libctru/lib/libctru.a(gspgpu.o)
                0x000000000010b500                gspSetEventCallback
 .text.gspWaitForEvent
                0x000000000010b530       0x44 /opt/devkitpro/libctru/lib/libctru.a(gspgpu.o)
                0x000000000010b530                gspWaitForEvent
 .text.gspWaitForAnyEvent
                0x000000000010b574       0x4c /opt/devkitpro/libctru/lib/libctru.a(gspgpu.o)
                0x000000000010b574                gspWaitForAnyEvent
 .text.gspEventThreadMain
                0x000000000010b5c0      0x158 /opt/devkitpro/libctru/lib/libctru.a(gspgpu.o)
 .text.gspSubmitGxCommand
                0x000000000010b718      0x130 /opt/devkitpro/libctru/lib/libctru.a(gspgpu.o)
                0x000000000010b718                gspSubmitGxCommand
 .text.GSPGPU_FlushDataCache
                0x000000000010b848       0x50 /opt/devkitpro/libctru/lib/libctru.a(gspgpu.o)
                0x000000000010b848                GSPGPU_FlushDataCache
 .text.GSPGPU_SetLcdForceBlack
                0x000000000010b898       0x34 /opt/devkitpro/libctru/lib/libctru.a(gspgpu.o)
                0x000000000010b898                GSPGPU_SetLcdForceBlack
 .text.GSPGPU_AcquireRight
                0x000000000010b8cc       0x68 /opt/devkitpro/libctru/lib/libctru.a(gspgpu.o)
                0x000000000010b8cc                GSPGPU_AcquireRight
 .text.GSPGPU_ReleaseRight
                0x000000000010b934       0x48 /opt/devkitpro/libctru/lib/libctru.a(gspgpu.o)
                0x000000000010b934                GSPGPU_ReleaseRight
 .text.GSPGPU_ImportDisplayCaptureInfo
                0x000000000010b97c       0x7c /opt/devkitpro/libctru/lib/libctru.a(gspgpu.o)
                0x000000000010b97c                GSPGPU_ImportDisplayCaptureInfo
 .text.GSPGPU_SaveVramSysArea
                0x000000000010b9f8       0x2c /opt/devkitpro/libctru/lib/libctru.a(gspgpu.o)
                0x000000000010b9f8                GSPGPU_SaveVramSysArea
 .text.GSPGPU_RestoreVramSysArea
                0x000000000010ba24       0x2c /opt/devkitpro/libctru/lib/libctru.a(gspgpu.o)
                0x000000000010ba24                GSPGPU_RestoreVramSysArea
 .text.aptConvertScreenForCapture
                0x000000000010ba50      0x1a4 /opt/devkitpro/libctru/lib/libctru.a(apt.o)
 .text.aptDspSleep
                0x000000000010bbf4        0x8 /opt/devkitpro/libctru/lib/libctru.a(apt.o)
                0x000000000010bbf4                aptDspSleep
 .text.aptDspWakeup
                0x000000000010bbfc        0x4 /opt/devkitpro/libctru/lib/libctru.a(apt.o)
                0x000000000010bbfc                aptDspWakeup
 .text.aptDspCancel
                0x000000000010bc00        0x4 /opt/devkitpro/libctru/lib/libctru.a(apt.o)
                0x000000000010bc00                aptDspCancel
 .text.aptSendCommand
                0x000000000010bc04      0x158 /opt/devkitpro/libctru/lib/libctru.a(apt.o)
                0x000000000010bc04                aptSendCommand
 *fill*         0x000000000010bd5c        0x4 
 .text.aptExitProcess
                0x000000000010bd60       0x44 /opt/devkitpro/libctru/lib/libctru.a(apt.o)
 .text.aptExit  0x000000000010bda4      0x2f4 /opt/devkitpro/libctru/lib/libctru.a(apt.o)
                0x000000000010bda4                aptExit
 .text.aptHandleSleep
                0x000000000010c098       0xe0 /opt/devkitpro/libctru/lib/libctru.a(apt.o)
                0x000000000010c098                aptHandleSleep
 .text.aptHook  0x000000000010c178       0x30 /opt/devkitpro/libctru/lib/libctru.a(apt.o)
                0x000000000010c178                aptHook
 .text.aptUnhook
                0x000000000010c1a8       0x30 /opt/devkitpro/libctru/lib/libctru.a(apt.o)
                0x000000000010c1a8                aptUnhook
 .text.APT_SleepIfShellClosed
                0x000000000010c1d8       0x84 /opt/devkitpro/libctru/lib/libctru.a(apt.o)
                0x000000000010c1d8                APT_SleepIfShellClosed
 .text.aptSetSleepAllowed
                0x000000000010c25c       0x84 /opt/devkitpro/libctru/lib/libctru.a(apt.o)
                0x000000000010c25c                aptSetSleepAllowed
 .text.APT_UnlockTransition
                0x000000000010c2e0       0x84 /opt/devkitpro/libctru/lib/libctru.a(apt.o)
                0x000000000010c2e0                APT_UnlockTransition
 *fill*         0x000000000010c364        0x4 
 .text.aptEventHandler
                0x000000000010c368      0x4a4 /opt/devkitpro/libctru/lib/libctru.a(apt.o)
 .text.APT_ReceiveParameter
                0x000000000010c80c       0xb0 /opt/devkitpro/libctru/lib/libctru.a(apt.o)
                0x000000000010c80c                APT_ReceiveParameter
 .text.aptReceiveParameter.constprop.0
                0x000000000010c8bc       0xb0 /opt/devkitpro/libctru/lib/libctru.a(apt.o)
 *fill*         0x000000000010c96c        0x4 
 .text.aptScreenTransfer
                0x000000000010c970      0x2ac /opt/devkitpro/libctru/lib/libctru.a(apt.o)
 .text.aptWaitForWakeUp.isra.0
                0x000000000010cc1c      0x344 /opt/devkitpro/libctru/lib/libctru.a(apt.o)
 .text.aptJumpToHomeMenu
                0x000000000010cf60      0x100 /opt/devkitpro/libctru/lib/libctru.a(apt.o)
                0x000000000010cf60                aptJumpToHomeMenu
 .text.aptMainLoop
                0x000000000010d060       0x48 /opt/devkitpro/libctru/lib/libctru.a(apt.o)
                0x000000000010d060                aptMainLoop
 .text.aptInit  0x000000000010d0a8      0x22c /opt/devkitpro/libctru/lib/libctru.a(apt.o)
                0x000000000010d0a8                aptInit
 .text.APT_CheckNew3DS
                0x000000000010d2d4       0x7c /opt/devkitpro/libctru/lib/libctru.a(apt.o)
                0x000000000010d2d4                APT_CheckNew3DS
 .text.hidShouldUseIrrst
                0x000000000010d350       0x24 /opt/devkitpro/libctru/lib/libctru.a(hid.o)
                0x000000000010d350                hidShouldUseIrrst
 .text.hidInit  0x000000000010d374      0x18c /opt/devkitpro/libctru/lib/libctru.a(hid.o)
                0x000000000010d374                hidInit
 .text.hidExit  0x000000000010d500       0xe8 /opt/devkitpro/libctru/lib/libctru.a(hid.o)
                0x000000000010d500                hidExit
 .text.hidScanInput
                0x000000000010d5e8      0x2a4 /opt/devkitpro/libctru/lib/libctru.a(hid.o)
                0x000000000010d5e8                hidScanInput
 .text.hidKeysHeld
                0x000000000010d88c       0x10 /opt/devkitpro/libctru/lib/libctru.a(hid.o)
                0x000000000010d88c                hidKeysHeld
 .text.hidKeysDown
                0x000000000010d89c       0x10 /opt/devkitpro/libctru/lib/libctru.a(hid.o)
                0x000000000010d89c                hidKeysDown
 .text.ptmSysmInit
                0x000000000010d8ac       0x74 /opt/devkitpro/libctru/lib/libctru.a(ptmsysm.o)
                0x000000000010d8ac                ptmSysmInit
 .text.ptmSysmExit
                0x000000000010d920       0x3c /opt/devkitpro/libctru/lib/libctru.a(ptmsysm.o)
                0x000000000010d920                ptmSysmExit
 .text.PTMSYSM_ConfigureNew3DSCPU
                0x000000000010d95c       0x34 /opt/devkitpro/libctru/lib/libctru.a(ptmsysm.o)
                0x000000000010d95c                PTMSYSM_ConfigureNew3DSCPU
 .text.fsInit   0x000000000010d990       0xcc /opt/devkitpro/libctru/lib/libctru.a(fs.o)
                0x000000000010d990                fsInit
 .text.fsExit   0x000000000010da5c       0x3c /opt/devkitpro/libctru/lib/libctru.a(fs.o)
                0x000000000010da5c                fsExit
 .text.fsExemptFromSession
                0x000000000010da98       0x60 /opt/devkitpro/libctru/lib/libctru.a(fs.o)
                0x000000000010da98                fsExemptFromSession
 .text.fsUnexemptFromSession
                0x000000000010daf8       0x50 /opt/devkitpro/libctru/lib/libctru.a(fs.o)
                0x000000000010daf8                fsUnexemptFromSession
 .text.FSUSER_OpenFile
                0x000000000010db48       0xcc /opt/devkitpro/libctru/lib/libctru.a(fs.o)
                0x000000000010db48                FSUSER_OpenFile
 .text.FSUSER_OpenFileDirectly
                0x000000000010dc14       0xd4 /opt/devkitpro/libctru/lib/libctru.a(fs.o)
                0x000000000010dc14                FSUSER_OpenFileDirectly
 .text.FSUSER_DeleteFile
                0x000000000010dce8       0xbc /opt/devkitpro/libctru/lib/libctru.a(fs.o)
                0x000000000010dce8                FSUSER_DeleteFile
 .text.FSUSER_RenameFile
                0x000000000010dda4       0xf8 /opt/devkitpro/libctru/lib/libctru.a(fs.o)
                0x000000000010dda4                FSUSER_RenameFile
 .text.FSUSER_DeleteDirectory
                0x000000000010de9c       0xbc /opt/devkitpro/libctru/lib/libctru.a(fs.o)
                0x000000000010de9c                FSUSER_DeleteDirectory
 .text.FSUSER_CreateFile
                0x000000000010df58       0xd4 /opt/devkitpro/libctru/lib/libctru.a(fs.o)
                0x000000000010df58                FSUSER_CreateFile
 .text.FSUSER_CreateDirectory
                0x000000000010e02c       0xc4 /opt/devkitpro/libctru/lib/libctru.a(fs.o)
                0x000000000010e02c                FSUSER_CreateDirectory
 .text.FSUSER_RenameDirectory
                0x000000000010e0f0       0xf8 /opt/devkitpro/libctru/lib/libctru.a(fs.o)
                0x000000000010e0f0                FSUSER_RenameDirectory
 .text.FSUSER_OpenDirectory
                0x000000000010e1e8       0xb4 /opt/devkitpro/libctru/lib/libctru.a(fs.o)
                0x000000000010e1e8                FSUSER_OpenDirectory
 .text.FSUSER_OpenArchive
                0x000000000010e29c       0x98 /opt/devkitpro/libctru/lib/libctru.a(fs.o)
                0x000000000010e29c                FSUSER_OpenArchive
 .text.FSUSER_CloseArchive
                0x000000000010e334       0x8c /opt/devkitpro/libctru/lib/libctru.a(fs.o)
                0x000000000010e334                FSUSER_CloseArchive
 .text.FSUSER_GetSdmcArchiveResource
                0x000000000010e3c0       0x74 /opt/devkitpro/libctru/lib/libctru.a(fs.o)
                0x000000000010e3c0                FSUSER_GetSdmcArchiveResource
 .text.FSUSER_IsSdmcWritable
                0x000000000010e434       0x64 /opt/devkitpro/libctru/lib/libctru.a(fs.o)
                0x000000000010e434                FSUSER_IsSdmcWritable
 .text.FSFILE_Read
                0x000000000010e498       0x58 /opt/devkitpro/libctru/lib/libctru.a(fs.o)
                0x000000000010e498                FSFILE_Read
 .text.FSFILE_Write
                0x000000000010e4f0       0x60 /opt/devkitpro/libctru/lib/libctru.a(fs.o)
                0x000000000010e4f0                FSFILE_Write
 .text.FSFILE_GetSize
                0x000000000010e550       0x3c /opt/devkitpro/libctru/lib/libctru.a(fs.o)
                0x000000000010e550                FSFILE_GetSize
 .text.FSFILE_SetSize
                0x000000000010e58c       0x28 /opt/devkitpro/libctru/lib/libctru.a(fs.o)
                0x000000000010e58c                FSFILE_SetSize
 .text.FSFILE_Close
                0x000000000010e5b4       0x3c /opt/devkitpro/libctru/lib/libctru.a(fs.o)
                0x000000000010e5b4                FSFILE_Close
 .text.FSFILE_Flush
                0x000000000010e5f0       0x24 /opt/devkitpro/libctru/lib/libctru.a(fs.o)
                0x000000000010e5f0                FSFILE_Flush
 .text.FSDIR_Read
                0x000000000010e614       0x50 /opt/devkitpro/libctru/lib/libctru.a(fs.o)
                0x000000000010e614                FSDIR_Read
 .text.FSDIR_Close
                0x000000000010e664       0x3c /opt/devkitpro/libctru/lib/libctru.a(fs.o)
                0x000000000010e664                FSDIR_Close
 .text.buffer_read
                0x000000000010e6a0       0xc4 /opt/devkitpro/libctru/lib/libctru.a(decompress.o)
 .text.iov_read
                0x000000000010e764       0xd0 /opt/devkitpro/libctru/lib/libctru.a(decompress.o)
 .text.iov_memmove
                0x000000000010e834      0x138 /opt/devkitpro/libctru/lib/libctru.a(decompress.o)
 .text.decompress_rle
                0x000000000010e96c      0x1dc /opt/devkitpro/libctru/lib/libctru.a(decompress.o)
 .text.decompress_lzss
                0x000000000010eb48      0x244 /opt/devkitpro/libctru/lib/libctru.a(decompress.o)
 .text.decompress_lz11
                0x000000000010ed8c      0x424 /opt/devkitpro/libctru/lib/libctru.a(decompress.o)
 .text.decompress_huff
                0x000000000010f1b0      0x2d8 /opt/devkitpro/libctru/lib/libctru.a(decompress.o)
 .text.decompressCallback_Stdio
                0x000000000010f488       0x10 /opt/devkitpro/libctru/lib/libctru.a(decompress.o)
                0x000000000010f488                decompressCallback_Stdio
 .text.decompressHeader
                0x000000000010f498       0xdc /opt/devkitpro/libctru/lib/libctru.a(decompress.o)
                0x000000000010f498                decompressHeader
 .text.decompressV
                0x000000000010f574      0x240 /opt/devkitpro/libctru/lib/libctru.a(decompress.o)
                0x000000000010f574                decompressV
 .text.rbtree_init
                0x000000000010f7b4       0x10 /opt/devkitpro/libctru/lib/libctru.a(rbtree_init.o)
                0x000000000010f7b4                rbtree_init
 .text.do_insert
                0x000000000010f7c4      0x1b4 /opt/devkitpro/libctru/lib/libctru.a(rbtree_insert.o)
 .text.rbtree_insert
                0x000000000010f978        0x8 /opt/devkitpro/libctru/lib/libctru.a(rbtree_insert.o)
                0x000000000010f978                rbtree_insert
 .text.rbtree_rotate
                0x000000000010f980       0x90 /opt/devkitpro/libctru/lib/libctru.a(rbtree_rotate.o)
                0x000000000010f980                rbtree_rotate
 .text.rbtree_remove
                0x000000000010fa10      0x318 /opt/devkitpro/libctru/lib/libctru.a(rbtree_remove.o)
                0x000000000010fa10                rbtree_remove
 .text.rbtree_find
                0x000000000010fd28       0x74 /opt/devkitpro/libctru/lib/libctru.a(rbtree_find.o)
                0x000000000010fd28                rbtree_find
 .text.utf16_to_utf8
                0x000000000010fd9c       0xe8 /opt/devkitpro/libctru/lib/libctru.a(utf16_to_utf8.o)
                0x000000000010fd9c                utf16_to_utf8
 .text.decode_utf16
                0x000000000010fe84       0x64 /opt/devkitpro/libctru/lib/libctru.a(decode_utf16.o)
                0x000000000010fe84                decode_utf16
 .text.utf8_to_utf16
                0x000000000010fee8       0xc0 /opt/devkitpro/libctru/lib/libctru.a(utf8_to_utf16.o)
                0x000000000010fee8                utf8_to_utf16
 .text.__system_allocateHeaps
                0x000000000010ffa8      0x1e0 /opt/devkitpro/libctru/lib/libctru.a(allocateHeaps.o)
                0x000000000010ffa8                __system_allocateHeaps
 .text.__libctru_init
                0x0000000000110188       0x38 /opt/devkitpro/libctru/lib/libctru.a(ctru_init.o)
                0x0000000000110188                __libctru_init
 .text.__system_initArgv
                0x00000000001101c0      0x170 /opt/devkitpro/libctru/lib/libctru.a(initArgv.o)
                0x00000000001101c0                __system_initArgv
 .text.svcControlMemory
                0x0000000000110330       0x20 /opt/devkitpro/libctru/lib/libctru.a(svc.o)
                0x0000000000110330                svcControlMemory
 .text.svcQueryMemory
                0x0000000000110350       0x30 /opt/devkitpro/libctru/lib/libctru.a(svc.o)
                0x0000000000110350                svcQueryMemory
 .text.svcExitProcess
                0x0000000000110380        0x8 /opt/devkitpro/libctru/lib/libctru.a(svc.o)
                0x0000000000110380                svcExitProcess
 .text.svcCreateThread
                0x0000000000110388       0x20 /opt/devkitpro/libctru/lib/libctru.a(svc.o)
                0x0000000000110388                svcCreateThread
 .text.svcExitThread
                0x00000000001103a8        0x8 /opt/devkitpro/libctru/lib/libctru.a(svc.o)
                0x00000000001103a8                svcExitThread
 .text.svcSleepThread
                0x00000000001103b0        0x8 /opt/devkitpro/libctru/lib/libctru.a(svc.o)
                0x00000000001103b0                svcSleepThread
 .text.svcReleaseMutex
                0x00000000001103b8        0x8 /opt/devkitpro/libctru/lib/libctru.a(svc.o)
                0x00000000001103b8                svcReleaseMutex
 .text.svcCreateEvent
                0x00000000001103c0       0x14 /opt/devkitpro/libctru/lib/libctru.a(svc.o)
                0x00000000001103c0                svcCreateEvent
 .text.svcSignalEvent
                0x00000000001103d4        0x8 /opt/devkitpro/libctru/lib/libctru.a(svc.o)
                0x00000000001103d4                svcSignalEvent
 .text.svcClearEvent
                0x00000000001103dc        0x8 /opt/devkitpro/libctru/lib/libctru.a(svc.o)
                0x00000000001103dc                svcClearEvent
 .text.svcMapMemoryBlock
                0x00000000001103e4        0x8 /opt/devkitpro/libctru/lib/libctru.a(svc.o)
                0x00000000001103e4                svcMapMemoryBlock
 .text.svcUnmapMemoryBlock
                0x00000000001103ec        0x8 /opt/devkitpro/libctru/lib/libctru.a(svc.o)
                0x00000000001103ec                svcUnmapMemoryBlock
 .text.svcCreateAddressArbiter
                0x00000000001103f4       0x14 /opt/devkitpro/libctru/lib/libctru.a(svc.o)
                0x00000000001103f4                svcCreateAddressArbiter
 .text.svcArbitrateAddressNoTimeout
                0x0000000000110408        0x8 /opt/devkitpro/libctru/lib/libctru.a(svc.o)
                0x0000000000110408                svcArbitrateAddressNoTimeout
 .text.svcCloseHandle
                0x0000000000110410        0x8 /opt/devkitpro/libctru/lib/libctru.a(svc.o)
                0x0000000000110410                svcCloseHandle
 .text.svcWaitSynchronization
                0x0000000000110418        0x8 /opt/devkitpro/libctru/lib/libctru.a(svc.o)
                0x0000000000110418                svcWaitSynchronization
 .text.svcWaitSynchronizationN
                0x0000000000110420       0x28 /opt/devkitpro/libctru/lib/libctru.a(svc.o)
                0x0000000000110420                svcWaitSynchronizationN
 .text.svcDuplicateHandle
                0x0000000000110448       0x14 /opt/devkitpro/libctru/lib/libctru.a(svc.o)
                0x0000000000110448                svcDuplicateHandle
 .text.svcGetSystemTick
                0x000000000011045c        0x8 /opt/devkitpro/libctru/lib/libctru.a(svc.o)
                0x000000000011045c                svcGetSystemTick
 .text.svcConnectToPort
                0x0000000000110464       0x14 /opt/devkitpro/libctru/lib/libctru.a(svc.o)
                0x0000000000110464                svcConnectToPort
 .text.svcSendSyncRequest
                0x0000000000110478        0x8 /opt/devkitpro/libctru/lib/libctru.a(svc.o)
                0x0000000000110478                svcSendSyncRequest
 .text.svcGetResourceLimit
                0x0000000000110480       0x14 /opt/devkitpro/libctru/lib/libctru.a(svc.o)
                0x0000000000110480                svcGetResourceLimit
 .text.svcGetResourceLimitLimitValues
                0x0000000000110494        0x8 /opt/devkitpro/libctru/lib/libctru.a(svc.o)
                0x0000000000110494                svcGetResourceLimitLimitValues
 .text.svcGetResourceLimitCurrentValues
                0x000000000011049c        0x8 /opt/devkitpro/libctru/lib/libctru.a(svc.o)
                0x000000000011049c                svcGetResourceLimitCurrentValues
 .text.svcBreak
                0x00000000001104a4        0x8 /opt/devkitpro/libctru/lib/libctru.a(svc.o)
                0x00000000001104a4                svcBreak
 .text.initSystem
                0x00000000001104ac       0x50 /opt/devkitpro/libctru/lib/libctru.a(stack_adjust.o)
                0x00000000001104ac                initSystem
 .text.__ctru_exit
                0x00000000001104fc       0x18 /opt/devkitpro/libctru/lib/libctru.a(stack_adjust.o)
                0x00000000001104fc                __ctru_exit
 .text.__aeabi_read_tp
                0x0000000000110514        0xc /opt/devkitpro/libctru/lib/libctru.a(readtp.o)
                0x0000000000110514                __aeabi_read_tp
 .text.__sync_init
                0x0000000000110520        0xc /opt/devkitpro/libctru/lib/libctru.a(synchronization.o)
                0x0000000000110520                __sync_init
 .text.__sync_fini
                0x000000000011052c       0x18 /opt/devkitpro/libctru/lib/libctru.a(synchronization.o)
                0x000000000011052c                __sync_fini
 .text.syncArbitrateAddress
                0x0000000000110544       0x2c /opt/devkitpro/libctru/lib/libctru.a(synchronization.o)
                0x0000000000110544                syncArbitrateAddress
 .text.LightLock_Lock
                0x0000000000110570       0xb0 /opt/devkitpro/libctru/lib/libctru.a(synchronization.o)
                0x0000000000110570                LightLock_Lock
 .text.LightLock_Unlock
                0x0000000000110620       0x40 /opt/devkitpro/libctru/lib/libctru.a(synchronization.o)
                0x0000000000110620                LightLock_Unlock
 .text.RecursiveLock_Init
                0x0000000000110660       0x24 /opt/devkitpro/libctru/lib/libctru.a(synchronization.o)
                0x0000000000110660                RecursiveLock_Init
 .text.RecursiveLock_Lock
                0x0000000000110684       0x30 /opt/devkitpro/libctru/lib/libctru.a(synchronization.o)
                0x0000000000110684                RecursiveLock_Lock
 .text.RecursiveLock_Unlock
                0x00000000001106b4       0x54 /opt/devkitpro/libctru/lib/libctru.a(synchronization.o)
                0x00000000001106b4                RecursiveLock_Unlock
 .text.LightEvent_Init
                0x0000000000110708       0x40 /opt/devkitpro/libctru/lib/libctru.a(synchronization.o)
                0x0000000000110708                LightEvent_Init
 .text.LightEvent_Clear
                0x0000000000110748       0xa4 /opt/devkitpro/libctru/lib/libctru.a(synchronization.o)
                0x0000000000110748                LightEvent_Clear
 .text.LightEvent_Signal
                0x00000000001107ec       0xc8 /opt/devkitpro/libctru/lib/libctru.a(synchronization.o)
                0x00000000001107ec                LightEvent_Signal
 .text.LightEvent_TryWait
                0x00000000001108b4       0x50 /opt/devkitpro/libctru/lib/libctru.a(synchronization.o)
                0x00000000001108b4                LightEvent_TryWait
 .text.LightEvent_Wait
                0x0000000000110904       0xb0 /opt/devkitpro/libctru/lib/libctru.a(synchronization.o)
                0x0000000000110904                LightEvent_Wait
 .text.envGetHandle
                0x00000000001109b4       0x84 /opt/devkitpro/libctru/lib/libctru.a(env.o)
                0x00000000001109b4                envGetHandle
 .text.envDestroyHandles
                0x0000000000110a38       0x50 /opt/devkitpro/libctru/lib/libctru.a(env.o)
                0x0000000000110a38                envDestroyHandles
 .text.srvInit  0x0000000000110a88      0x130 /opt/devkitpro/libctru/lib/libctru.a(srv.o)
                0x0000000000110a88                srvInit
 .text.srvExit  0x0000000000110bb8       0x58 /opt/devkitpro/libctru/lib/libctru.a(srv.o)
                0x0000000000110bb8                srvExit
 .text.srvGetServiceHandleDirect
                0x0000000000110c10       0xa0 /opt/devkitpro/libctru/lib/libctru.a(srv.o)
                0x0000000000110c10                srvGetServiceHandleDirect
 .text.srvGetServiceHandle
                0x0000000000110cb0       0x38 /opt/devkitpro/libctru/lib/libctru.a(srv.o)
                0x0000000000110cb0                srvGetServiceHandle
 .text.srvPublishToSubscriber
                0x0000000000110ce8       0x38 /opt/devkitpro/libctru/lib/libctru.a(srv.o)
                0x0000000000110ce8                srvPublishToSubscriber
 .text.threadCreate
                0x0000000000110d20      0x178 /opt/devkitpro/libctru/lib/libctru.a(thread.o)
                0x0000000000110d20                threadCreate
 .text.threadFree
                0x0000000000110e98       0x2c /opt/devkitpro/libctru/lib/libctru.a(thread.o)
                0x0000000000110e98                threadFree
 .text.threadJoin
                0x0000000000110ec4       0x24 /opt/devkitpro/libctru/lib/libctru.a(thread.o)
                0x0000000000110ec4                threadJoin
 .text.threadGetCurrent
                0x0000000000110ee8       0x30 /opt/devkitpro/libctru/lib/libctru.a(thread.o)
                0x0000000000110ee8                threadGetCurrent
 .text.threadExit
                0x0000000000110f18       0x40 /opt/devkitpro/libctru/lib/libctru.a(thread.o)
                0x0000000000110f18                threadExit
 .text._thread_begin
                0x0000000000110f58       0x20 /opt/devkitpro/libctru/lib/libctru.a(thread.o)
 .text.mappableFindAddressWithin
                0x0000000000110f78       0xb4 /opt/devkitpro/libctru/lib/libctru.a(mappable.o)
 .text.mappableInit
                0x000000000011102c       0x28 /opt/devkitpro/libctru/lib/libctru.a(mappable.o)
                0x000000000011102c                mappableInit
 .text.mappableAlloc
                0x0000000000111054       0x80 /opt/devkitpro/libctru/lib/libctru.a(mappable.o)
                0x0000000000111054                mappableAlloc
 .text.mappableFree
                0x00000000001110d4        0x4 /opt/devkitpro/libctru/lib/libctru.a(mappable.o)
                0x00000000001110d4                mappableFree
 .text.irrstInit
                0x00000000001110d8      0x164 /opt/devkitpro/libctru/lib/libctru.a(irrst.o)
                0x00000000001110d8                irrstInit
 .text.irrstExit
                0x000000000011123c       0xcc /opt/devkitpro/libctru/lib/libctru.a(irrst.o)
                0x000000000011123c                irrstExit
 .text.irrstScanInput
                0x0000000000111308       0xb4 /opt/devkitpro/libctru/lib/libctru.a(irrst.o)
                0x0000000000111308                irrstScanInput
 .text.irrstKeysHeld
                0x00000000001113bc       0x24 /opt/devkitpro/libctru/lib/libctru.a(irrst.o)
                0x00000000001113bc                irrstKeysHeld
 .text.srvPmGetSessionHandle
                0x00000000001113e0        0xc /opt/devkitpro/libctru/lib/libctru.a(srvpm.o)
                0x00000000001113e0                srvPmGetSessionHandle
 .text.rbtree_node_next
                0x00000000001113ec       0x5c /opt/devkitpro/libctru/lib/libctru.a(rbtree_iterator.o)
                0x00000000001113ec                rbtree_node_next
 .text.encode_utf16
                0x0000000000111448       0x54 /opt/devkitpro/libctru/lib/libctru.a(encode_utf16.o)
                0x0000000000111448                encode_utf16
 .text.encode_utf8
                0x000000000011149c       0xe0 /opt/devkitpro/libctru/lib/libctru.a(encode_utf8.o)
                0x000000000011149c                encode_utf8
 .text.decode_utf8
                0x000000000011157c      0x13c /opt/devkitpro/libctru/lib/libctru.a(decode_utf8.o)
                0x000000000011157c                decode_utf8
 .text.__appInit
                0x00000000001116b8       0x30 /opt/devkitpro/libctru/lib/libctru.a(appInit.o)
                0x00000000001116b8                __appInit
 .text.__syscall_getreent
                0x00000000001116e8       0x30 /opt/devkitpro/libctru/lib/libctru.a(syscalls.o)
                0x00000000001116e8                __syscall_getreent
 .text.__syscall_gettod_r
                0x0000000000111718       0x74 /opt/devkitpro/libctru/lib/libctru.a(syscalls.o)
                0x0000000000111718                __syscall_gettod_r
 .text.__syscall_lock_acquire
                0x000000000011178c        0x4 /opt/devkitpro/libctru/lib/libctru.a(syscalls.o)
                0x000000000011178c                __syscall_lock_acquire
 .text.__syscall_lock_release
                0x0000000000111790        0x4 /opt/devkitpro/libctru/lib/libctru.a(syscalls.o)
                0x0000000000111790                __syscall_lock_release
 .text.__syscall_lock_init_recursive
                0x0000000000111794        0x4 /opt/devkitpro/libctru/lib/libctru.a(syscalls.o)
                0x0000000000111794                __syscall_lock_init_recursive
 .text.__syscall_lock_acquire_recursive
                0x0000000000111798        0x4 /opt/devkitpro/libctru/lib/libctru.a(syscalls.o)
                0x0000000000111798                __syscall_lock_acquire_recursive
 .text.__syscall_lock_release_recursive
                0x000000000011179c        0x4 /opt/devkitpro/libctru/lib/libctru.a(syscalls.o)
                0x000000000011179c                __syscall_lock_release_recursive
 .text.__syscall_exit
                0x00000000001117a0        0x4 /opt/devkitpro/libctru/lib/libctru.a(syscalls.o)
                0x00000000001117a0                __syscall_exit
 .text.initThreadVars
                0x00000000001117a4       0x50 /opt/devkitpro/libctru/lib/libctru.a(syscalls.o)
                0x00000000001117a4                initThreadVars
 .text.__system_initSyscalls
                0x00000000001117f4       0x68 /opt/devkitpro/libctru/lib/libctru.a(syscalls.o)
                0x00000000001117f4                __system_initSyscalls
 .text.__appExit
                0x000000000011185c       0x30 /opt/devkitpro/libctru/lib/libctru.a(appExit.o)
                0x000000000011185c                __appExit
 .text.__libctru_exit
                0x000000000011188c       0x90 /opt/devkitpro/libctru/lib/libctru.a(ctru_exit.o)
                0x000000000011188c                __libctru_exit
 .text.archive_link
                0x000000000011191c       0x14 /opt/devkitpro/libctru/lib/libctru.a(archive_dev.o)
 .text.archive_dirreset
                0x0000000000111930       0x14 /opt/devkitpro/libctru/lib/libctru.a(archive_dev.o)
 .text.archive_chmod
                0x0000000000111944       0x14 /opt/devkitpro/libctru/lib/libctru.a(archive_dev.o)
 .text.error_cmp
                0x0000000000111958       0x24 /opt/devkitpro/libctru/lib/libctru.a(archive_dev.o)
 .text.archive_translate_error
                0x000000000011197c       0x50 /opt/devkitpro/libctru/lib/libctru.a(archive_dev.o)
 .text.archive_seek
                0x00000000001119cc       0xc8 /opt/devkitpro/libctru/lib/libctru.a(archive_dev.o)
 .text._archiveInit.part.0
                0x0000000000111a94       0x7c /opt/devkitpro/libctru/lib/libctru.a(archive_dev.o)
 .text.archiveFindDevice.part.0
                0x0000000000111b10       0xc4 /opt/devkitpro/libctru/lib/libctru.a(archive_dev.o)
 .text.archive_utf16path
                0x0000000000111bd4      0x25c /opt/devkitpro/libctru/lib/libctru.a(archive_dev.o)
 .text._archiveUnmountDeviceStruct.part.0
                0x0000000000111e30       0xa0 /opt/devkitpro/libctru/lib/libctru.a(archive_dev.o)
 .text.archive_fchmod
                0x0000000000111ed0       0x14 /opt/devkitpro/libctru/lib/libctru.a(archive_dev.o)
 .text.archive_statvfs
                0x0000000000111ee4       0x14 /opt/devkitpro/libctru/lib/libctru.a(archive_dev.o)
 .text._archiveMountDevice
                0x0000000000111ef8      0x164 /opt/devkitpro/libctru/lib/libctru.a(archive_dev.o)
 .text.archive_diropen
                0x000000000011205c       0xe8 /opt/devkitpro/libctru/lib/libctru.a(archive_dev.o)
 .text.archive_fstat
                0x0000000000112144       0xa4 /opt/devkitpro/libctru/lib/libctru.a(archive_dev.o)
 .text.archive_close
                0x00000000001121e8       0x6c /opt/devkitpro/libctru/lib/libctru.a(archive_dev.o)
 .text.archive_fsync
                0x0000000000112254       0x6c /opt/devkitpro/libctru/lib/libctru.a(archive_dev.o)
 .text.archive_dirclose
                0x00000000001122c0       0x70 /opt/devkitpro/libctru/lib/libctru.a(archive_dev.o)
 .text.sdmc_statvfs
                0x0000000000112330       0xe8 /opt/devkitpro/libctru/lib/libctru.a(archive_dev.o)
 .text.archive_chdir
                0x0000000000112418       0xec /opt/devkitpro/libctru/lib/libctru.a(archive_dev.o)
 .text.archive_ftruncate
                0x0000000000112504       0x7c /opt/devkitpro/libctru/lib/libctru.a(archive_dev.o)
 .text.archive_read
                0x0000000000112580       0xac /opt/devkitpro/libctru/lib/libctru.a(archive_dev.o)
 .text.archive_unlink
                0x000000000011262c       0xa4 /opt/devkitpro/libctru/lib/libctru.a(archive_dev.o)
 .text.archive_rmdir
                0x00000000001126d0       0xbc /opt/devkitpro/libctru/lib/libctru.a(archive_dev.o)
 .text.archive_mkdir
                0x000000000011278c       0xdc /opt/devkitpro/libctru/lib/libctru.a(archive_dev.o)
 .text.archive_stat
                0x0000000000112868      0x19c /opt/devkitpro/libctru/lib/libctru.a(archive_dev.o)
 .text.archive_dirnext
                0x0000000000112a04      0x15c /opt/devkitpro/libctru/lib/libctru.a(archive_dev.o)
 .text.archive_write
                0x0000000000112b60       0xec /opt/devkitpro/libctru/lib/libctru.a(archive_dev.o)
 .text.archive_open
                0x0000000000112c4c      0x1d4 /opt/devkitpro/libctru/lib/libctru.a(archive_dev.o)
 .text.archive_rename
                0x0000000000112e20      0x278 /opt/devkitpro/libctru/lib/libctru.a(archive_dev.o)
 .text.archiveMountSdmc
                0x0000000000113098      0x19c /opt/devkitpro/libctru/lib/libctru.a(archive_dev.o)
                0x0000000000113098                archiveMountSdmc
 .text.archiveUnmountAll
                0x0000000000113234       0x54 /opt/devkitpro/libctru/lib/libctru.a(archive_dev.o)
                0x0000000000113234                archiveUnmountAll
 .text.cosf     0x0000000000113288      0x22c /opt/devkitpro/devkitARM/bin/../lib/gcc/arm-none-eabi/12.1.0/../../../../arm-none-eabi/lib/armv6k/fpu/libm.a(lib_a-cosf.o)
                0x0000000000113288                cosf
 .text.with_errnof
                0x00000000001134b4       0x24 /opt/devkitpro/devkitARM/bin/../lib/gcc/arm-none-eabi/12.1.0/../../../../arm-none-eabi/lib/armv6k/fpu/libm.a(lib_a-math_errf.o)
 .text.__math_invalidf
                0x00000000001134d8       0x1c /opt/devkitpro/devkitARM/bin/../lib/gcc/arm-none-eabi/12.1.0/../../../../arm-none-eabi/lib/armv6k/fpu/libm.a(lib_a-math_errf.o)
                0x00000000001134d8                __math_invalidf
 *fill*         0x00000000001134f4        0x4 
 .text.sinf     0x00000000001134f8      0x24c /opt/devkitpro/devkitARM/bin/../lib/gcc/arm-none-eabi/12.1.0/../../../../arm-none-eabi/lib/armv6k/fpu/libm.a(lib_a-sinf.o)
                0x00000000001134f8                sinf
 .text.__udivmoddi4
                0x0000000000113744      0x120 /opt/devkitpro/devkitARM/bin/../lib/gcc/arm-none-eabi/12.1.0/armv6k/fpu/libgcc.a(_udivmoddi4.o)
                0x0000000000113744                __udivmoddi4
 .text.bsearch  0x0000000000113864       0x78 /opt/devkitpro/devkitARM/bin/../lib/gcc/arm-none-eabi/12.1.0/../../../../arm-none-eabi/lib/armv6k/fpu/libg.a(lib_a-bsearch.o)
                0x0000000000113864                bsearch
 .text.calloc   0x00000000001138dc       0x20 /opt/devkitpro/devkitARM/bin/../lib/gcc/arm-none-eabi/12.1.0/../../../../arm-none-eabi/lib/armv6k/fpu/libg.a(lib_a-calloc.o)
                0x00000000001138dc                calloc
 .text._calloc_r
                0x00000000001138fc       0xc0 /opt/devkitpro/devkitARM/bin/../lib/gcc/arm-none-eabi/12.1.0/../../../../arm-none-eabi/lib/armv6k/fpu/libg.a(lib_a-callocr.o)
                0x00000000001138fc                _calloc_r
 .text.__errno  0x00000000001139bc        0xc /opt/devkitpro/devkitARM/bin/../lib/gcc/arm-none-eabi/12.1.0/../../../../arm-none-eabi/lib/armv6k/fpu/libg.a(lib_a-errno.o)
                0x00000000001139bc                __errno
 .text.exit     0x00000000001139c8       0x34 /opt/devkitpro/devkitARM/bin/../lib/gcc/arm-none-eabi/12.1.0/../../../../arm-none-eabi/lib/armv6k/fpu/libg.a(lib_a-exit.o)
                0x00000000001139c8                exit
 .text._fclose_r
                0x00000000001139fc      0x15c /opt/devkitpro/devkitARM/bin/../lib/gcc/arm-none-eabi/12.1.0/../../../../arm-none-eabi/lib/armv6k/fpu/libg.a(lib_a-fclose.o)
                0x00000000001139fc                _fclose_r
 .text.fclose   0x0000000000113b58       0x18 /opt/devkitpro/devkitARM/bin/../lib/gcc/arm-none-eabi/12.1.0/../../../../arm-none-eabi/lib/armv6k/fpu/libg.a(lib_a-fclose.o)
                0x0000000000113b58                fclose
 .text.__sflush_r
                0x0000000000113b70      0x234 /opt/devkitpro/devkitARM/bin/../lib/gcc/arm-none-eabi/12.1.0/../../../../arm-none-eabi/lib/armv6k/fpu/libg.a(lib_a-fflush.o)
                0x0000000000113b70                __sflush_r
 .text._fflush_r
                0x0000000000113da4       0x94 /opt/devkitpro/devkitARM/bin/../lib/gcc/arm-none-eabi/12.1.0/../../../../arm-none-eabi/lib/armv6k/fpu/libg.a(lib_a-fflush.o)
                0x0000000000113da4                _fflush_r
 .text.fflush   0x0000000000113e38       0x38 /opt/devkitpro/devkitARM/bin/../lib/gcc/arm-none-eabi/12.1.0/../../../../arm-none-eabi/lib/armv6k/fpu/libg.a(lib_a-fflush.o)
                0x0000000000113e38                fflush
 .text._cleanup_r
                0x0000000000113e70        0xc /opt/devkitpro/devkitARM/bin/../lib/gcc/arm-none-eabi/12.1.0/../../../../arm-none-eabi/lib/armv6k/fpu/libg.a(lib_a-findfp.o)
                0x0000000000113e70                _cleanup_r
 .text.__sinit  0x0000000000113e7c      0x184 /opt/devkitpro/devkitARM/bin/../lib/gcc/arm-none-eabi/12.1.0/../../../../arm-none-eabi/lib/armv6k/fpu/libg.a(lib_a-findfp.o)
                0x0000000000113e7c                __sinit
 .text.__sfp    0x0000000000114000      0x134 /opt/devkitpro/devkitARM/bin/../lib/gcc/arm-none-eabi/12.1.0/../../../../arm-none-eabi/lib/armv6k/fpu/libg.a(lib_a-findfp.o)
                0x0000000000114000                __sfp
 .text.__sfp_lock_acquire
                0x0000000000114134        0xc /opt/devkitpro/devkitARM/bin/../lib/gcc/arm-none-eabi/12.1.0/../../../../arm-none-eabi/lib/armv6k/fpu/libg.a(lib_a-findfp.o)
                0x0000000000114134                __sfp_lock_acquire
 .text.__sfp_lock_release
                0x0000000000114140        0xc /opt/devkitpro/devkitARM/bin/../lib/gcc/arm-none-eabi/12.1.0/../../../../arm-none-eabi/lib/armv6k/fpu/libg.a(lib_a-findfp.o)
                0x0000000000114140                __sfp_lock_release
 .text.__libc_fini_array
                0x000000000011414c       0x3c /opt/devkitpro/devkitARM/bin/../lib/gcc/arm-none-eabi/12.1.0/../../../../arm-none-eabi/lib/armv6k/fpu/libg.a(lib_a-fini.o)
                0x000000000011414c                __libc_fini_array
 .text._fopen_r
                0x0000000000114188      0x134 /opt/devkitpro/devkitARM/bin/../lib/gcc/arm-none-eabi/12.1.0/../../../../arm-none-eabi/lib/armv6k/fpu/libg.a(lib_a-fopen.o)
                0x0000000000114188                _fopen_r
 .text.fopen    0x00000000001142bc       0x20 /opt/devkitpro/devkitARM/bin/../lib/gcc/arm-none-eabi/12.1.0/../../../../arm-none-eabi/lib/armv6k/fpu/libg.a(lib_a-fopen.o)
                0x00000000001142bc                fopen
 .text._fread_r
                0x00000000001142dc      0x2d0 /opt/devkitpro/devkitARM/bin/../lib/gcc/arm-none-eabi/12.1.0/../../../../arm-none-eabi/lib/armv6k/fpu/libg.a(lib_a-fread.o)
                0x00000000001142dc                _fread_r
 .text.fread    0x00000000001145ac       0x38 /opt/devkitpro/devkitARM/bin/../lib/gcc/arm-none-eabi/12.1.0/../../../../arm-none-eabi/lib/armv6k/fpu/libg.a(lib_a-fread.o)
                0x00000000001145ac                fread
 .text._malloc_trim_r
                0x00000000001145e4       0xf8 /opt/devkitpro/devkitARM/bin/../lib/gcc/arm-none-eabi/12.1.0/../../../../arm-none-eabi/lib/armv6k/fpu/libg.a(lib_a-freer.o)
                0x00000000001145e4                _malloc_trim_r
 .text._free_r  0x00000000001146dc      0x2e8 /opt/devkitpro/devkitARM/bin/../lib/gcc/arm-none-eabi/12.1.0/../../../../arm-none-eabi/lib/armv6k/fpu/libg.a(lib_a-freer.o)
                0x00000000001146dc                _free_r
 .text._fseek_r
                0x00000000001149c4       0x1c /opt/devkitpro/devkitARM/bin/../lib/gcc/arm-none-eabi/12.1.0/../../../../arm-none-eabi/lib/armv6k/fpu/libg.a(lib_a-fseek.o)
                0x00000000001149c4                _fseek_r
 .text._fseeko_r
                0x00000000001149e0      0x590 /opt/devkitpro/devkitARM/bin/../lib/gcc/arm-none-eabi/12.1.0/../../../../arm-none-eabi/lib/armv6k/fpu/libg.a(lib_a-fseeko.o)
                0x00000000001149e0                _fseeko_r
 .text._fwalk   0x0000000000114f70       0x68 /opt/devkitpro/devkitARM/bin/../lib/gcc/arm-none-eabi/12.1.0/../../../../arm-none-eabi/lib/armv6k/fpu/libg.a(lib_a-fwalk.o)
                0x0000000000114f70                _fwalk
 .text._fwalk_reent
                0x0000000000114fd8       0x70 /opt/devkitpro/devkitARM/bin/../lib/gcc/arm-none-eabi/12.1.0/../../../../arm-none-eabi/lib/armv6k/fpu/libg.a(lib_a-fwalk.o)
                0x0000000000114fd8                _fwalk_reent
 .text.__libc_init_array
                0x0000000000115048       0x84 /opt/devkitpro/devkitARM/bin/../lib/gcc/arm-none-eabi/12.1.0/../../../../arm-none-eabi/lib/armv6k/fpu/libg.a(lib_a-init.o)
                0x0000000000115048                __libc_init_array
 .text.__smakebuf_r
                0x00000000001150cc      0x138 /opt/devkitpro/devkitARM/bin/../lib/gcc/arm-none-eabi/12.1.0/../../../../arm-none-eabi/lib/armv6k/fpu/libg.a(lib_a-makebuf.o)
                0x00000000001150cc                __smakebuf_r
 .text.__swhatbuf_r
                0x0000000000115204       0x8c /opt/devkitpro/devkitARM/bin/../lib/gcc/arm-none-eabi/12.1.0/../../../../arm-none-eabi/lib/armv6k/fpu/libg.a(lib_a-makebuf.o)
                0x0000000000115204                __swhatbuf_r
 .text.memalign
                0x0000000000115290       0x20 /opt/devkitpro/devkitARM/bin/../lib/gcc/arm-none-eabi/12.1.0/../../../../arm-none-eabi/lib/armv6k/fpu/libg.a(lib_a-malign.o)
                0x0000000000115290                memalign
 .text._memalign_r
                0x00000000001152b0      0x14c /opt/devkitpro/devkitARM/bin/../lib/gcc/arm-none-eabi/12.1.0/../../../../arm-none-eabi/lib/armv6k/fpu/libg.a(lib_a-malignr.o)
                0x00000000001152b0                _memalign_r
 .text.malloc   0x00000000001153fc       0x18 /opt/devkitpro/devkitARM/bin/../lib/gcc/arm-none-eabi/12.1.0/../../../../arm-none-eabi/lib/armv6k/fpu/libg.a(lib_a-malloc.o)
                0x00000000001153fc                malloc
 .text.free     0x0000000000115414       0x18 /opt/devkitpro/devkitARM/bin/../lib/gcc/arm-none-eabi/12.1.0/../../../../arm-none-eabi/lib/armv6k/fpu/libg.a(lib_a-malloc.o)
                0x0000000000115414                free
 .text._malloc_r
                0x000000000011542c      0x7e4 /opt/devkitpro/devkitARM/bin/../lib/gcc/arm-none-eabi/12.1.0/../../../../arm-none-eabi/lib/armv6k/fpu/libg.a(lib_a-mallocr.o)
                0x000000000011542c                _malloc_r
 .text.memchr   0x0000000000115c10       0xe4 /opt/devkitpro/devkitARM/bin/../lib/gcc/arm-none-eabi/12.1.0/../../../../arm-none-eabi/lib/armv6k/fpu/libg.a(lib_a-memchr-stub.o)
                0x0000000000115c10                memchr
 .text.memcmp   0x0000000000115cf4       0xb0 /opt/devkitpro/devkitARM/bin/../lib/gcc/arm-none-eabi/12.1.0/../../../../arm-none-eabi/lib/armv6k/fpu/libg.a(lib_a-memcmp.o)
                0x0000000000115cf4                memcmp
 .text.memcpy   0x0000000000115da4      0x118 /opt/devkitpro/devkitARM/bin/../lib/gcc/arm-none-eabi/12.1.0/../../../../arm-none-eabi/lib/armv6k/fpu/libg.a(lib_a-memcpy-stub.o)
                0x0000000000115da4                memcpy
 .text.memset   0x0000000000115ebc       0xf4 /opt/devkitpro/devkitARM/bin/../lib/gcc/arm-none-eabi/12.1.0/../../../../arm-none-eabi/lib/armv6k/fpu/libg.a(lib_a-memset.o)
                0x0000000000115ebc                memset
 .text.__malloc_lock
                0x0000000000115fb0        0xc /opt/devkitpro/devkitARM/bin/../lib/gcc/arm-none-eabi/12.1.0/../../../../arm-none-eabi/lib/armv6k/fpu/libg.a(lib_a-mlock.o)
                0x0000000000115fb0                __malloc_lock
 .text.__malloc_unlock
                0x0000000000115fbc        0xc /opt/devkitpro/devkitARM/bin/../lib/gcc/arm-none-eabi/12.1.0/../../../../arm-none-eabi/lib/armv6k/fpu/libg.a(lib_a-mlock.o)
                0x0000000000115fbc                __malloc_unlock
 .text.printf   0x0000000000115fc8       0x34 /opt/devkitpro/devkitARM/bin/../lib/gcc/arm-none-eabi/12.1.0/../../../../arm-none-eabi/lib/armv6k/fpu/libg.a(lib_a-printf.o)
                0x0000000000115fc8                printf
 .text.lflush   0x0000000000115ffc       0x1c /opt/devkitpro/devkitARM/bin/../lib/gcc/arm-none-eabi/12.1.0/../../../../arm-none-eabi/lib/armv6k/fpu/libg.a(lib_a-refill.o)
 .text.__srefill_r
                0x0000000000116018      0x198 /opt/devkitpro/devkitARM/bin/../lib/gcc/arm-none-eabi/12.1.0/../../../../arm-none-eabi/lib/armv6k/fpu/libg.a(lib_a-refill.o)
                0x0000000000116018                __srefill_r
 .text.setvbuf  0x00000000001161b0      0x25c /opt/devkitpro/devkitARM/bin/../lib/gcc/arm-none-eabi/12.1.0/../../../../arm-none-eabi/lib/armv6k/fpu/libg.a(lib_a-setvbuf.o)
                0x00000000001161b0                setvbuf
 .text.sscanf   0x000000000011640c       0x74 /opt/devkitpro/devkitARM/bin/../lib/gcc/arm-none-eabi/12.1.0/../../../../arm-none-eabi/lib/armv6k/fpu/libg.a(lib_a-sscanf.o)
                0x000000000011640c                sscanf
 .text.__sread  0x0000000000116480       0x44 /opt/devkitpro/devkitARM/bin/../lib/gcc/arm-none-eabi/12.1.0/../../../../arm-none-eabi/lib/armv6k/fpu/libg.a(lib_a-stdio.o)
                0x0000000000116480                __sread
 .text.__seofread
                0x00000000001164c4        0x8 /opt/devkitpro/devkitARM/bin/../lib/gcc/arm-none-eabi/12.1.0/../../../../arm-none-eabi/lib/armv6k/fpu/libg.a(lib_a-stdio.o)
                0x00000000001164c4                __seofread
 .text.__swrite
                0x00000000001164cc       0x68 /opt/devkitpro/devkitARM/bin/../lib/gcc/arm-none-eabi/12.1.0/../../../../arm-none-eabi/lib/armv6k/fpu/libg.a(lib_a-stdio.o)
                0x00000000001164cc                __swrite
 .text.__sseek  0x0000000000116534       0x44 /opt/devkitpro/devkitARM/bin/../lib/gcc/arm-none-eabi/12.1.0/../../../../arm-none-eabi/lib/armv6k/fpu/libg.a(lib_a-stdio.o)
                0x0000000000116534                __sseek
 .text.__sclose
                0x0000000000116578        0x8 /opt/devkitpro/devkitARM/bin/../lib/gcc/arm-none-eabi/12.1.0/../../../../arm-none-eabi/lib/armv6k/fpu/libg.a(lib_a-stdio.o)
                0x0000000000116578                __sclose
 .text.strchr   0x0000000000116580      0x130 /opt/devkitpro/devkitARM/bin/../lib/gcc/arm-none-eabi/12.1.0/../../../../arm-none-eabi/lib/armv6k/fpu/libg.a(lib_a-strchr.o)
                0x0000000000116580                strchr
 .text.strlen   0x00000000001166b0       0x5c /opt/devkitpro/devkitARM/bin/../lib/gcc/arm-none-eabi/12.1.0/../../../../arm-none-eabi/lib/armv6k/fpu/libg.a(lib_a-strlen-stub.o)
                0x00000000001166b0                strlen
 .text.strncat  0x000000000011670c       0xe4 /opt/devkitpro/devkitARM/bin/../lib/gcc/arm-none-eabi/12.1.0/../../../../arm-none-eabi/lib/armv6k/fpu/libg.a(lib_a-strncat.o)
                0x000000000011670c                strncat
 .text.strncmp  0x00000000001167f0       0xe4 /opt/devkitpro/devkitARM/bin/../lib/gcc/arm-none-eabi/12.1.0/../../../../arm-none-eabi/lib/armv6k/fpu/libg.a(lib_a-strncmp.o)
                0x00000000001167f0                strncmp
 .text.strncpy  0x00000000001168d4       0xc4 /opt/devkitpro/devkitARM/bin/../lib/gcc/arm-none-eabi/12.1.0/../../../../arm-none-eabi/lib/armv6k/fpu/libg.a(lib_a-strncpy.o)
                0x00000000001168d4                strncpy
 .text.strnlen  0x0000000000116998       0x48 /opt/devkitpro/devkitARM/bin/../lib/gcc/arm-none-eabi/12.1.0/../../../../arm-none-eabi/lib/armv6k/fpu/libg.a(lib_a-strnlen.o)
                0x0000000000116998                strnlen
 .text._strtoul_l.constprop.0
                0x00000000001169e0      0x1c4 /opt/devkitpro/devkitARM/bin/../lib/gcc/arm-none-eabi/12.1.0/../../../../arm-none-eabi/lib/armv6k/fpu/libg.a(lib_a-strtoul.o)
 .text._strtoul_r
                0x0000000000116ba4        0x4 /opt/devkitpro/devkitARM/bin/../lib/gcc/arm-none-eabi/12.1.0/../../../../arm-none-eabi/lib/armv6k/fpu/libg.a(lib_a-strtoul.o)
                0x0000000000116ba4                _strtoul_r
 .text.strtoul  0x0000000000116ba8       0x28 /opt/devkitpro/devkitARM/bin/../lib/gcc/arm-none-eabi/12.1.0/../../../../arm-none-eabi/lib/armv6k/fpu/libg.a(lib_a-strtoul.o)
                0x0000000000116ba8                strtoul
 .text.get_arg  0x0000000000116bd0       0x50 /opt/devkitpro/devkitARM/bin/../lib/gcc/arm-none-eabi/12.1.0/../../../../arm-none-eabi/lib/armv6k/fpu/libg.a(lib_a-svfscanf.o)
 .text.__ssvfscanf_r
                0x0000000000116c20     0x2c38 /opt/devkitpro/devkitARM/bin/../lib/gcc/arm-none-eabi/12.1.0/../../../../arm-none-eabi/lib/armv6k/fpu/libg.a(lib_a-svfscanf.o)
                0x0000000000116c20                __ssvfscanf_r
 .text.time     0x0000000000119858       0x3c /opt/devkitpro/devkitARM/bin/../lib/gcc/arm-none-eabi/12.1.0/../../../../arm-none-eabi/lib/armv6k/fpu/libg.a(lib_a-time.o)
                0x0000000000119858                time
 .text.get_arg  0x0000000000119894      0x66c /opt/devkitpro/devkitARM/bin/../lib/gcc/arm-none-eabi/12.1.0/../../../../arm-none-eabi/lib/armv6k/fpu/libg.a(lib_a-vfprintf.o)
 .text._vfprintf_r
                0x0000000000119f00     0x339c /opt/devkitpro/devkitARM/bin/../lib/gcc/arm-none-eabi/12.1.0/../../../../arm-none-eabi/lib/armv6k/fpu/libg.a(lib_a-vfprintf.o)
                0x0000000000119f00                _vfprintf_r
 .text.__sbprintf
                0x000000000011d29c       0xd0 /opt/devkitpro/devkitARM/bin/../lib/gcc/arm-none-eabi/12.1.0/../../../../arm-none-eabi/lib/armv6k/fpu/libg.a(lib_a-vfprintf.o)
 .text._wcrtomb_r
                0x000000000011d36c       0x54 /opt/devkitpro/devkitARM/bin/../lib/gcc/arm-none-eabi/12.1.0/../../../../arm-none-eabi/lib/armv6k/fpu/libg.a(lib_a-wcrtomb.o)
                0x000000000011d36c                _wcrtomb_r
 .text._wcsrtombs_r
                0x000000000011d3c0       0x28 /opt/devkitpro/devkitARM/bin/../lib/gcc/arm-none-eabi/12.1.0/../../../../arm-none-eabi/lib/armv6k/fpu/libg.a(lib_a-wcsrtombs.o)
                0x000000000011d3c0                _wcsrtombs_r
 .text.__swsetup_r
                0x000000000011d3e8      0x13c /opt/devkitpro/devkitARM/bin/../lib/gcc/arm-none-eabi/12.1.0/../../../../arm-none-eabi/lib/armv6k/fpu/libg.a(lib_a-wsetup.o)
                0x000000000011d3e8                __swsetup_r
 .text.__call_exitprocs
                0x000000000011d524      0x114 /opt/devkitpro/devkitARM/bin/../lib/gcc/arm-none-eabi/12.1.0/../../../../arm-none-eabi/lib/armv6k/fpu/libg.a(lib_a-__call_atexit.o)
                0x000000000011d524                __call_exitprocs
 .text.quorem   0x000000000011d638      0x1b0 /opt/devkitpro/devkitARM/bin/../lib/gcc/arm-none-eabi/12.1.0/../../../../arm-none-eabi/lib/armv6k/fpu/libg.a(lib_a-dtoa.o)
 .text._dtoa_r  0x000000000011d7e8     0x11f8 /opt/devkitpro/devkitARM/bin/../lib/gcc/arm-none-eabi/12.1.0/../../../../arm-none-eabi/lib/armv6k/fpu/libg.a(lib_a-dtoa.o)
                0x000000000011d7e8                _dtoa_r
 .text.__sflags
                0x000000000011e9e0       0xc8 /opt/devkitpro/devkitARM/bin/../lib/gcc/arm-none-eabi/12.1.0/../../../../arm-none-eabi/lib/armv6k/fpu/libg.a(lib_a-flags.o)
                0x000000000011e9e0                __sflags
 .text.iswspace
                0x000000000011eaa8        0x8 /opt/devkitpro/devkitARM/bin/../lib/gcc/arm-none-eabi/12.1.0/../../../../arm-none-eabi/lib/armv6k/fpu/libg.a(lib_a-iswspace.o)
                0x000000000011eaa8                iswspace
 .text._localeconv_r
                0x000000000011eab0        0xc /opt/devkitpro/devkitARM/bin/../lib/gcc/arm-none-eabi/12.1.0/../../../../arm-none-eabi/lib/armv6k/fpu/libg.a(lib_a-localeconv.o)
                0x000000000011eab0                _localeconv_r
 .text.__locale_mb_cur_max
                0x000000000011eabc       0x10 /opt/devkitpro/devkitARM/bin/../lib/gcc/arm-none-eabi/12.1.0/../../../../arm-none-eabi/lib/armv6k/fpu/libg.a(lib_a-locale.o)
                0x000000000011eabc                __locale_mb_cur_max
 .text._mbrtowc_r
                0x000000000011eacc       0x68 /opt/devkitpro/devkitARM/bin/../lib/gcc/arm-none-eabi/12.1.0/../../../../arm-none-eabi/lib/armv6k/fpu/libg.a(lib_a-mbrtowc.o)
                0x000000000011eacc                _mbrtowc_r
 .text.__utf8_mbtowc
                0x000000000011eb34      0x2f8 /opt/devkitpro/devkitARM/bin/../lib/gcc/arm-none-eabi/12.1.0/../../../../arm-none-eabi/lib/armv6k/fpu/libg.a(lib_a-mbtowc_r.o)
                0x000000000011eb34                __utf8_mbtowc
 .text._Balloc  0x000000000011ee2c       0x88 /opt/devkitpro/devkitARM/bin/../lib/gcc/arm-none-eabi/12.1.0/../../../../arm-none-eabi/lib/armv6k/fpu/libg.a(lib_a-mprec.o)
                0x000000000011ee2c                _Balloc
 .text._Bfree   0x000000000011eeb4       0x1c /opt/devkitpro/devkitARM/bin/../lib/gcc/arm-none-eabi/12.1.0/../../../../arm-none-eabi/lib/armv6k/fpu/libg.a(lib_a-mprec.o)
                0x000000000011eeb4                _Bfree
 .text.__multadd
                0x000000000011eed0       0xf4 /opt/devkitpro/devkitARM/bin/../lib/gcc/arm-none-eabi/12.1.0/../../../../arm-none-eabi/lib/armv6k/fpu/libg.a(lib_a-mprec.o)
                0x000000000011eed0                __multadd
 .text.__s2b    0x000000000011efc4      0x110 /opt/devkitpro/devkitARM/bin/../lib/gcc/arm-none-eabi/12.1.0/../../../../arm-none-eabi/lib/armv6k/fpu/libg.a(lib_a-mprec.o)
                0x000000000011efc4                __s2b
 .text.__hi0bits
                0x000000000011f0d4       0x60 /opt/devkitpro/devkitARM/bin/../lib/gcc/arm-none-eabi/12.1.0/../../../../arm-none-eabi/lib/armv6k/fpu/libg.a(lib_a-mprec.o)
                0x000000000011f0d4                __hi0bits
 .text.__lo0bits
                0x000000000011f134       0x9c /opt/devkitpro/devkitARM/bin/../lib/gcc/arm-none-eabi/12.1.0/../../../../arm-none-eabi/lib/armv6k/fpu/libg.a(lib_a-mprec.o)
                0x000000000011f134                __lo0bits
 .text.__i2b    0x000000000011f1d0       0xa8 /opt/devkitpro/devkitARM/bin/../lib/gcc/arm-none-eabi/12.1.0/../../../../arm-none-eabi/lib/armv6k/fpu/libg.a(lib_a-mprec.o)
                0x000000000011f1d0                __i2b
 .text.__multiply
                0x000000000011f278      0x204 /opt/devkitpro/devkitARM/bin/../lib/gcc/arm-none-eabi/12.1.0/../../../../arm-none-eabi/lib/armv6k/fpu/libg.a(lib_a-mprec.o)
                0x000000000011f278                __multiply
 .text.__pow5mult
                0x000000000011f47c      0x124 /opt/devkitpro/devkitARM/bin/../lib/gcc/arm-none-eabi/12.1.0/../../../../arm-none-eabi/lib/armv6k/fpu/libg.a(lib_a-mprec.o)
                0x000000000011f47c                __pow5mult
 .text.__lshift
                0x000000000011f5a0      0x140 /opt/devkitpro/devkitARM/bin/../lib/gcc/arm-none-eabi/12.1.0/../../../../arm-none-eabi/lib/armv6k/fpu/libg.a(lib_a-mprec.o)
                0x000000000011f5a0                __lshift
 .text.__mcmp   0x000000000011f6e0       0x58 /opt/devkitpro/devkitARM/bin/../lib/gcc/arm-none-eabi/12.1.0/../../../../arm-none-eabi/lib/armv6k/fpu/libg.a(lib_a-mprec.o)
                0x000000000011f6e0                __mcmp
 .text.__mdiff  0x000000000011f738      0x1ec /opt/devkitpro/devkitARM/bin/../lib/gcc/arm-none-eabi/12.1.0/../../../../arm-none-eabi/lib/armv6k/fpu/libg.a(lib_a-mprec.o)
                0x000000000011f738                __mdiff
 .text.__ulp    0x000000000011f924       0x68 /opt/devkitpro/devkitARM/bin/../lib/gcc/arm-none-eabi/12.1.0/../../../../arm-none-eabi/lib/armv6k/fpu/libg.a(lib_a-mprec.o)
                0x000000000011f924                __ulp
 .text.__b2d    0x000000000011f98c       0xd0 /opt/devkitpro/devkitARM/bin/../lib/gcc/arm-none-eabi/12.1.0/../../../../arm-none-eabi/lib/armv6k/fpu/libg.a(lib_a-mprec.o)
                0x000000000011f98c                __b2d
 .text.__d2b    0x000000000011fa5c      0x120 /opt/devkitpro/devkitARM/bin/../lib/gcc/arm-none-eabi/12.1.0/../../../../arm-none-eabi/lib/armv6k/fpu/libg.a(lib_a-mprec.o)
                0x000000000011fa5c                __d2b
 .text.__ratio  0x000000000011fb7c       0x78 /opt/devkitpro/devkitARM/bin/../lib/gcc/arm-none-eabi/12.1.0/../../../../arm-none-eabi/lib/armv6k/fpu/libg.a(lib_a-mprec.o)
                0x000000000011fb7c                __ratio
 .text.__copybits
                0x000000000011fbf4       0x88 /opt/devkitpro/devkitARM/bin/../lib/gcc/arm-none-eabi/12.1.0/../../../../arm-none-eabi/lib/armv6k/fpu/libg.a(lib_a-mprec.o)
                0x000000000011fbf4                __copybits